###############################################################################
#
# IAR ELF Linker V9.30.1.335/W64 for ARM                  27/Mar/2023  14:30:43
# Copyright 2007-2022 IAR Systems AB.
#
#    Output file  =
#        R:\SourceCode\TIVA\Development\dev001\middleware\TivaWare_C_Series-2.2.0.295\examples\boards\dk-tm4c129x\uart_echo\ewarm\Exe\uart_echo.out
#    Map file     =
#        R:\SourceCode\TIVA\Development\dev001\middleware\TivaWare_C_Series-2.2.0.295\examples\boards\dk-tm4c129x\uart_echo\ewarm\List\uart_echo.map
#    Command line =
#        -f
#        R:\SourceCode\TIVA\Development\dev001\middleware\TivaWare_C_Series-2.2.0.295\examples\boards\dk-tm4c129x\uart_echo\ewarm\Exe\uart_echo.out.rsp
#        (R:\SourceCode\TIVA\Development\dev001\middleware\TivaWare_C_Series-2.2.0.295\driverlib\ewarm\Exe\driverlib.a
#        R:\SourceCode\TIVA\Development\dev001\middleware\TivaWare_C_Series-2.2.0.295\examples\boards\dk-tm4c129x\uart_echo\ewarm\Obj\Source\frame.o
#        R:\SourceCode\TIVA\Development\dev001\middleware\TivaWare_C_Series-2.2.0.295\grlib\ewarm\Exe\grlib.a
#        R:\SourceCode\TIVA\Development\dev001\middleware\TivaWare_C_Series-2.2.0.295\examples\boards\dk-tm4c129x\uart_echo\ewarm\Obj\Source\kentec320x240x16_ssd2119.o
#        R:\SourceCode\TIVA\Development\dev001\middleware\TivaWare_C_Series-2.2.0.295\examples\boards\dk-tm4c129x\uart_echo\ewarm\Obj\Source\pinout.o
#        R:\SourceCode\TIVA\Development\dev001\middleware\TivaWare_C_Series-2.2.0.295\examples\boards\dk-tm4c129x\uart_echo\ewarm\Obj\Source\startup_ewarm.o
#        R:\SourceCode\TIVA\Development\dev001\middleware\TivaWare_C_Series-2.2.0.295\examples\boards\dk-tm4c129x\uart_echo\ewarm\Obj\Source\uart_echo.o
#        --redirect _Printf=_PrintfTiny --redirect _Scanf=_ScanfSmallNoMb
#        --no_out_extension -o
#        R:\SourceCode\TIVA\Development\dev001\middleware\TivaWare_C_Series-2.2.0.295\examples\boards\dk-tm4c129x\uart_echo\ewarm\Exe\uart_echo.out
#        --map
#        R:\SourceCode\TIVA\Development\dev001\middleware\TivaWare_C_Series-2.2.0.295\examples\boards\dk-tm4c129x\uart_echo\ewarm\List\uart_echo.map
#        --config
#        R:\SourceCode\TIVA\Development\dev001\middleware\TivaWare_C_Series-2.2.0.295\examples\boards\dk-tm4c129x\uart_echo\uart_echo.icf
#        --semihosting --entry __iar_program_start --vfe --text_out locale
#        --cpu=Cortex-M4 --fpu=VFPv4_sp)
#
###############################################################################

*******************************************************************************
*** MESSAGES
***

Warning[Lt009]: Inconsistent wchar_t size
            context.o(grlib.a) and 10 other objects in grlib.a and 7 other
                      libraries have wchar_t size 16 bits
            frame.o and 17 other objects, some of them in dl7M_tln.a and 11
                      other libraries have wchar_t size 32 bits


*******************************************************************************
*** RUNTIME MODEL ATTRIBUTES
***

CppFlavor       = *
__CPP_Runtime   = 1
__SystemLibrary = DLib
__dlib_version  = 6


*******************************************************************************
*** HEAP SELECTION
***

The basic heap was selected because --advanced_heap
was not specified and the application did not appear to
be primarily optimized for speed.


*******************************************************************************
*** PLACEMENT SUMMARY
***

"A0":  place at start of [from 0x0 to 0xf'ffff] { ro section .intvec };
"P1":  place in [from 0x0 to 0xf'ffff] { ro };
define block HEAP with size = 0, alignment = 8 { };
"P2":  place in [from 0x2000'0000 to 0x2003'ffff] { rw, block HEAP };
do not initialize { section .noinit };

No sections matched the following patterns:

  section VTABLE  in "A1"


  Section          Kind         Address    Size  Object
  -------          ----         -------    ----  ------
"A0":                                     0x200
  .intvec          const            0x0   0x200  startup_ewarm.o [1]
                                - 0x200   0x200

"P1":                                    0x5ab4
  .rodata          const          0x200  0x30e4  frame.o [1]
  .rodata          const         0x32e4   0x84c  fontcmss18b.o [4]
  .text            ro code       0x3b30   0x5c0  image.o [4]
  .text            ro code       0x40f0     0x6  ABImemclr4.o [6]
  .text            ro code       0x40f8    0x32  ABImemset48.o [6]
  .text            ro code       0x412c   0x4f8  kentec320x240x16_ssd2119.o [1]
  .text            ro code       0x4624    0x72  lcd.o [3]
  .text            ro code       0x4698   0x4c4  sysctl.o [3]
  .text            ro code       0x4b5c   0x1d0  gpio.o [3]
  .text            ro code       0x4d2c   0x4ea  string.o [4]
  .text            ro code       0x5218   0x438  pinout.o [1]
  .text            ro code       0x5650   0x214  frame.o [1]
  .text            ro code       0x5864    0xd8  context.o [4]
  .text            ro code       0x593c   0x200  uart_echo.o [1]
  .text            ro code       0x5b3c    0x1c  uart.o [3]
  .text            ro code       0x5b58    0x10  interrupt.o [3]
  .text            ro code       0x5b68     0x8  cpu.o [3]
  .text            ro code       0x5b70    0x38  zero_init3.o [6]
  .rodata          const         0x5ba8    0x28  kentec320x240x16_ssd2119.o [1]
  .text            ro code       0x5bd0    0x28  data_init.o [6]
  .text            ro code       0x5bf8    0x22  fpinit_M.o [5]
  .iar.init_table  const         0x5c1c    0x10  - Linker created -
  .text            ro code       0x5c2c    0x1e  cmain.o [6]
  .text            ro code       0x5c4a     0x4  low_level_init.o [2]
  .text            ro code       0x5c4e     0x4  exit.o [2]
  .text            ro code       0x5c54     0xa  cexit.o [6]
  .text            ro code       0x5c60    0x14  exit.o [7]
  .text            ro code       0x5c74    0x1c  cstartup_M.o [6]
  .text            ro code       0x5c90    0x1a  startup_ewarm.o [1]
  .text            ro code       0x5cac     0x8  charmap.o [4]
  .rodata          const         0x5cb4     0x0  zero_init3.o [6]
                               - 0x5cb4  0x5ab4

"P2", part 1 of 2:                         0x24
  .bss             zero     0x2000'0000    0x20  image.o [4]
  .bss             zero     0x2000'0020     0x4  context.o [4]
                          - 0x2000'0024    0x24

"P2", part 2 of 2:                        0x200
  .noinit          uninit   0x2000'0024   0x200  startup_ewarm.o [1]
                          - 0x2000'0224   0x200

Unused ranges:

         From           To      Size
         ----           --      ----
       0x5cb4     0xf'ffff  0xf'a34c
  0x2000'0224  0x2003'ffff  0x3'fddc


*******************************************************************************
*** INIT TABLE
***

          Address      Size
          -------      ----
Zero (__iar_zero_init3)
    1 destination range, total size 0x24:
          0x2000'0000  0x24



*******************************************************************************
*** MODULE SUMMARY
***

    Module                      ro code  ro data  rw data
    ------                      -------  -------  -------
command line/config:
    -----------------------------------------------------
    Total:

R:\SourceCode\TIVA\Development\dev001\middleware\TivaWare_C_Series-2.2.0.295\examples\boards\dk-tm4c129x\uart_echo\ewarm\Obj\Source: [1]
    frame.o                         532   12'516
    kentec320x240x16_ssd2119.o    1'272       40
    pinout.o                      1'080
    startup_ewarm.o                  26      512      512
    uart_echo.o                     512
    -----------------------------------------------------
    Total:                        3'422   13'068      512

dl7M_tln.a: [2]
    exit.o                            4
    low_level_init.o                  4
    -----------------------------------------------------
    Total:                            8

driverlib.a: [3]
    cpu.o                             8
    gpio.o                          464
    interrupt.o                      16
    lcd.o                           114
    sysctl.o                      1'220
    uart.o                           28
    -----------------------------------------------------
    Total:                        1'850

grlib.a: [4]
    charmap.o                         8
    context.o                       216                 4
    fontcmss18b.o                          2'124
    image.o                       1'472                32
    string.o                      1'258
    -----------------------------------------------------
    Total:                        2'954    2'124       36

m7M_tls.a: [5]
    fpinit_M.o                       34
    -----------------------------------------------------
    Total:                           34

rt7M_tl.a: [6]
    ABImemclr4.o                      6
    ABImemset48.o                    50
    cexit.o                          10
    cmain.o                          30
    cstartup_M.o                     28
    data_init.o                      40
    zero_init3.o                     56
    -----------------------------------------------------
    Total:                          220

shb_l.a: [7]
    exit.o                           20
    -----------------------------------------------------
    Total:                           20

    Gaps                             14        2
    Linker created                            16
---------------------------------------------------------
    Grand Total:                  8'522   15'210      548


*******************************************************************************
*** ENTRY LIST
***

Entry                       Address    Size  Type      Object
-----                       -------    ----  ----      ------
.iar.init_table$$Base        0x5c1c           --   Gb  - Linker created -
.iar.init_table$$Limit       0x5c2c           --   Gb  - Linker created -
?main                        0x5c2d          Code  Gb  cmain.o [6]
CPUcpsie                     0x5b69     0x8  Code  Gb  cpu.o [3]
FaultISR                     0x5ca7     0x2  Code  Lc  startup_ewarm.o [1]
FrameDraw                    0x5651   0x1bc  Code  Gb  frame.o [1]
GPIODirModeSet               0x4b5d    0x28  Code  Gb  gpio.o [3]
GPIOPadConfigSet             0x4b85   0x174  Code  Gb  gpio.o [3]
GPIOPinTypeEthernetLED       0x4d19     0x4  Code  Gb  gpio.o [3]
GPIOPinTypeLCD               0x4d1d     0x4  Code  Gb  gpio.o [3]
GPIOPinWrite                 0x4cf9     0x6  Code  Gb  gpio.o [3]
GrContextClipRegionSet       0x58cd    0x5e  Code  Gb  context.o [4]
GrContextFontSet             0x5213     0x4  Code  Gb  string.o [4]
GrContextInit                0x5865    0x5e  Code  Gb  context.o [4]
GrDefaultStringRenderer
                             0x4dad    0xb2  Code  Gb  string.o [4]
GrFontBaselineGet            0x5105    0x18  Code  Gb  string.o [4]
GrFontCodepageGet            0x51b7    0x1c  Code  Gb  string.o [4]
GrFontGlyphDataGet           0x5133    0x84  Code  Gb  string.o [4]
GrFontGlyphRender            0x4e8f   0x21e  Code  Gb  string.o [4]
GrFontInfoGet                0x50db    0x2a  Code  Gb  string.o [4]
GrImageDraw                  0x40e3     0x6  Code  Gb  image.o [4]
GrMapISO8859_1_Unicode       0x5cad     0x8  Code  Gb  charmap.o [4]
GrStringDraw                 0x4d97    0x16  Code  Gb  string.o [4]
GrStringNextCharGet          0x4e5f    0x30  Code  Gb  string.o [4]
GrStringWidthGet             0x4d2d    0x6a  Code  Gb  string.o [4]
IntDefaultHandler            0x5ca9     0x2  Code  Lc  startup_ewarm.o [1]
IntMasterEnable              0x5b59     0x8  Code  Gb  interrupt.o [3]
InternalImageDraw            0x3d8b   0x33e  Code  Lc  image.o [4]
Kentec320x240x16_SSD2119ColorTranslate
                             0x439f    0x16  Code  Lc  kentec320x240x16_ssd2119.o [1]
Kentec320x240x16_SSD2119Flush
                             0x43b5     0x2  Code  Lc  kentec320x240x16_ssd2119.o [1]
Kentec320x240x16_SSD2119Init
                             0x43b7   0x24e  Code  Gb  kentec320x240x16_ssd2119.o [1]
Kentec320x240x16_SSD2119LineDrawH
                             0x426f    0x32  Code  Lc  kentec320x240x16_ssd2119.o [1]
Kentec320x240x16_SSD2119LineDrawV
                             0x42a1    0x36  Code  Lc  kentec320x240x16_ssd2119.o [1]
Kentec320x240x16_SSD2119PixelDraw
                             0x415b    0x26  Code  Lc  kentec320x240x16_ssd2119.o [1]
Kentec320x240x16_SSD2119PixelDrawMultiple
                             0x4181    0xd2  Code  Lc  kentec320x240x16_ssd2119.o [1]
Kentec320x240x16_SSD2119RectFill
                             0x42f3    0xa6  Code  Lc  kentec320x240x16_ssd2119.o [1]
LCDDMAConfigSet              0x4693     0x4  Code  Gb  lcd.o [3]
LCDIDDCommandWrite           0x467b     0xc  Code  Gb  lcd.o [3]
LCDIDDConfigSet              0x4643     0x4  Code  Gb  lcd.o [3]
LCDIDDDataWrite              0x4687     0xc  Code  Gb  lcd.o [3]
LCDIDDTimingSet              0x4647    0x34  Code  Gb  lcd.o [3]
LCDModeSet                   0x4625    0x1e  Code  Gb  lcd.o [3]
NmiSR                        0x5ca5     0x2  Code  Lc  startup_ewarm.o [1]
PinoutSet                    0x5219   0x438  Code  Gb  pinout.o [1]
PixelTransparentDraw         0x3b31   0x226  Code  Lc  image.o [4]
Region$$Table$$Base          0x5c1c           --   Gb  - Linker created -
Region$$Table$$Limit         0x5c2c           --   Gb  - Linker created -
ResetISR                     0x5c91     0xe  Code  Gb  startup_ewarm.o [1]
SysCtlClockFreqSet           0x46dd   0x204  Code  Gb  sysctl.o [3]
SysCtlDelay                  0x46d5     0x8  Code  Gb  sysctl.o [3]
SysCtlPeripheralEnable       0x46b9     0x8  Code  Gb  sysctl.o [3]
UARTCharGetNonBlocking       0x5b3d     0xe  Code  Gb  uart.o [3]
UARTCharPutNonBlocking       0x5b4b     0xe  Code  Gb  uart.o [3]
UARTIntHandler               0x593d    0x38  Code  Gb  uart_echo.o [1]
UARTSend                     0x5975    0x1c  Code  Gb  uart_echo.o [1]
UpdateContextCharMapping
                             0x51d3    0x40  Code  Lc  string.o [4]
WriteCommand                 0x414f     0xc  Code  Lc  kentec320x240x16_ssd2119.o [1]
WriteData                    0x412d    0x22  Code  Lc  kentec320x240x16_ssd2119.o [1]
_SysCtlMemTimingGet          0x4699    0x20  Code  Lc  sysctl.o [3]
__aeabi_memclr4              0x40f1          Code  Gb  ABImemclr4.o [6]
__cmain                      0x5c2d          Code  Gb  cmain.o [6]
__exit                       0x5c61    0x14  Code  Gb  exit.o [7]
__iar_Memset4_word           0x40f9          Code  Gb  ABImemset48.o [6]
__iar_Memset8_word           0x40f9          Code  Gb  ABImemset48.o [6]
__iar_data_init3             0x5bd1    0x28  Code  Gb  data_init.o [6]
__iar_init_vfp               0x5bf9          Code  Gb  fpinit_M.o [5]
__iar_program_start          0x5c75          Code  Gb  cstartup_M.o [6]
__iar_zero_init3             0x5b71    0x38  Code  Gb  zero_init3.o [6]
__low_level_init             0x5c4b     0x4  Code  Gb  low_level_init.o [2]
__vector_table                  0x0   0x200  Data  Gb  startup_ewarm.o [1]
_call_main                   0x5c39          Code  Gb  cmain.o [6]
_exit                        0x5c55          Code  Gb  cexit.o [6]
exit                         0x5c4f     0x4  Code  Gb  exit.o [2]
g_pppui32XTALtoVCO           0x4974   0x1b0  Data  Lc  sysctl.o [3]
g_psDefaultCodePointMapTable
                             0x592c    0x10  Data  Gb  context.o [4]
g_psGrLibDefaults       0x2000'0020     0x4  Data  Lc  context.o [4]
g_pui32VCOFrequencies        0x4b54     0x8  Data  Lc  sysctl.o [3]
g_pui32Xtals                 0x4908    0x6c  Data  Lc  sysctl.o [3]
g_pui8Bottom                 0x2a98   0x788  Data  Lc  frame.o [1]
g_pui8BottomLeft             0x29c8    0xd0  Data  Lc  frame.o [1]
g_pui8BottomRight            0x3220    0xc4  Data  Lc  frame.o [1]
g_pui8Cmss18bData            0x32e4   0x784  Data  Lc  fontcmss18b.o [4]
g_pui8Dictionary        0x2000'0000    0x20  Data  Lc  image.o [4]
g_pui8Left                   0x1f38   0x548  Data  Lc  frame.o [1]
g_pui8Right                  0x2480   0x548  Data  Lc  frame.o [1]
g_pui8Top                     0x37c  0x1a48  Data  Lc  frame.o [1]
g_pui8TopLeft                 0x200   0x17c  Data  Lc  frame.o [1]
g_pui8TopRight               0x1dc4   0x174  Data  Lc  frame.o [1]
g_sFontCmss18b               0x3a68    0xc8  Data  Gb  fontcmss18b.o [4]
g_sKentec320x240x16_SSD2119
                             0x5ba8    0x28  Data  Gb  kentec320x240x16_ssd2119.o [1]
g_sXTALtoMEMTIM              0x4b24    0x30  Data  Lc  sysctl.o [3]
main                         0x5991   0x104  Code  Gb  uart_echo.o [1]
pui32Stack              0x2000'0024   0x200  Data  Lc  startup_ewarm.o [1]


[1] = R:\SourceCode\TIVA\Development\dev001\middleware\TivaWare_C_Series-2.2.0.295\examples\boards\dk-tm4c129x\uart_echo\ewarm\Obj\Source
[2] = dl7M_tln.a
[3] = driverlib.a
[4] = grlib.a
[5] = m7M_tls.a
[6] = rt7M_tl.a
[7] = shb_l.a

   8'522 bytes of readonly  code memory
  15'210 bytes of readonly  data memory
     548 bytes of readwrite data memory

Errors: none
Warnings: 1
