###############################################################################
#
# IAR ELF Linker V9.30.1.335/W64 for ARM                  08/Mar/2023  09:46:18
# Copyright 2007-2022 IAR Systems AB.
#
#    Output file  =
#        R:\SourceCode\TIVA\Development\dev001\middleware\TivaWare_C_Series-2.2.0.295\examples\boards\dk-tm4c129x\usb_stick_demo\ewarm\Exe\usb_stick_demo.out
#    Map file     =
#        R:\SourceCode\TIVA\Development\dev001\middleware\TivaWare_C_Series-2.2.0.295\examples\boards\dk-tm4c129x\usb_stick_demo\ewarm\List\usb_stick_demo.map
#    Command line =
#        -f
#        R:\SourceCode\TIVA\Development\dev001\middleware\TivaWare_C_Series-2.2.0.295\examples\boards\dk-tm4c129x\usb_stick_demo\ewarm\Exe\usb_stick_demo.out.rsp
#        (R:\SourceCode\TIVA\Development\dev001\middleware\TivaWare_C_Series-2.2.0.295\driverlib\ewarm\Exe\driverlib.a
#        R:\SourceCode\TIVA\Development\dev001\middleware\TivaWare_C_Series-2.2.0.295\examples\boards\dk-tm4c129x\usb_stick_demo\ewarm\Obj\Source\frame.o
#        R:\SourceCode\TIVA\Development\dev001\middleware\TivaWare_C_Series-2.2.0.295\grlib\ewarm\Exe\grlib.a
#        R:\SourceCode\TIVA\Development\dev001\middleware\TivaWare_C_Series-2.2.0.295\examples\boards\dk-tm4c129x\usb_stick_demo\ewarm\Obj\Source\kentec320x240x16_ssd2119.o
#        R:\SourceCode\TIVA\Development\dev001\middleware\TivaWare_C_Series-2.2.0.295\examples\boards\dk-tm4c129x\usb_stick_demo\ewarm\Obj\Source\pinout.o
#        R:\SourceCode\TIVA\Development\dev001\middleware\TivaWare_C_Series-2.2.0.295\examples\boards\dk-tm4c129x\usb_stick_demo\ewarm\Obj\Source\startup_ewarm.o
#        R:\SourceCode\TIVA\Development\dev001\middleware\TivaWare_C_Series-2.2.0.295\examples\boards\dk-tm4c129x\usb_stick_demo\ewarm\Obj\Source\usb_stick_demo.o
#        --redirect _Printf=_PrintfTiny --redirect _Scanf=_ScanfSmallNoMb
#        --no_out_extension -o
#        R:\SourceCode\TIVA\Development\dev001\middleware\TivaWare_C_Series-2.2.0.295\examples\boards\dk-tm4c129x\usb_stick_demo\ewarm\Exe\usb_stick_demo.out
#        --map
#        R:\SourceCode\TIVA\Development\dev001\middleware\TivaWare_C_Series-2.2.0.295\examples\boards\dk-tm4c129x\usb_stick_demo\ewarm\List\usb_stick_demo.map
#        --config
#        R:\SourceCode\TIVA\Development\dev001\middleware\TivaWare_C_Series-2.2.0.295\examples\boards\dk-tm4c129x\usb_stick_demo\usb_stick_demo.icf
#        --semihosting --entry __iar_program_start --vfe --text_out locale
#        --cpu=Cortex-M4 --fpu=VFPv4_sp)
#
###############################################################################

*******************************************************************************
*** MESSAGES
***

Warning[Lt009]: Inconsistent wchar_t size
            context.o(grlib.a) and 13 other objects in grlib.a and 6 other
                      libraries have wchar_t size 16 bits
            frame.o and 17 other objects, some of them in dl7M_tln.a and 11
                      other libraries have wchar_t size 32 bits


*******************************************************************************
*** RUNTIME MODEL ATTRIBUTES
***

CppFlavor       = *
__CPP_Runtime   = 1
__SystemLibrary = DLib
__dlib_version  = 6


*******************************************************************************
*** HEAP SELECTION
***

The basic heap was selected because --advanced_heap
was not specified and the application did not appear to
be primarily optimized for speed.


*******************************************************************************
*** PLACEMENT SUMMARY
***

"A0":  place at start of [from 0x8000 to 0xf'ffff] { ro section .intvec };
"P1":  place in [from 0x8000 to 0xf'ffff] { ro };
define block HEAP with size = 0, alignment = 8 { };
"P2":  place in [from 0x2000'0000 to 0x2003'ffff] { rw, block HEAP };
do not initialize { section .noinit };

No sections matched the following patterns:

  section VTABLE  in "A1"


  Section          Kind         Address    Size  Object
  -------          ----         -------    ----  ------
"A0":                                     0x200
  .intvec          const         0x8000   0x200  startup_ewarm.o [1]
                               - 0x8200   0x200

"P1":                                    0x71dc
  .rodata          const         0x8200  0x30e4  frame.o [1]
  .rodata          const         0xb2e4   0xb28  fontcm24.o [4]
  .rodata          const         0xbe0c   0xa28  fontcm20.o [4]
  .rodata          const         0xc834   0x84c  fontcmss18b.o [4]
  .text            ro code       0xd080   0x5c0  image.o [4]
  .text            ro code       0xd640     0x6  ABImemclr4.o [6]
  .text            ro code       0xd648    0x32  ABImemset48.o [6]
  .text            ro code       0xd67c   0x4f8  kentec320x240x16_ssd2119.o [1]
  .text            ro code       0xdb74    0x72  lcd.o [3]
  .text            ro code       0xdbe8   0x4c4  sysctl.o [3]
  .text            ro code       0xe0ac   0x1d0  gpio.o [3]
  .text            ro code       0xe27c   0x4ea  string.o [4]
  .text            ro code       0xe768   0x438  pinout.o [1]
  .text            ro code       0xeba0   0x260  usb_stick_demo.o [1]
  .text            ro code       0xee00    0xd8  context.o [4]
  .text            ro code       0xeed8   0x214  frame.o [1]
  .text            ro code       0xf0ec   0x11a  rectangle.o [4]
  .text            ro code       0xf206    0x90  line.o [4]
  .text            ro code       0xf296    0x38  zero_init3.o [6]
  .rodata          const         0xf2d0    0x28  kentec320x240x16_ssd2119.o [1]
  .text            ro code       0xf2f8    0x28  data_init.o [6]
  .text            ro code       0xf320    0x22  fpinit_M.o [5]
  .iar.init_table  const         0xf344    0x10  - Linker created -
  .text            ro code       0xf354    0x1e  cmain.o [6]
  .text            ro code       0xf372     0x4  low_level_init.o [2]
  .text            ro code       0xf376     0x4  exit.o [2]
  .text            ro code       0xf37c     0xa  cexit.o [6]
  .text            ro code       0xf388    0x14  exit.o [7]
  .text            ro code       0xf39c    0x1c  cstartup_M.o [6]
  .text            ro code       0xf3b8    0x1a  startup_ewarm.o [1]
  .text            ro code       0xf3d4     0x8  charmap.o [4]
  .rodata          const         0xf3dc     0x0  zero_init3.o [6]
                               - 0xf3dc  0x71dc

"P2", part 1 of 2:                         0x24
  .bss             zero     0x2000'0000    0x20  image.o [4]
  .bss             zero     0x2000'0020     0x4  context.o [4]
                          - 0x2000'0024    0x24

"P2", part 2 of 2:                        0x200
  .noinit          uninit   0x2000'0024   0x200  startup_ewarm.o [1]
                          - 0x2000'0224   0x200

Unused ranges:

         From           To      Size
         ----           --      ----
       0xf3dc     0xf'ffff  0xf'0c24
  0x2000'0224  0x2003'ffff  0x3'fddc


*******************************************************************************
*** INIT TABLE
***

          Address      Size
          -------      ----
Zero (__iar_zero_init3)
    1 destination range, total size 0x24:
          0x2000'0000  0x24



*******************************************************************************
*** MODULE SUMMARY
***

    Module                      ro code  ro data  rw data
    ------                      -------  -------  -------
command line/config:
    -----------------------------------------------------
    Total:

R:\SourceCode\TIVA\Development\dev001\middleware\TivaWare_C_Series-2.2.0.295\examples\boards\dk-tm4c129x\usb_stick_demo\ewarm\Obj\Source: [1]
    frame.o                         532   12'516
    kentec320x240x16_ssd2119.o    1'272       40
    pinout.o                      1'080
    startup_ewarm.o                  26      512      512
    usb_stick_demo.o                608
    -----------------------------------------------------
    Total:                        3'518   13'068      512

dl7M_tln.a: [2]
    exit.o                            4
    low_level_init.o                  4
    -----------------------------------------------------
    Total:                            8

driverlib.a: [3]
    gpio.o                          464
    lcd.o                           114
    sysctl.o                      1'220
    -----------------------------------------------------
    Total:                        1'798

grlib.a: [4]
    charmap.o                         8
    context.o                       216                 4
    fontcm20.o                             2'600
    fontcm24.o                             2'856
    fontcmss18b.o                          2'124
    image.o                       1'472                32
    line.o                          144
    rectangle.o                     282
    string.o                      1'258
    -----------------------------------------------------
    Total:                        3'380    7'580       36

m7M_tls.a: [5]
    fpinit_M.o                       34
    -----------------------------------------------------
    Total:                           34

rt7M_tl.a: [6]
    ABImemclr4.o                      6
    ABImemset48.o                    50
    cexit.o                          10
    cmain.o                          30
    cstartup_M.o                     28
    data_init.o                      40
    zero_init3.o                     56
    -----------------------------------------------------
    Total:                          220

shb_l.a: [7]
    exit.o                           20
    -----------------------------------------------------
    Total:                           20

    Gaps                             14        4
    Linker created                            16
---------------------------------------------------------
    Grand Total:                  8'992   20'668      548


*******************************************************************************
*** ENTRY LIST
***

Entry                       Address    Size  Type      Object
-----                       -------    ----  ----      ------
.iar.init_table$$Base        0xf344           --   Gb  - Linker created -
.iar.init_table$$Limit       0xf354           --   Gb  - Linker created -
?main                        0xf355          Code  Gb  cmain.o [6]
FaultISR                     0xf3cf     0x2  Code  Lc  startup_ewarm.o [1]
FrameDraw                    0xeed9   0x1bc  Code  Gb  frame.o [1]
GPIODirModeSet               0xe0ad    0x28  Code  Gb  gpio.o [3]
GPIOPadConfigSet             0xe0d5   0x174  Code  Gb  gpio.o [3]
GPIOPinTypeEthernetLED       0xe269     0x4  Code  Gb  gpio.o [3]
GPIOPinTypeLCD               0xe26d     0x4  Code  Gb  gpio.o [3]
GPIOPinWrite                 0xe249     0x6  Code  Gb  gpio.o [3]
GrContextClipRegionSet       0xee69    0x5e  Code  Gb  context.o [4]
GrContextFontSet             0xe763     0x4  Code  Gb  string.o [4]
GrContextInit                0xee01    0x5e  Code  Gb  context.o [4]
GrDefaultStringRenderer
                             0xe2fd    0xb2  Code  Gb  string.o [4]
GrFontBaselineGet            0xe655    0x18  Code  Gb  string.o [4]
GrFontCodepageGet            0xe707    0x1c  Code  Gb  string.o [4]
GrFontGlyphDataGet           0xe683    0x84  Code  Gb  string.o [4]
GrFontGlyphRender            0xe3df   0x21e  Code  Gb  string.o [4]
GrFontInfoGet                0xe62b    0x2a  Code  Gb  string.o [4]
GrImageDraw                  0xd633     0x6  Code  Gb  image.o [4]
GrLineDrawH                  0xf207    0x48  Code  Gb  line.o [4]
GrLineDrawV                  0xf24f    0x48  Code  Gb  line.o [4]
GrMapISO8859_1_Unicode       0xf3d5     0x8  Code  Gb  charmap.o [4]
GrRectDraw                   0xf0ed    0x68  Code  Gb  rectangle.o [4]
GrRectFill                   0xf155    0xb2  Code  Gb  rectangle.o [4]
GrStringDraw                 0xe2e7    0x16  Code  Gb  string.o [4]
GrStringNextCharGet          0xe3af    0x30  Code  Gb  string.o [4]
GrStringWidthGet             0xe27d    0x6a  Code  Gb  string.o [4]
IntDefaultHandler            0xf3d1     0x2  Code  Lc  startup_ewarm.o [1]
InternalImageDraw            0xd2db   0x33e  Code  Lc  image.o [4]
Kentec320x240x16_SSD2119ColorTranslate
                             0xd8ef    0x16  Code  Lc  kentec320x240x16_ssd2119.o [1]
Kentec320x240x16_SSD2119Flush
                             0xd905     0x2  Code  Lc  kentec320x240x16_ssd2119.o [1]
Kentec320x240x16_SSD2119Init
                             0xd907   0x24e  Code  Gb  kentec320x240x16_ssd2119.o [1]
Kentec320x240x16_SSD2119LineDrawH
                             0xd7bf    0x32  Code  Lc  kentec320x240x16_ssd2119.o [1]
Kentec320x240x16_SSD2119LineDrawV
                             0xd7f1    0x36  Code  Lc  kentec320x240x16_ssd2119.o [1]
Kentec320x240x16_SSD2119PixelDraw
                             0xd6ab    0x26  Code  Lc  kentec320x240x16_ssd2119.o [1]
Kentec320x240x16_SSD2119PixelDrawMultiple
                             0xd6d1    0xd2  Code  Lc  kentec320x240x16_ssd2119.o [1]
Kentec320x240x16_SSD2119RectFill
                             0xd843    0xa6  Code  Lc  kentec320x240x16_ssd2119.o [1]
LCDDMAConfigSet              0xdbe3     0x4  Code  Gb  lcd.o [3]
LCDIDDCommandWrite           0xdbcb     0xc  Code  Gb  lcd.o [3]
LCDIDDConfigSet              0xdb93     0x4  Code  Gb  lcd.o [3]
LCDIDDDataWrite              0xdbd7     0xc  Code  Gb  lcd.o [3]
LCDIDDTimingSet              0xdb97    0x34  Code  Gb  lcd.o [3]
LCDModeSet                   0xdb75    0x1e  Code  Gb  lcd.o [3]
NmiSR                        0xf3cd     0x2  Code  Lc  startup_ewarm.o [1]
PinoutSet                    0xe769   0x438  Code  Gb  pinout.o [1]
PixelTransparentDraw         0xd081   0x226  Code  Lc  image.o [4]
Region$$Table$$Base          0xf344           --   Gb  - Linker created -
Region$$Table$$Limit         0xf354           --   Gb  - Linker created -
ResetISR                     0xf3b9     0xe  Code  Gb  startup_ewarm.o [1]
SysCtlClockFreqSet           0xdc2d   0x204  Code  Gb  sysctl.o [3]
SysCtlDelay                  0xdc25     0x8  Code  Gb  sysctl.o [3]
SysCtlPeripheralEnable       0xdc09     0x8  Code  Gb  sysctl.o [3]
UpdateContextCharMapping
                             0xe723    0x40  Code  Lc  string.o [4]
WriteCommand                 0xd69f     0xc  Code  Lc  kentec320x240x16_ssd2119.o [1]
WriteData                    0xd67d    0x22  Code  Lc  kentec320x240x16_ssd2119.o [1]
_SysCtlMemTimingGet          0xdbe9    0x20  Code  Lc  sysctl.o [3]
__aeabi_memclr4              0xd641          Code  Gb  ABImemclr4.o [6]
__cmain                      0xf355          Code  Gb  cmain.o [6]
__exit                       0xf389    0x14  Code  Gb  exit.o [7]
__iar_Memset4_word           0xd649          Code  Gb  ABImemset48.o [6]
__iar_Memset8_word           0xd649          Code  Gb  ABImemset48.o [6]
__iar_data_init3             0xf2f9    0x28  Code  Gb  data_init.o [6]
__iar_init_vfp               0xf321          Code  Gb  fpinit_M.o [5]
__iar_program_start          0xf39d          Code  Gb  cstartup_M.o [6]
__iar_zero_init3             0xf297    0x38  Code  Gb  zero_init3.o [6]
__low_level_init             0xf373     0x4  Code  Gb  low_level_init.o [2]
__vector_table               0x8000   0x200  Data  Gb  startup_ewarm.o [1]
_call_main                   0xf361          Code  Gb  cmain.o [6]
_exit                        0xf37d          Code  Gb  cexit.o [6]
exit                         0xf377     0x4  Code  Gb  exit.o [2]
g_pppui32XTALtoVCO           0xdec4   0x1b0  Data  Lc  sysctl.o [3]
g_psDefaultCodePointMapTable
                             0xeec8    0x10  Data  Gb  context.o [4]
g_psGrLibDefaults       0x2000'0020     0x4  Data  Lc  context.o [4]
g_pui32VCOFrequencies        0xe0a4     0x8  Data  Lc  sysctl.o [3]
g_pui32Xtals                 0xde58    0x6c  Data  Lc  sysctl.o [3]
g_pui8Bottom                 0xaa98   0x788  Data  Lc  frame.o [1]
g_pui8BottomLeft             0xa9c8    0xd0  Data  Lc  frame.o [1]
g_pui8BottomRight            0xb220    0xc4  Data  Lc  frame.o [1]
g_pui8Cm20Data               0xbe0c   0x960  Data  Lc  fontcm20.o [4]
g_pui8Cm24Data               0xb2e4   0xa60  Data  Lc  fontcm24.o [4]
g_pui8Cmss18bData            0xc834   0x784  Data  Lc  fontcmss18b.o [4]
g_pui8Dictionary        0x2000'0000    0x20  Data  Lc  image.o [4]
g_pui8Left                   0x9f38   0x548  Data  Lc  frame.o [1]
g_pui8Right                  0xa480   0x548  Data  Lc  frame.o [1]
g_pui8Top                    0x837c  0x1a48  Data  Lc  frame.o [1]
g_pui8TopLeft                0x8200   0x17c  Data  Lc  frame.o [1]
g_pui8TopRight               0x9dc4   0x174  Data  Lc  frame.o [1]
g_sFontCm20                  0xc76c    0xc8  Data  Gb  fontcm20.o [4]
g_sFontCm24                  0xbd44    0xc8  Data  Gb  fontcm24.o [4]
g_sFontCmss18b               0xcfb8    0xc8  Data  Gb  fontcmss18b.o [4]
g_sKentec320x240x16_SSD2119
                             0xf2d0    0x28  Data  Gb  kentec320x240x16_ssd2119.o [1]
g_sXTALtoMEMTIM              0xe074    0x30  Data  Lc  sysctl.o [3]
main                         0xeba1   0x18e  Code  Gb  usb_stick_demo.o [1]
pui32Stack              0x2000'0024   0x200  Data  Lc  startup_ewarm.o [1]


[1] = R:\SourceCode\TIVA\Development\dev001\middleware\TivaWare_C_Series-2.2.0.295\examples\boards\dk-tm4c129x\usb_stick_demo\ewarm\Obj\Source
[2] = dl7M_tln.a
[3] = driverlib.a
[4] = grlib.a
[5] = m7M_tls.a
[6] = rt7M_tl.a
[7] = shb_l.a

   8'992 bytes of readonly  code memory
  20'668 bytes of readonly  data memory
     548 bytes of readwrite data memory

Errors: none
Warnings: 1
