###############################################################################
#
# IAR ELF Linker V9.30.1.335/W64 for ARM                  08/Mar/2023  15:28:31
# Copyright 2007-2022 IAR Systems AB.
#
#    Output file  =
#        R:\SourceCode\TIVA\Development\dev001\middleware\TivaWare_C_Series-2.2.0.295\examples\boards\dk-tm4c129x\blinky\ewarm\Exe\blinky.out
#    Map file     =
#        R:\SourceCode\TIVA\Development\dev001\middleware\TivaWare_C_Series-2.2.0.295\examples\boards\dk-tm4c129x\blinky\ewarm\List\blinky.map
#    Command line =
#        -f
#        R:\SourceCode\TIVA\Development\dev001\middleware\TivaWare_C_Series-2.2.0.295\examples\boards\dk-tm4c129x\blinky\ewarm\Exe\blinky.out.rsp
#        (R:\SourceCode\TIVA\Development\dev001\middleware\TivaWare_C_Series-2.2.0.295\examples\boards\dk-tm4c129x\blinky\ewarm\Obj\Source\blinky.o
#        R:\SourceCode\TIVA\Development\dev001\middleware\TivaWare_C_Series-2.2.0.295\driverlib\ewarm\Exe\driverlib.a
#        R:\SourceCode\TIVA\Development\dev001\middleware\TivaWare_C_Series-2.2.0.295\examples\boards\dk-tm4c129x\blinky\ewarm\Obj\Source\startup_ewarm.o
#        --redirect _Printf=_PrintfTiny --redirect _Scanf=_ScanfSmallNoMb
#        --no_out_extension -o
#        R:\SourceCode\TIVA\Development\dev001\middleware\TivaWare_C_Series-2.2.0.295\examples\boards\dk-tm4c129x\blinky\ewarm\Exe\blinky.out
#        --map
#        R:\SourceCode\TIVA\Development\dev001\middleware\TivaWare_C_Series-2.2.0.295\examples\boards\dk-tm4c129x\blinky\ewarm\List\blinky.map
#        --config
#        R:\SourceCode\TIVA\Development\dev001\middleware\TivaWare_C_Series-2.2.0.295\examples\boards\dk-tm4c129x\blinky\blinky.icf
#        --semihosting --entry __iar_program_start --vfe --text_out locale
#        --cpu=Cortex-M4 --fpu=VFPv4_sp)
#
###############################################################################

*******************************************************************************
*** MESSAGES
***

Warning[Lt009]: Inconsistent wchar_t size
            gpio.o(driverlib.a) and 3 other objects in driverlib.a have wchar_t
                      size 16 bits
            blinky.o and 14 other objects, some of them in dl7M_tln.a and 11
                      other libraries have wchar_t size 32 bits


*******************************************************************************
*** RUNTIME MODEL ATTRIBUTES
***

CppFlavor       = *
__CPP_Runtime   = 1
__SystemLibrary = DLib
__dlib_version  = 6


*******************************************************************************
*** HEAP SELECTION
***

The basic heap was selected because --advanced_heap
was not specified and the application did not appear to
be primarily optimized for speed.


*******************************************************************************
*** PLACEMENT SUMMARY
***

"A0":  place at start of [from 0x0 to 0xf'ffff] { ro section .intvec };
"P1":  place in [from 0x0 to 0xf'ffff] { ro };
define block HEAP with size = 0, alignment = 8 { };
"P2":  place in [from 0x2000'0000 to 0x2003'ffff] { rw, block HEAP };
do not initialize { section .noinit };

No sections matched the following patterns:

  section VTABLE  in "A1"


  Section  Kind         Address   Size  Object
  -------  ----         -------   ----  ------
"A0":                            0x200
  .intvec  const            0x0  0x200  startup_ewarm.o [1]
                        - 0x200  0x200

"P1":                            0x316
  .text    ro code        0x200  0x1cc  gpio.o [3]
  .text    ro code        0x3cc   0x64  blinky.o [1]
  .text    ro code        0x430   0x44  sysctl.o [3]
  .text    ro code        0x474   0x22  fpinit_M.o [4]
  .text    ro code        0x498   0x1e  cmain.o [5]
  .text    ro code        0x4b6    0x4  low_level_init.o [2]
  .text    ro code        0x4ba    0x4  exit.o [2]
  .text    ro code        0x4c0    0xa  cexit.o [5]
  .text    ro code        0x4cc   0x14  exit.o [6]
  .text    ro code        0x4e0   0x1c  cstartup_M.o [5]
  .text    ro code        0x4fc   0x1a  startup_ewarm.o [1]
                        - 0x516  0x316

"P2":                            0x200
  .noinit  uninit   0x2000'0000  0x200  startup_ewarm.o [1]
                  - 0x2000'0200  0x200

Unused ranges:

         From           To      Size
         ----           --      ----
        0x516     0xf'ffff  0xf'faea
  0x2000'0200  0x2003'ffff  0x3'fe00



*******************************************************************************
*** MODULE SUMMARY
***

    Module            ro code  ro data  rw data
    ------            -------  -------  -------
command line/config:
    -------------------------------------------
    Total:

R:\SourceCode\TIVA\Development\dev001\middleware\TivaWare_C_Series-2.2.0.295\examples\boards\dk-tm4c129x\blinky\ewarm\Obj\Source: [1]
    blinky.o              100
    startup_ewarm.o        26      512      512
    -------------------------------------------
    Total:                126      512      512

dl7M_tln.a: [2]
    exit.o                  4
    low_level_init.o        4
    -------------------------------------------
    Total:                  8

driverlib.a: [3]
    gpio.o                460
    sysctl.o               68
    -------------------------------------------
    Total:                528

m7M_tls.a: [4]
    fpinit_M.o             34
    -------------------------------------------
    Total:                 34

rt7M_tl.a: [5]
    cexit.o                10
    cmain.o                30
    cstartup_M.o           28
    -------------------------------------------
    Total:                 68

shb_l.a: [6]
    exit.o                 20
    -------------------------------------------
    Total:                 20

    Gaps                    6
-----------------------------------------------
    Grand Total:          790      512      512


*******************************************************************************
*** ENTRY LIST
***

Entry                       Address   Size  Type      Object
-----                       -------   ----  ----      ------
?main                         0x499         Code  Gb  cmain.o [5]
FaultISR                      0x513    0x2  Code  Lc  startup_ewarm.o [1]
GPIODirModeSet                0x201   0x28  Code  Gb  gpio.o [3]
GPIOPadConfigSet              0x229  0x174  Code  Gb  gpio.o [3]
GPIOPinTypeGPIOOutput         0x3a3    0xa  Code  Gb  gpio.o [3]
GPIOPinWrite                  0x39d    0x6  Code  Gb  gpio.o [3]
IntDefaultHandler             0x515    0x2  Code  Lc  startup_ewarm.o [1]
NmiSR                         0x511    0x2  Code  Lc  startup_ewarm.o [1]
Region$$Table$$Base             0x0          --   Gb  - Linker created -
Region$$Table$$Limit            0x0          --   Gb  - Linker created -
ResetISR                      0x4fd    0xe  Code  Gb  startup_ewarm.o [1]
SysCtlPeripheralEnable        0x451    0x8  Code  Gb  sysctl.o [3]
SysCtlPeripheralReady         0x431    0x8  Code  Gb  sysctl.o [3]
__cmain                       0x499         Code  Gb  cmain.o [5]
__exit                        0x4cd   0x14  Code  Gb  exit.o [6]
__iar_init_vfp                0x475         Code  Gb  fpinit_M.o [4]
__iar_program_start           0x4e1         Code  Gb  cstartup_M.o [5]
__low_level_init              0x4b7    0x4  Code  Gb  low_level_init.o [2]
__vector_table                  0x0  0x200  Data  Gb  startup_ewarm.o [1]
_call_main                    0x4a5         Code  Gb  cmain.o [5]
_exit                         0x4c1         Code  Gb  cexit.o [5]
exit                          0x4bb    0x4  Code  Gb  exit.o [2]
main                          0x3cd   0x64  Code  Gb  blinky.o [1]
pui32Stack              0x2000'0000  0x200  Data  Lc  startup_ewarm.o [1]


[1] = R:\SourceCode\TIVA\Development\dev001\middleware\TivaWare_C_Series-2.2.0.295\examples\boards\dk-tm4c129x\blinky\ewarm\Obj\Source
[2] = dl7M_tln.a
[3] = driverlib.a
[4] = m7M_tls.a
[5] = rt7M_tl.a
[6] = shb_l.a

  790 bytes of readonly  code memory
  512 bytes of readonly  data memory
  512 bytes of readwrite data memory

Errors: none
Warnings: 1
