###############################################################################
#
# IAR ELF Linker V9.30.1.335/W64 for ARM                  24/Mar/2023  09:53:24
# Copyright 2007-2022 IAR Systems AB.
#
#    Output file  =
#        R:\SourceCode\TIVA\Development\dev001\middleware\TivaWare_C_Series-2.2.0.295\examples\boards\dk-tm4c129x\interrupts\ewarm\Exe\interrupts.out
#    Map file     =
#        R:\SourceCode\TIVA\Development\dev001\middleware\TivaWare_C_Series-2.2.0.295\examples\boards\dk-tm4c129x\interrupts\ewarm\List\interrupts.map
#    Command line =
#        -f
#        R:\SourceCode\TIVA\Development\dev001\middleware\TivaWare_C_Series-2.2.0.295\examples\boards\dk-tm4c129x\interrupts\ewarm\Exe\interrupts.out.rsp
#        (R:\SourceCode\TIVA\Development\dev001\middleware\TivaWare_C_Series-2.2.0.295\driverlib\ewarm\Exe\driverlib.a
#        R:\SourceCode\TIVA\Development\dev001\middleware\TivaWare_C_Series-2.2.0.295\examples\boards\dk-tm4c129x\interrupts\ewarm\Obj\Source\frame.o
#        R:\SourceCode\TIVA\Development\dev001\middleware\TivaWare_C_Series-2.2.0.295\grlib\ewarm\Exe\grlib.a
#        R:\SourceCode\TIVA\Development\dev001\middleware\TivaWare_C_Series-2.2.0.295\examples\boards\dk-tm4c129x\interrupts\ewarm\Obj\Source\interrupts.o
#        R:\SourceCode\TIVA\Development\dev001\middleware\TivaWare_C_Series-2.2.0.295\examples\boards\dk-tm4c129x\interrupts\ewarm\Obj\Source\kentec320x240x16_ssd2119.o
#        R:\SourceCode\TIVA\Development\dev001\middleware\TivaWare_C_Series-2.2.0.295\examples\boards\dk-tm4c129x\interrupts\ewarm\Obj\Source\pinout.o
#        R:\SourceCode\TIVA\Development\dev001\middleware\TivaWare_C_Series-2.2.0.295\examples\boards\dk-tm4c129x\interrupts\ewarm\Obj\Source\startup_ewarm.o
#        --redirect _Printf=_PrintfTiny --redirect _Scanf=_ScanfSmallNoMb
#        --no_out_extension -o
#        R:\SourceCode\TIVA\Development\dev001\middleware\TivaWare_C_Series-2.2.0.295\examples\boards\dk-tm4c129x\interrupts\ewarm\Exe\interrupts.out
#        --map
#        R:\SourceCode\TIVA\Development\dev001\middleware\TivaWare_C_Series-2.2.0.295\examples\boards\dk-tm4c129x\interrupts\ewarm\List\interrupts.map
#        --config
#        R:\SourceCode\TIVA\Development\dev001\middleware\TivaWare_C_Series-2.2.0.295\examples\boards\dk-tm4c129x\interrupts\interrupts.icf
#        --semihosting --entry __iar_program_start --vfe --text_out locale
#        --cpu=Cortex-M4 --fpu=VFPv4_sp)
#
###############################################################################

*******************************************************************************
*** MESSAGES
***

Warning[Lt009]: Inconsistent wchar_t size
            context.o(grlib.a) and 10 other objects in grlib.a and 6 other
                      libraries have wchar_t size 16 bits
            frame.o and 17 other objects, some of them in dl7M_tln.a and 11
                      other libraries have wchar_t size 32 bits


*******************************************************************************
*** RUNTIME MODEL ATTRIBUTES
***

CppFlavor       = *
__CPP_Runtime   = 1
__SystemLibrary = DLib
__dlib_version  = 6


*******************************************************************************
*** HEAP SELECTION
***

The basic heap was selected because --advanced_heap
was not specified and the application did not appear to
be primarily optimized for speed.


*******************************************************************************
*** PLACEMENT SUMMARY
***

"A0":  place at start of [from 0x0 to 0xf'ffff] { ro section .intvec };
"P1":  place in [from 0x0 to 0xf'ffff] { ro };
define block HEAP with size = 0, alignment = 8 { };
"P2":  place in [from 0x2000'0000 to 0x2003'ffff] { rw, block HEAP };
do not initialize { section .noinit };

No sections matched the following patterns:

  section VTABLE  in "A1"


  Section          Kind         Address    Size  Object
  -------          ----         -------    ----  ------
"A0":                                     0x200
  .intvec          const            0x0   0x200  startup_ewarm.o [1]
                                - 0x200   0x200

"P1":                                    0x6904
  .rodata          const          0x200  0x30e4  frame.o [1]
  .rodata          const         0x32e4   0xa28  fontcm20.o [4]
  .rodata          const         0x3d0c   0x84c  fontcmss18b.o [4]
  .text            ro code       0x4558   0x61c  interrupts.o [1]
  .text            ro code       0x4b74   0x4ea  string.o [4]
  .text            ro code       0x5060   0x4c4  sysctl.o [3]
  .text            ro code       0x5524   0x438  pinout.o [1]
  .text            ro code       0x595c   0x4f8  kentec320x240x16_ssd2119.o [1]
  .text            ro code       0x5e54    0xd8  context.o [4]
  .text            ro code       0x5f2c   0x214  frame.o [1]
  .text            ro code       0x6140   0x1ec  gpio.o [3]
  .text            ro code       0x632c    0x72  lcd.o [3]
  .text            ro code       0x63a0   0x5c0  image.o [4]
  .text            ro code       0x6960     0x6  ABImemclr4.o [6]
  .text            ro code       0x6968    0x32  ABImemset48.o [6]
  .text            ro code       0x699a    0x38  zero_init3.o [6]
  .rodata          const         0x69d4    0x28  kentec320x240x16_ssd2119.o [1]
  .text            ro code       0x69fc    0x28  data_init.o [6]
  .rodata          const         0x6a24    0x24  interrupts.o [1]
  .text            ro code       0x6a48    0x22  fpinit_M.o [5]
  .iar.init_table  const         0x6a6c    0x10  - Linker created -
  .text            ro code       0x6a7c    0x1e  cmain.o [6]
  .text            ro code       0x6a9a     0x4  low_level_init.o [2]
  .text            ro code       0x6a9e     0x4  exit.o [2]
  .text            ro code       0x6aa4     0xa  cexit.o [6]
  .text            ro code       0x6ab0    0x14  exit.o [7]
  .text            ro code       0x6ac4    0x1c  cstartup_M.o [6]
  .text            ro code       0x6ae0    0x1a  startup_ewarm.o [1]
  .text            ro code       0x6afc     0x8  charmap.o [4]
  .rodata          const         0x6b04     0x0  zero_init3.o [6]
                               - 0x6b04  0x6904

"P2", part 1 of 2:                         0x60
  .bss             zero     0x2000'0000    0x3c  interrupts.o [1]
  .bss             zero     0x2000'003c    0x20  image.o [4]
  .bss             zero     0x2000'005c     0x4  context.o [4]
                          - 0x2000'0060    0x60

"P2", part 2 of 2:                        0x400
  .noinit          uninit   0x2000'0060   0x400  startup_ewarm.o [1]
                          - 0x2000'0460   0x400

Unused ranges:

         From           To      Size
         ----           --      ----
       0x6b04     0xf'ffff  0xf'94fc
  0x2000'0460  0x2003'ffff  0x3'fba0


*******************************************************************************
*** INIT TABLE
***

          Address      Size
          -------      ----
Zero (__iar_zero_init3)
    1 destination range, total size 0x60:
          0x2000'0000  0x60



*******************************************************************************
*** MODULE SUMMARY
***

    Module                      ro code  ro data  rw data
    ------                      -------  -------  -------
command line/config:
    -----------------------------------------------------
    Total:

R:\SourceCode\TIVA\Development\dev001\middleware\TivaWare_C_Series-2.2.0.295\examples\boards\dk-tm4c129x\interrupts\ewarm\Obj\Source: [1]
    frame.o                         532   12'516
    interrupts.o                  1'564       36       60
    kentec320x240x16_ssd2119.o    1'272       40
    pinout.o                      1'080
    startup_ewarm.o                  26      512    1'024
    -----------------------------------------------------
    Total:                        4'474   13'104    1'084

dl7M_tln.a: [2]
    exit.o                            4
    low_level_init.o                  4
    -----------------------------------------------------
    Total:                            8

driverlib.a: [3]
    gpio.o                          492
    lcd.o                           114
    sysctl.o                      1'220
    -----------------------------------------------------
    Total:                        1'826

grlib.a: [4]
    charmap.o                         8
    context.o                       216                 4
    fontcm20.o                             2'600
    fontcmss18b.o                          2'124
    image.o                       1'472                32
    string.o                      1'258
    -----------------------------------------------------
    Total:                        2'954    4'724       36

m7M_tls.a: [5]
    fpinit_M.o                       34
    -----------------------------------------------------
    Total:                           34

rt7M_tl.a: [6]
    ABImemclr4.o                      6
    ABImemset48.o                    50
    cexit.o                          10
    cmain.o                          30
    cstartup_M.o                     28
    data_init.o                      40
    zero_init3.o                     56
    -----------------------------------------------------
    Total:                          220

shb_l.a: [7]
    exit.o                           20
    -----------------------------------------------------
    Total:                           20

    Gaps                             12        4
    Linker created                            16
---------------------------------------------------------
    Grand Total:                  9'548   17'848    1'120


*******************************************************************************
*** ENTRY LIST
***

Entry                       Address    Size  Type      Object
-----                       -------    ----  ----      ------
.iar.init_table$$Base        0x6a6c           --   Gb  - Linker created -
.iar.init_table$$Limit       0x6a7c           --   Gb  - Linker created -
?main                        0x6a7d          Code  Gb  cmain.o [6]
Delay                        0x4559    0x30  Code  Gb  interrupts.o [1]
DisplayIntStatus             0x4589    0xb0  Code  Gb  interrupts.o [1]
FaultISR                     0x6af7     0x2  Code  Lc  startup_ewarm.o [1]
FrameDraw                    0x5f2d   0x1bc  Code  Gb  frame.o [1]
GPIODirModeSet               0x6141    0x28  Code  Gb  gpio.o [3]
GPIOPadConfigSet             0x6169   0x174  Code  Gb  gpio.o [3]
GPIOPinTypeEthernetLED       0x62fd     0x4  Code  Gb  gpio.o [3]
GPIOPinTypeGPIOOutput        0x6301     0xa  Code  Gb  gpio.o [3]
GPIOPinTypeLCD               0x631d     0x4  Code  Gb  gpio.o [3]
GPIOPinWrite                 0x62dd     0x6  Code  Gb  gpio.o [3]
GrContextClipRegionSet       0x5ebd    0x5e  Code  Gb  context.o [4]
GrContextFontSet             0x505b     0x4  Code  Gb  string.o [4]
GrContextInit                0x5e55    0x5e  Code  Gb  context.o [4]
GrDefaultStringRenderer
                             0x4bf5    0xb2  Code  Gb  string.o [4]
GrFontBaselineGet            0x4f4d    0x18  Code  Gb  string.o [4]
GrFontCodepageGet            0x4fff    0x1c  Code  Gb  string.o [4]
GrFontGlyphDataGet           0x4f7b    0x84  Code  Gb  string.o [4]
GrFontGlyphRender            0x4cd7   0x21e  Code  Gb  string.o [4]
GrFontInfoGet                0x4f23    0x2a  Code  Gb  string.o [4]
GrImageDraw                  0x6953     0x6  Code  Gb  image.o [4]
GrMapISO8859_1_Unicode       0x6afd     0x8  Code  Gb  charmap.o [4]
GrStringDraw                 0x4bdf    0x16  Code  Gb  string.o [4]
GrStringNextCharGet          0x4ca7    0x30  Code  Gb  string.o [4]
GrStringWidthGet             0x4b75    0x6a  Code  Gb  string.o [4]
IntDefaultHandler            0x6af9     0x2  Code  Lc  startup_ewarm.o [1]
IntGPIOa                     0x4651    0x32  Code  Gb  interrupts.o [1]
IntGPIOb                     0x4683    0x34  Code  Gb  interrupts.o [1]
IntGPIOc                     0x46c1    0x34  Code  Gb  interrupts.o [1]
InternalImageDraw            0x65fb   0x33e  Code  Lc  image.o [4]
Kentec320x240x16_SSD2119ColorTranslate
                             0x5bcf    0x16  Code  Lc  kentec320x240x16_ssd2119.o [1]
Kentec320x240x16_SSD2119Flush
                             0x5be5     0x2  Code  Lc  kentec320x240x16_ssd2119.o [1]
Kentec320x240x16_SSD2119Init
                             0x5be7   0x24e  Code  Gb  kentec320x240x16_ssd2119.o [1]
Kentec320x240x16_SSD2119LineDrawH
                             0x5a9f    0x32  Code  Lc  kentec320x240x16_ssd2119.o [1]
Kentec320x240x16_SSD2119LineDrawV
                             0x5ad1    0x36  Code  Lc  kentec320x240x16_ssd2119.o [1]
Kentec320x240x16_SSD2119PixelDraw
                             0x598b    0x26  Code  Lc  kentec320x240x16_ssd2119.o [1]
Kentec320x240x16_SSD2119PixelDrawMultiple
                             0x59b1    0xd2  Code  Lc  kentec320x240x16_ssd2119.o [1]
Kentec320x240x16_SSD2119RectFill
                             0x5b23    0xa6  Code  Lc  kentec320x240x16_ssd2119.o [1]
LCDDMAConfigSet              0x639b     0x4  Code  Gb  lcd.o [3]
LCDIDDCommandWrite           0x6383     0xc  Code  Gb  lcd.o [3]
LCDIDDConfigSet              0x634b     0x4  Code  Gb  lcd.o [3]
LCDIDDDataWrite              0x638f     0xc  Code  Gb  lcd.o [3]
LCDIDDTimingSet              0x634f    0x34  Code  Gb  lcd.o [3]
LCDModeSet                   0x632d    0x1e  Code  Gb  lcd.o [3]
NmiSR                        0x6af5     0x2  Code  Lc  startup_ewarm.o [1]
PinoutSet                    0x5525   0x438  Code  Gb  pinout.o [1]
PixelTransparentDraw         0x63a1   0x226  Code  Lc  image.o [4]
Region$$Table$$Base          0x6a6c           --   Gb  - Linker created -
Region$$Table$$Limit         0x6a7c           --   Gb  - Linker created -
ResetISR                     0x6ae1     0xe  Code  Gb  startup_ewarm.o [1]
SysCtlClockFreqSet           0x50a5   0x204  Code  Gb  sysctl.o [3]
SysCtlDelay                  0x509d     0x8  Code  Gb  sysctl.o [3]
SysCtlPeripheralEnable       0x5081     0x8  Code  Gb  sysctl.o [3]
UpdateContextCharMapping
                             0x501b    0x40  Code  Lc  string.o [4]
WriteCommand                 0x597f     0xc  Code  Lc  kentec320x240x16_ssd2119.o [1]
WriteData                    0x595d    0x22  Code  Lc  kentec320x240x16_ssd2119.o [1]
_SysCtlMemTimingGet          0x5061    0x20  Code  Lc  sysctl.o [3]
__aeabi_memclr4              0x6961          Code  Gb  ABImemclr4.o [6]
__cmain                      0x6a7d          Code  Gb  cmain.o [6]
__exit                       0x6ab1    0x14  Code  Gb  exit.o [7]
__iar_Memset4_word           0x6969          Code  Gb  ABImemset48.o [6]
__iar_Memset8_word           0x6969          Code  Gb  ABImemset48.o [6]
__iar_data_init3             0x69fd    0x28  Code  Gb  data_init.o [6]
__iar_init_vfp               0x6a49          Code  Gb  fpinit_M.o [5]
__iar_program_start          0x6ac5          Code  Gb  cstartup_M.o [6]
__iar_zero_init3             0x699b    0x38  Code  Gb  zero_init3.o [6]
__low_level_init             0x6a9b     0x4  Code  Gb  low_level_init.o [2]
__vector_table                  0x0   0x200  Data  Gb  startup_ewarm.o [1]
_call_main                   0x6a89          Code  Gb  cmain.o [6]
_exit                        0x6aa5          Code  Gb  cexit.o [6]
exit                         0x6a9f     0x4  Code  Gb  exit.o [2]
g_pppui32XTALtoVCO           0x533c   0x1b0  Data  Lc  sysctl.o [3]
g_psDefaultCodePointMapTable
                             0x5f1c    0x10  Data  Gb  context.o [4]
g_psGrLibDefaults       0x2000'005c     0x4  Data  Lc  context.o [4]
g_pui32VCOFrequencies        0x551c     0x8  Data  Lc  sysctl.o [3]
g_pui32Xtals                 0x52d0    0x6c  Data  Lc  sysctl.o [3]
g_pui8Bottom                 0x2a98   0x788  Data  Lc  frame.o [1]
g_pui8BottomLeft             0x29c8    0xd0  Data  Lc  frame.o [1]
g_pui8BottomRight            0x3220    0xc4  Data  Lc  frame.o [1]
g_pui8Cm20Data               0x32e4   0x960  Data  Lc  fontcm20.o [4]
g_pui8Cmss18bData            0x3d0c   0x784  Data  Lc  fontcmss18b.o [4]
g_pui8Dictionary        0x2000'003c    0x20  Data  Lc  image.o [4]
g_pui8Left                   0x1f38   0x548  Data  Lc  frame.o [1]
g_pui8Right                  0x2480   0x548  Data  Lc  frame.o [1]
g_pui8Top                     0x37c  0x1a48  Data  Lc  frame.o [1]
g_pui8TopLeft                 0x200   0x17c  Data  Lc  frame.o [1]
g_pui8TopRight               0x1dc4   0x174  Data  Lc  frame.o [1]
g_sContext              0x2000'0000    0x2c  Data  Gb  interrupts.o [1]
g_sFontCm20                  0x3c44    0xc8  Data  Gb  fontcm20.o [4]
g_sFontCmss18b               0x4490    0xc8  Data  Gb  fontcmss18b.o [4]
g_sKentec320x240x16_SSD2119
                             0x69d4    0x28  Data  Gb  kentec320x240x16_ssd2119.o [1]
g_sXTALtoMEMTIM              0x54ec    0x30  Data  Lc  sysctl.o [3]
g_ui32GPIOa             0x2000'0030     0x4  Data  Gb  interrupts.o [1]
g_ui32GPIOb             0x2000'0034     0x4  Data  Gb  interrupts.o [1]
g_ui32GPIOc             0x2000'0038     0x4  Data  Gb  interrupts.o [1]
g_ui32Index             0x2000'002c     0x4  Data  Gb  interrupts.o [1]
main                         0x4705   0x304  Code  Gb  interrupts.o [1]
pui32Stack              0x2000'0060   0x400  Data  Lc  startup_ewarm.o [1]


[1] = R:\SourceCode\TIVA\Development\dev001\middleware\TivaWare_C_Series-2.2.0.295\examples\boards\dk-tm4c129x\interrupts\ewarm\Obj\Source
[2] = dl7M_tln.a
[3] = driverlib.a
[4] = grlib.a
[5] = m7M_tls.a
[6] = rt7M_tl.a
[7] = shb_l.a

   9'548 bytes of readonly  code memory
  17'848 bytes of readonly  data memory
   1'120 bytes of readwrite data memory

Errors: none
Warnings: 1
