###############################################################################
#
# IAR ELF Linker V9.30.1.335/W64 for ARM                  22/Aug/2022  16:30:51
# Copyright 2007-2022 IAR Systems AB.
#
#    Output file  =
#        C:\Users\kquackenbush\Desktop\Tiva_C_Series_Launchpad\project0\TivaWare_C_Series-2.2.0.295\examples\boards\ek-tm4c123gxl\project0\ewarm\Exe\project0.out
#    Map file     =
#        C:\Users\kquackenbush\Desktop\Tiva_C_Series_Launchpad\project0\TivaWare_C_Series-2.2.0.295\examples\boards\ek-tm4c123gxl\project0\ewarm\List\project0.map
#    Command line =
#        -f
#        C:\Users\kquackenbush\Desktop\Tiva_C_Series_Launchpad\project0\TivaWare_C_Series-2.2.0.295\examples\boards\ek-tm4c123gxl\project0\ewarm\Exe\project0.out.rsp
#        (C:\Users\kquackenbush\Desktop\Tiva_C_Series_Launchpad\project0\TivaWare_C_Series-2.2.0.295\driverlib\ewarm\Exe\driverlib.a
#        C:\Users\kquackenbush\Desktop\Tiva_C_Series_Launchpad\project0\TivaWare_C_Series-2.2.0.295\examples\boards\ek-tm4c123gxl\project0\ewarm\Obj\Source\project0.o
#        C:\Users\kquackenbush\Desktop\Tiva_C_Series_Launchpad\project0\TivaWare_C_Series-2.2.0.295\examples\boards\ek-tm4c123gxl\project0\ewarm\Obj\Source\startup_ewarm.o
#        --redirect _Printf=_PrintfTiny --redirect _Scanf=_ScanfSmallNoMb
#        --no_out_extension -o
#        C:\Users\kquackenbush\Desktop\Tiva_C_Series_Launchpad\project0\TivaWare_C_Series-2.2.0.295\examples\boards\ek-tm4c123gxl\project0\ewarm\Exe\project0.out
#        --map
#        C:\Users\kquackenbush\Desktop\Tiva_C_Series_Launchpad\project0\TivaWare_C_Series-2.2.0.295\examples\boards\ek-tm4c123gxl\project0\ewarm\List\project0.map
#        --config
#        C:\Users\kquackenbush\Desktop\Tiva_C_Series_Launchpad\project0\TivaWare_C_Series-2.2.0.295\examples\boards\ek-tm4c123gxl\project0\project0.icf
#        --semihosting --entry __iar_program_start --vfe --text_out locale
#        --cpu=Cortex-M4 --fpu=VFPv4_sp)
#
###############################################################################

*******************************************************************************
*** MESSAGES
***

Warning[Lt009]: Inconsistent wchar_t size
            gpio.o(driverlib.a) and 3 other objects in driverlib.a have wchar_t
                      size 16 bits
            project0.o and 14 other objects, some of them in dl7M_tln.a and 11
                      other libraries have wchar_t size 32 bits


*******************************************************************************
*** RUNTIME MODEL ATTRIBUTES
***

CppFlavor       = *
__CPP_Runtime   = 1
__SystemLibrary = DLib
__dlib_version  = 6


*******************************************************************************
*** HEAP SELECTION
***

The basic heap was selected because --advanced_heap
was not specified and the application did not appear to
be primarily optimized for speed.


*******************************************************************************
*** PLACEMENT SUMMARY
***

"A0":  place at start of [from 0x0 to 0x3'ffff] { ro section .intvec };
"P1":  place in [from 0x0 to 0x3'ffff] { ro };
define block HEAP with size = 0, alignment = 8 { };
"P2":  place in [from 0x2000'0000 to 0x2000'7fff] { rw, block HEAP };
do not initialize { section .noinit };

No sections matched the following patterns:

  section VTABLE  in "A1"


  Section  Kind         Address   Size  Object
  -------  ----         -------   ----  ------
"A0":                            0x26c
  .intvec  const            0x0  0x26c  startup_ewarm.o [1]
                        - 0x26c  0x26c

"P1":                            0x406
  .text    ro code        0x26c  0x1cc  gpio.o [3]
  .text    ro code        0x438  0x140  sysctl.o [3]
  .text    ro code        0x578   0x58  project0.o [1]
  .text    ro code        0x5d0   0x22  fpinit_M.o [4]
  .text    ro code        0x5f4   0x1e  cmain.o [5]
  .text    ro code        0x612    0x4  low_level_init.o [2]
  .text    ro code        0x616    0x4  exit.o [2]
  .text    ro code        0x61c    0xa  cexit.o [5]
  .text    ro code        0x628   0x14  exit.o [6]
  .text    ro code        0x63c   0x1c  cstartup_M.o [5]
  .text    ro code        0x658   0x1a  startup_ewarm.o [1]
                        - 0x672  0x406

"P2":                            0x100
  .noinit  uninit   0x2000'0000  0x100  startup_ewarm.o [1]
                  - 0x2000'0100  0x100

Unused ranges:

         From           To      Size
         ----           --      ----
        0x672     0x3'ffff  0x3'f98e
  0x2000'0100  0x2000'7fff    0x7f00



*******************************************************************************
*** MODULE SUMMARY
***

    Module            ro code  ro data  rw data
    ------            -------  -------  -------
command line/config:
    -------------------------------------------
    Total:

C:\Users\kquackenbush\Desktop\Tiva_C_Series_Launchpad\project0\TivaWare_C_Series-2.2.0.295\examples\boards\ek-tm4c123gxl\project0\ewarm\Obj\Source: [1]
    project0.o             88
    startup_ewarm.o        26      620      256
    -------------------------------------------
    Total:                114      620      256

dl7M_tln.a: [2]
    exit.o                  4
    low_level_init.o        4
    -------------------------------------------
    Total:                  8

driverlib.a: [3]
    gpio.o                460
    sysctl.o              320
    -------------------------------------------
    Total:                780

m7M_tls.a: [4]
    fpinit_M.o             34
    -------------------------------------------
    Total:                 34

rt7M_tl.a: [5]
    cexit.o                10
    cmain.o                30
    cstartup_M.o           28
    -------------------------------------------
    Total:                 68

shb_l.a: [6]
    exit.o                 20
    -------------------------------------------
    Total:                 20

    Gaps                    6
-----------------------------------------------
    Grand Total:        1'030      620      256


*******************************************************************************
*** ENTRY LIST
***

Entry                       Address   Size  Type      Object
-----                       -------   ----  ----      ------
?main                         0x5f5         Code  Gb  cmain.o [5]
FaultISR                      0x66f    0x2  Code  Lc  startup_ewarm.o [1]
GPIODirModeSet                0x26d   0x28  Code  Gb  gpio.o [3]
GPIOPadConfigSet              0x295  0x174  Code  Gb  gpio.o [3]
GPIOPinTypeGPIOOutput         0x40f    0xa  Code  Gb  gpio.o [3]
GPIOPinWrite                  0x409    0x6  Code  Gb  gpio.o [3]
IntDefaultHandler             0x671    0x2  Code  Lc  startup_ewarm.o [1]
NmiSR                         0x66d    0x2  Code  Lc  startup_ewarm.o [1]
Region$$Table$$Base             0x0          --   Gb  - Linker created -
Region$$Table$$Limit            0x0          --   Gb  - Linker created -
ResetISR                      0x659    0xe  Code  Gb  startup_ewarm.o [1]
SysCtlClockSet                0x47d   0xd8  Code  Gb  sysctl.o [3]
SysCtlDelay                   0x475    0x8  Code  Gb  sysctl.o [3]
SysCtlPeripheralEnable        0x459    0x8  Code  Gb  sysctl.o [3]
SysCtlPeripheralReady         0x439    0x8  Code  Gb  sysctl.o [3]
__cmain                       0x5f5         Code  Gb  cmain.o [5]
__exit                        0x629   0x14  Code  Gb  exit.o [6]
__iar_init_vfp                0x5d1         Code  Gb  fpinit_M.o [4]
__iar_program_start           0x63d         Code  Gb  cstartup_M.o [5]
__low_level_init              0x613    0x4  Code  Gb  low_level_init.o [2]
__vector_table                  0x0  0x26c  Data  Gb  startup_ewarm.o [1]
_call_main                    0x601         Code  Gb  cmain.o [5]
_exit                         0x61d         Code  Gb  cexit.o [5]
exit                          0x617    0x4  Code  Gb  exit.o [2]
main                          0x579   0x58  Code  Gb  project0.o [1]
pui32Stack              0x2000'0000  0x100  Data  Lc  startup_ewarm.o [1]


[1] = C:\Users\kquackenbush\Desktop\Tiva_C_Series_Launchpad\project0\TivaWare_C_Series-2.2.0.295\examples\boards\ek-tm4c123gxl\project0\ewarm\Obj\Source
[2] = dl7M_tln.a
[3] = driverlib.a
[4] = m7M_tls.a
[5] = rt7M_tl.a
[6] = shb_l.a

  1'030 bytes of readonly  code memory
    620 bytes of readonly  data memory
    256 bytes of readwrite data memory

Errors: none
Warnings: 1
