###############################################################################
#
# IAR ELF Linker V9.30.1.335/W64 for ARM                  02/May/2023  16:21:52
# Copyright 2007-2022 IAR Systems AB.
#
#    Output file  =
#        R:\SourceCode\TIVA\Development\dev001\projects\Debug\Exe\dev001.out
#    Map file     =
#        R:\SourceCode\TIVA\Development\dev001\projects\Debug\List\dev001.map
#    Command line =
#        -f
#        R:\SourceCode\TIVA\Development\dev001\projects\Debug\Exe\dev001.out.rsp
#        (R:\SourceCode\TIVA\Development\dev001\projects\Debug\Obj\pinmap\BSP.o
#        R:\SourceCode\TIVA\Development\dev001\projects\Debug\Obj\Libraries\buttons.o
#        R:\SourceCode\TIVA\Development\dev001\projects\Debug\Obj\Assembly\context.o
#        R:\SourceCode\TIVA\Development\dev001\projects\Debug\Obj\Assembly\custom_cmain.o
#        R:\SourceCode\TIVA\Development\dev001\projects\Debug\Obj\digitalInput_interface.o
#        R:\SourceCode\TIVA\Development\dev001\projects\Debug\Obj\digitalOutput_interface.o
#        R:\SourceCode\TIVA\Development\dev001\middleware\TivaWare_C_Series-2.2.0.295\driverlib\ewarm\Exe\driverlib.a
#        R:\SourceCode\TIVA\Development\dev001\projects\Debug\Obj\src\kernel.o
#        R:\SourceCode\TIVA\Development\dev001\projects\Debug\Obj\KOS.o
#        R:\SourceCode\TIVA\Development\dev001\projects\Debug\Obj\src\main_TMC129XNCZAD.o
#        R:\SourceCode\TIVA\Development\dev001\projects\Debug\Obj\src\queue.o
#        R:\SourceCode\TIVA\Development\dev001\projects\Debug\Obj\serial.o
#        R:\SourceCode\TIVA\Development\dev001\projects\Debug\Obj\startup_ewarm.o
#        R:\SourceCode\TIVA\Development\dev001\projects\Debug\Obj\src\system_init.o
#        R:\SourceCode\TIVA\Development\dev001\projects\Debug\Obj\Assembly\system_reset.o
#        R:\SourceCode\TIVA\Development\dev001\projects\Debug\Obj\systemControl_interface.o
#        R:\SourceCode\TIVA\Development\dev001\projects\Debug\Obj\UART_interface.o
#        --no_out_extension -o
#        R:\SourceCode\TIVA\Development\dev001\projects\Debug\Exe\dev001.out
#        --redirect _Printf=_PrintfFullNoMb --redirect _Scanf=_ScanfFullNoMb
#        --map
#        R:\SourceCode\TIVA\Development\dev001\projects\Debug\List\dev001.map
#        --config "C:\Program Files\IAR Systems\Embedded Workbench
#        9.1\arm/config/linker/TexasInstruments/TM4C129XNC.icf" --semihosting
#        --entry __iar_program_start --redirect
#        __iar_sh_stdout=__iar_sh_stdout_swo --vfe --text_out locale
#        --cpu=Cortex-M4 --fpu=VFPv4_sp)
#
###############################################################################

*******************************************************************************
*** MESSAGES
***

Warning[Lt009]: Inconsistent wchar_t size
            gpio.o(driverlib.a) and 5 other objects in driverlib.a have wchar_t
                      size 16 bits
            BSP.o and 32 other objects, some of them in dl7M_tln.a and 11 other
                      libraries have wchar_t size 32 bits


*******************************************************************************
*** RUNTIME MODEL ATTRIBUTES
***

CppFlavor       = *
__CPP_Runtime   = 1
__Heap_Handler  = NoFree
__SystemLibrary = DLib
__dlib_version  = 6


*******************************************************************************
*** HEAP SELECTION
***

The no free heap was selected because no calls to memory
deallocation functions were found in the application.


*******************************************************************************
*** PLACEMENT SUMMARY
***

"A0":  place at address 0x0 { ro section .intvec };
"P1":  place in [from 0x0 to 0xf'ffff] { ro };
define block CSTACK with size = 32K, alignment = 8 { };
define block HEAP with size = 64K, alignment = 8 { };
"P2":  place in [from 0x2000'0000 to 0x2003'ffff] {
          rw, block CSTACK, block HEAP };
do not initialize { rw section .noinit };
initialize by copy { rw };

  Section            Kind         Address      Size  Object
  -------            ----         -------      ----  ------
"A0":                                         0x200
  .intvec            const            0x0     0x200  startup_ewarm.o [1]
                                  - 0x200     0x200

"P1":                                        0x3599
  .text              ro code        0x200     0xe8e  xprintffull_nomb.o [6]
  .text              ro code       0x108e      0x7e  lz77_init_single.o [9]
  .text              ro code       0x110c      0x16  strchr.o [9]
  .text              ro code       0x1122       0xa  xsprout.o [6]
  .text              ro code       0x112c      0x40  xfail_s.o [6]
  .text              ro code       0x116c      0x36  strlen.o [9]
  .text              ro code       0x11a4      0x58  memchr.o [9]
  .text              ro code       0x11fc      0xa6  ABImemcpy.o [9]
  .text              ro code       0x12a4      0x70  frexp.o [8]
  .text              ro code       0x1314      0x34  DblCmpLe.o [8]
  .text              ro code       0x1348      0x34  DblCmpGe.o [8]
  .text              ro code       0x137c     0x13a  ldexp.o [8]
  .text              ro code       0x14b8      0x36  DblToS32.o [8]
  .text              ro code       0x14f0      0x22  S32ToDbl.o [8]
  .text              ro code       0x1514     0x24e  DblAddSub.o [8]
  .text              ro code       0x1764     0x246  DblDiv.o [8]
  .text              ro code       0x19ac      0x22  DblToU32.o [8]
  .text              ro code       0x19d0      0x1c  U32ToDbl.o [8]
  .text              ro code       0x19ec     0x1aa  DblMul.o [8]
  .text              ro code       0x1b98     0x230  I64DivMod.o [9]
  .text              ro code       0x1dc8       0x6  abort.o [6]
  .text              ro code       0x1dd0       0x2  I64DivZer.o [9]
  .text              ro code       0x1dd4      0x14  exit.o [10]
  .text              ro code       0x1de8     0x4f0  sysctl.o [7]
  .text              ro code       0x22d8     0x2fc  gpio.o [7]
  .text              ro code       0x25d4     0x23a  systemControl_interface.o [1]
  .text              ro code       0x2810     0x164  interrupt.o [7]
  .text              ro code       0x2974      0x40  systick.o [7]
  .text              ro code       0x29b4      0x10  cpu.o [7]
  .text              ro code       0x29c4     0x1c8  main_TMC129XNCZAD.o [5]
  .text              ro code       0x2b8c      0xa2  buttons.o [3]
  .text              ro code       0x2c30      0x70  serial.o [1]
  .text              ro code       0x2ca0     0x148  system_init.o [5]
  .text              ro code       0x2de8     0x140  UART_interface.o [1]
  .text              ro code       0x2f28      0x70  digitalOutput_interface.o [1]
  .text              ro code       0x2f98     0x1b0  kernel.o [5]
  .text              ro code       0x3148      0x58  KOS.o [1]
  .text              ro code       0x31a0      0x4c  no_free_heap0.o [6]
  .text              ro code       0x31ec      0xc8  digitalInput_interface.o [1]
  .text              ro code       0x32b4       0x6  ABImemclr.o [9]
  .text              ro code       0x32bc      0x34  vsprintf.o [6]
  .text              ro code       0x32f0      0x64  BSP.o [4]
  .text              ro code       0x3354      0x96  uart.o [7]
  .text              ro code       0x33ea      0xca  queue.o [5]
  .text              ro code       0x34b4      0x2c  xgetmemchunk.o [6]
  .text              ro code       0x34e0      0x5e  ABImemset.o [9]
  .text              ro code       0x3540      0x4c  context.o [2]
  .text              ro code       0x358c      0x38  zero_init3.o [9]
  .text              ro code       0x35c4      0x30  custom_cmain.o [2]
  .text              ro code       0x35f4       0x4  low_level_init.o [6]
  .text              ro code       0x35f8      0x28  data_init.o [9]
  .text              ro code       0x3620       0x4  exit.o [6]
  .text              ro code       0x3624       0xa  cexit.o [9]
  .text              ro code       0x3630      0x22  fpinit_M.o [8]
  .iar.init_table    const         0x3654      0x20  - Linker created -
  .text              ro code       0x3674      0x1e  startup_ewarm.o [1]
  .text              ro code       0x3694      0x1c  system_reset.o [2]
  .rodata            const         0x36b0      0x18  main_TMC129XNCZAD.o [5]
  .rodata            const         0x36c8      0x18  main_TMC129XNCZAD.o [5]
  .rodata            const         0x36e0      0x18  main_TMC129XNCZAD.o [5]
  .rodata            const         0x36f8      0x18  main_TMC129XNCZAD.o [5]
  .rodata            const         0x3710      0x18  main_TMC129XNCZAD.o [5]
  .rodata            const         0x3728       0x0  zero_init3.o [9]
  .rodata            const         0x3728       0x0  lz77_init_single.o [9]
  Initializer bytes  const         0x3728      0x71  <for P2-1>
                                 - 0x3799    0x3599

"P2", part 1 of 3:                             0xf8
  P2-1                        0x2000'0000      0xf8  <Init block>
    .data            inited   0x2000'0000      0x3c  BSP.o [4]
    .data            inited   0x2000'003c      0x3c  BSP.o [4]
    .data            inited   0x2000'0078      0x24  BSP.o [4]
    .data            inited   0x2000'009c      0x30  BSP.o [4]
    .data            inited   0x2000'00cc      0x20  BSP.o [4]
    .data            inited   0x2000'00ec       0x4  kernel.o [5]
    .data            inited   0x2000'00f0       0x8  main_TMC129XNCZAD.o [5]
                            - 0x2000'00f8      0xf8

"P2", part 2 of 3:                           0xa7dc
  .bss               zero     0x2000'00f8    0x90b4  kernel.o [5]
  .bss               zero     0x2000'91ac    0x1014  kernel.o [5]
  VTABLE             zero     0x2000'a400     0x26c  interrupt.o [7]
  .bss               zero     0x2000'a66c     0x228  UART_interface.o [1]
  .bss               zero     0x2000'a894       0x8  digitalInput_interface.o [1]
  .bss               zero     0x2000'a89c       0x4  buttons.o [3]
  .bss               zero     0x2000'a8a0       0x4  kernel.o [5]
  .bss               zero     0x2000'a8a4       0x4  kernel.o [5]
  .bss               zero     0x2000'a8a8       0x4  kernel.o [5]
  .bss               zero     0x2000'a8ac       0x4  kernel.o [5]
  .bss               zero     0x2000'a8b0       0x4  main_TMC129XNCZAD.o [5]
  .bss               zero     0x2000'a8b4       0x4  main_TMC129XNCZAD.o [5]
  .bss               zero     0x2000'a8b8       0x4  main_TMC129XNCZAD.o [5]
  .bss               zero     0x2000'a8bc       0x4  main_TMC129XNCZAD.o [5]
  .bss               zero     0x2000'a8c0       0x4  main_TMC129XNCZAD.o [5]
  .bss               zero     0x2000'a8c4       0x4  main_TMC129XNCZAD.o [5]
  .bss               zero     0x2000'a8c8       0x4  xfail_s.o [6]
  .bss               zero     0x2000'a8cc       0x4  no_free_heap0.o [6]
  .bss               zero     0x2000'a8d0       0x4  xgetmemchunk.o [6]
                            - 0x2000'a8d4    0xa7dc

"P2", part 3 of 3:                         0x1'0204
  .noinit            uninit   0x2000'a8d4     0x200  startup_ewarm.o [1]
  HEAP                        0x2000'aad8  0x1'0000  <Block>
    HEAP             uninit   0x2000'aad8  0x1'0000  <Block tail>
                            - 0x2001'aad8  0x1'0204

Unused ranges:

         From           To      Size
         ----           --      ----
       0x3799     0xf'ffff  0xf'c867
  0x2001'aad8  0x2003'ffff  0x2'5528


*******************************************************************************
*** INIT TABLE
***

          Address      Size
          -------      ----
Zero (__iar_zero_init3)
    1 destination range, total size 0xa7dc:
          0x2000'00f8  0xa7dc

Copy/lz77 (__iar_lz77_init_single3)
    1 source range, total size 0x71 (45% of destination):
               0x3728    0x71
    1 destination range, total size 0xf8:
          0x2000'0000    0xf8



*******************************************************************************
*** MODULE SUMMARY
***

    Module                     ro code  ro data  rw data
    ------                     -------  -------  -------
command line/config:
    ----------------------------------------------------
    Total:

R:\SourceCode\TIVA\Development\dev001\projects\Debug\Obj: [1]
    KOS.o                           88
    UART_interface.o               320               552
    digitalInput_interface.o       200                 8
    digitalOutput_interface.o      112
    serial.o                       112
    startup_ewarm.o                 30      512      512
    systemControl_interface.o      570
    ----------------------------------------------------
    Total:                       1'432      512    1'072

R:\SourceCode\TIVA\Development\dev001\projects\Debug\Obj\Assembly: [2]
    context.o                       76
    custom_cmain.o                  48
    system_reset.o                  28
    ----------------------------------------------------
    Total:                         152

R:\SourceCode\TIVA\Development\dev001\projects\Debug\Obj\Libraries: [3]
    buttons.o                      162                 4
    ----------------------------------------------------
    Total:                         162                 4

R:\SourceCode\TIVA\Development\dev001\projects\Debug\Obj\pinmap: [4]
    BSP.o                          100      107      236
    ----------------------------------------------------
    Total:                         100      107      236

R:\SourceCode\TIVA\Development\dev001\projects\Debug\Obj\src: [5]
    kernel.o                       432        2   41'180
    main_TMC129XNCZAD.o            456      124       32
    queue.o                        202
    system_init.o                  328
    ----------------------------------------------------
    Total:                       1'418      126   41'212

dl7M_tln.a: [6]
    abort.o                          6
    exit.o                           4
    low_level_init.o                 4
    no_free_heap0.o                 76                 4
    vsprintf.o                      52
    xfail_s.o                       64                 4
    xgetmemchunk.o                  44                 4
    xprintffull_nomb.o           3'726
    xsprout.o                       10
    ----------------------------------------------------
    Total:                       3'986                12

driverlib.a: [7]
    cpu.o                           16
    gpio.o                         764
    interrupt.o                    356               620
    sysctl.o                     1'264
    systick.o                       64
    uart.o                         150
    ----------------------------------------------------
    Total:                       2'614               620

m7M_tls.a: [8]
    DblAddSub.o                    590
    DblCmpGe.o                      52
    DblCmpLe.o                      52
    DblDiv.o                       582
    DblMul.o                       426
    DblToS32.o                      54
    DblToU32.o                      34
    S32ToDbl.o                      34
    U32ToDbl.o                      28
    fpinit_M.o                      34
    frexp.o                        112
    ldexp.o                        314
    ----------------------------------------------------
    Total:                       2'312

rt7M_tl.a: [9]
    ABImemclr.o                      6
    ABImemcpy.o                    166
    ABImemset.o                     94
    I64DivMod.o                    560
    I64DivZer.o                      2
    cexit.o                         10
    data_init.o                     40
    lz77_init_single.o             126
    memchr.o                        88
    strchr.o                        22
    strlen.o                        54
    zero_init3.o                    56
    ----------------------------------------------------
    Total:                       1'224

shb_l.a: [10]
    exit.o                          20
    ----------------------------------------------------
    Total:                          20

    Gaps                            34        2      576
    Linker created                           32   65'536
--------------------------------------------------------
    Grand Total:                13'454      779  109'268


*******************************************************************************
*** ENTRY LIST
***

Entry                       Address    Size  Type      Object
-----                       -------    ----  ----      ------
.iar.init_table$$Base        0x3654           --   Gb  - Linker created -
.iar.init_table$$Limit       0x3674           --   Gb  - Linker created -
?main                        0x35c5          Code  Gb  custom_cmain.o [2]
CPUcpsid                     0x29b5     0x8  Code  Gb  cpu.o [7]
CPUcpsie                     0x29bd     0x8  Code  Gb  cpu.o [7]
FaultISR                     0x368f     0x2  Code  Lc  startup_ewarm.o [1]
GPIODirModeSet               0x22d9    0x28  Code  Gb  gpio.o [7]
GPIOPadConfigSet             0x2301   0x174  Code  Gb  gpio.o [7]
GPIOPinConfigure             0x24e1    0x38  Code  Gb  gpio.o [7]
GPIOPinRead                  0x2475     0x6  Code  Gb  gpio.o [7]
GPIOPinTypeGPIOInput         0x2485    0x14  Code  Gb  gpio.o [7]
GPIOPinTypeGPIOOutput        0x2499     0xa  Code  Gb  gpio.o [7]
GPIOPinTypeGPIOOutputOD
                             0x24a3     0x8  Code  Gb  gpio.o [7]
GPIOPinTypeUART              0x24c5    0x14  Code  Gb  gpio.o [7]
GPIOPinWrite                 0x247b     0x6  Code  Gb  gpio.o [7]
GPIOUnlockPin                0x2521     0xe  Code  Gb  gpio.o [7]
HEAP$$Base              0x2000'aad8           --   Gb  - Linker created -
HEAP$$Limit             0x2001'aad8           --   Gb  - Linker created -
IntDefaultHandler            0x3691     0x2  Code  Lc  startup_ewarm.o [1]
IntMasterDisable             0x2819     0x6  Code  Gb  interrupt.o [7]
IntMasterEnable              0x2811     0x8  Code  Gb  interrupt.o [7]
IntPendSet                   0x2871    0x48  Code  Gb  interrupt.o [7]
IntPrioritySet               0x284d    0x24  Code  Gb  interrupt.o [7]
IntRegister                  0x2827    0x26  Code  Gb  interrupt.o [7]
NmiSR                        0x368d     0x2  Code  Lc  startup_ewarm.o [1]
OS_idle                      0x3149     0x2  Code  Gb  KOS.o [1]
OS_init                      0x314b    0x10  Code  Gb  KOS.o [1]
P                            0x3161    0x20  Code  Gb  KOS.o [1]
RGBled_pinout           0x2000'0078    0x24  Data  Gb  BSP.o [4]
Region$$Table$$Base          0x3654           --   Gb  - Linker created -
Region$$Table$$Limit         0x3674           --   Gb  - Linker created -
ResetISR                     0x3675    0x12  Code  Gb  startup_ewarm.o [1]
SysCtlClockFreqSet           0x1e4f   0x204  Code  Gb  sysctl.o [7]
SysCtlPeripheralEnable       0x1e33     0x8  Code  Gb  sysctl.o [7]
SysCtlPeripheralPresent
                             0x1e09     0xa  Code  Gb  sysctl.o [7]
SysCtlPeripheralReady        0x1e13     0x8  Code  Gb  sysctl.o [7]
SysTickEnable                0x2975     0xc  Code  Gb  systick.o [7]
SysTickIntEnable             0x2997     0xc  Code  Gb  systick.o [7]
SysTickIntRegister           0x2981    0x16  Code  Gb  systick.o [7]
SysTickPeriodSet             0x29a3     0x8  Code  Gb  systick.o [7]
UARTCharPutNonBlocking       0x33dd     0xe  Code  Gb  uart.o [7]
UARTConfigSetExpClk          0x3355    0x4c  Code  Gb  uart.o [7]
UARTDisable                  0x33bb    0x1e  Code  Gb  uart.o [7]
UARTEnable                   0x33a1    0x1a  Code  Gb  uart.o [7]
UARTS                   0x2000'00cc    0x20  Data  Gb  BSP.o [4]
UARTS_pinout            0x2000'009c    0x30  Data  Gb  BSP.o [4]
V                            0x3181    0x20  Code  Gb  KOS.o [1]
_LC                           0x201     0x6  Code  Lc  xprintffull_nomb.o [6]
_LitobFullNoMb                0xe91   0x114  Code  Lc  xprintffull_nomb.o [6]
_PrintfFullNoMb               0x207   0xc76  Code  Gb  xprintffull_nomb.o [6]
_PutcharsFullNoMb             0xffd    0x2e  Code  Lc  xprintffull_nomb.o [6]
_SProut                      0x1123     0xa  Code  Gb  xsprout.o [6]
_SysCtlMemTimingGet          0x1de9    0x20  Code  Lc  sysctl.o [7]
__aeabi_cdcmple              0x1315          Code  Gb  DblCmpLe.o [8]
__aeabi_cdrcmple             0x1349          Code  Gb  DblCmpGe.o [8]
__aeabi_d2iz                 0x14b9          Code  Gb  DblToS32.o [8]
__aeabi_d2uiz                0x19ad          Code  Gb  DblToU32.o [8]
__aeabi_ddiv                 0x1765          Code  Gb  DblDiv.o [8]
__aeabi_dmul                 0x19ed          Code  Gb  DblMul.o [8]
__aeabi_dsub                 0x1681          Code  Gb  DblAddSub.o [8]
__aeabi_i2d                  0x14f1          Code  Gb  S32ToDbl.o [8]
__aeabi_ldiv0                0x1dd1          Code  Gb  I64DivZer.o [9]
__aeabi_memclr               0x32b5          Code  Gb  ABImemclr.o [9]
__aeabi_memcpy               0x11fd          Code  Gb  ABImemcpy.o [9]
__aeabi_memcpy4              0x121d          Code  Gb  ABImemcpy.o [9]
__aeabi_memcpy8              0x121d          Code  Gb  ABImemcpy.o [9]
__aeabi_ui2d                 0x19d1          Code  Gb  U32ToDbl.o [8]
__aeabi_uldivmod             0x1b99          Code  Gb  I64DivMod.o [9]
__cmain                      0x35c5          Code  Gb  custom_cmain.o [2]
__data_GetMemChunk           0x34b5    0x2c  Code  Gb  xgetmemchunk.o [6]
__data_GetMemChunk::start
                        0x2000'a8d0     0x4  Data  Lc  xgetmemchunk.o [6]
__exit                       0x1dd5    0x14  Code  Gb  exit.o [10]
__iar_Fail_s                 0x112d    0x1c  Code  Gb  xfail_s.o [6]
__iar_Memchr                 0x11a5          Code  Gb  memchr.o [9]
__iar_Memset_word            0x34e1          Code  Gb  ABImemset.o [9]
__iar_Strchr                 0x110d          Code  Gb  strchr.o [9]
__iar_data_init3             0x35f9    0x28  Code  Gb  data_init.o [9]
__iar_frexp                  0x12b1          Code  Gb  frexp.o [8]
__iar_frexpl                 0x12b1          Code  Gb  frexp.o [8]
__iar_init_vfp               0x3631          Code  Gb  fpinit_M.o [8]
__iar_ldexp64                0x137d          Code  Gb  ldexp.o [8]
__iar_lz77_init_single3
                             0x108f    0x7e  Code  Gb  lz77_init_single.o [9]
__iar_program_start          0x3695          Code  Gb  system_reset.o [2]
__iar_scalbln64              0x137d          Code  Gb  ldexp.o [8]
__iar_scalbn64               0x137d          Code  Gb  ldexp.o [8]
__iar_softfp___iar_frexp64
                             0x12a5          Code  Gb  frexp.o [8]
__iar_softfp_frexp           0x12a5          Code  Gb  frexp.o [8]
__iar_softfp_frexpl          0x12a5          Code  Gb  frexp.o [8]
__iar_zero_init3             0x358d    0x38  Code  Gb  zero_init3.o [9]
__low_level_init             0x35f5     0x4  Code  Gb  low_level_init.o [6]
__no_free_malloc             0x31a1    0x46  Code  Gb  no_free_heap0.o [6]
__vector_table                  0x0   0x200  Data  Gb  startup_ewarm.o [1]
_call_main                   0x35d1          Code  Gb  custom_cmain.o [2]
_exit                        0x3625          Code  Gb  cexit.o [9]
abort                        0x1dc9     0x6  Code  Gb  abort.o [6]
accessDevice_pinout          0x32f1    0x46  Code  Gb  BSP.o [4]
accessUART_device            0x3337     0x8  Code  Gb  BSP.o [4]
app                          0x29fb    0x22  Code  Gb  main_TMC129XNCZAD.o [5]
app_config                   0x29c5    0x36  Code  Gb  main_TMC129XNCZAD.o [5]
block                        0x3097    0x18  Code  Gb  kernel.o [5]
button1                 0x2000'a8b0     0x4  Data  Gb  main_TMC129XNCZAD.o [5]
button2                 0x2000'a8b4     0x4  Data  Gb  main_TMC129XNCZAD.o [5]
button3                 0x2000'a8b8     0x4  Data  Gb  main_TMC129XNCZAD.o [5]
button4                 0x2000'a8bc     0x4  Data  Gb  main_TMC129XNCZAD.o [5]
button5                 0x2000'a8c0     0x4  Data  Gb  main_TMC129XNCZAD.o [5]
buttonList              0x2000'a89c     0x4  Data  Gb  buttons.o [3]
config_UART                  0x2de9    0xee  Code  Gb  UART_interface.o [1]
config_sysTick               0x2789    0x46  Code  Gb  systemControl_interface.o [1]
deqeue_proc                  0x34a1    0x14  Code  Gb  queue.o [5]
digitalInput_config          0x31ed    0x6a  Code  Gb  digitalInput_interface.o [1]
digitalInputs           0x2000'a894     0x8  Data  Gb  digitalInput_interface.o [1]
digitalInputs_pinout    0x2000'0000    0x3c  Data  Gb  BSP.o [4]
digitalOutput_config         0x2f29    0x32  Code  Gb  digitalOutput_interface.o [1]
digitalOutput_control        0x2f5b    0x3e  Code  Gb  digitalOutput_interface.o [1]
digitalOutputs_pinout   0x2000'003c    0x3c  Data  Gb  BSP.o [4]
disable_IRQ                  0x2dd9     0x8  Code  Gb  system_init.o [5]
disable_NVIC                 0x277f     0x8  Code  Gb  systemControl_interface.o [1]
enable_IRQ                   0x2dd1     0x8  Code  Gb  system_init.o [5]
enable_NVIC                  0x2777     0x8  Code  Gb  systemControl_interface.o [1]
enable_sysTick               0x27e5    0x20  Code  Gb  systemControl_interface.o [1]
exit                         0x3621     0x4  Code  Gb  exit.o [6]
freelist                0x2000'a8a4     0x4  Data  Gb  kernel.o [5]
g_pfnRAMVectors         0x2000'a400   0x26c  Data  Lc  interrupt.o [7]
g_pppui32XTALtoVCO           0x20f0   0x1b0  Data  Lc  sysctl.o [7]
g_pui32GPIOBaseAddrs         0x2544    0x90  Data  Lc  gpio.o [7]
g_pui32PendRegs              0x2960    0x14  Data  Lc  interrupt.o [7]
g_pui32Regs                  0x28c4    0x9c  Data  Lc  interrupt.o [7]
g_pui32VCOFrequencies        0x22d0     0x8  Data  Lc  sysctl.o [7]
g_pui32Xtals                 0x2084    0x6c  Data  Lc  sysctl.o [7]
g_sXTALtoMEMTIM              0x22a0    0x30  Data  Lc  sysctl.o [7]
get_proc                     0x33eb    0x14  Code  Gb  queue.o [5]
initPeriph_UART              0x2dab    0x26  Code  Gb  system_init.o [5]
init_digitalInputs           0x2cdb    0x24  Code  Gb  system_init.o [5]
init_digitalOutputs          0x2cff    0x24  Code  Gb  system_init.o [5]
init_interrupts              0x2d95    0x16  Code  Gb  system_init.o [5]
init_machine                 0x2a81    0x3e  Code  Gb  main_TMC129XNCZAD.o [5]
init_peripherals             0x2d23    0x36  Code  Gb  system_init.o [5]
init_proc               0x2000'91ac  0x1014  Data  Gb  kernel.o [5]
init_sysTick                 0x2d59    0x32  Code  Gb  system_init.o [5]
init_systemClock             0x2cbd    0x1e  Code  Gb  system_init.o [5]
kernel_delay                 0x30c9    0x26  Code  Gb  kernel.o [5]
kernel_fork                  0x2fef    0x7a  Code  Gb  kernel.o [5]
kernel_init                  0x2f99    0x56  Code  Gb  kernel.o [5]
kernel_tick                  0x30ef    0x3a  Code  Gb  kernel.o [5]
ldexp                        0x137d          Code  Gb  ldexp.o [8]
ldexpl                       0x137d          Code  Gb  ldexp.o [8]
main                         0x2b21    0x2c  Code  Gb  main_TMC129XNCZAD.o [5]
memchr                       0x11a5          Code  Gb  memchr.o [9]
messages                     0x2a1d    0x64  Code  Gb  main_TMC129XNCZAD.o [5]
newDigitalButton             0x2b8d    0x64  Code  Gb  buttons.o [3]
next                    0x2000'a8ac     0x4  Data  Gb  kernel.o [5]
peripheralInit               0x25d5    0x34  Code  Gb  systemControl_interface.o [1]
proc                    0x2000'00f8  0x90b4  Data  Gb  kernel.o [5]
processButtons               0x2bf1    0x2a  Code  Gb  buttons.o [3]
process_app                  0x2afb    0x26  Code  Gb  main_TMC129XNCZAD.o [5]
process_application          0x2ad7    0x24  Code  Gb  main_TMC129XNCZAD.o [5]
process_digitalInputs        0x2ac9     0xe  Code  Gb  main_TMC129XNCZAD.o [5]
procsize                0x2000'00ec     0x4  Data  Gb  kernel.o [5]
pui32Stack              0x2000'a8d4   0x200  Data  Lc  startup_ewarm.o [1]
qs                      0x2000'a8cc     0x4  Data  Lc  no_free_heap0.o [6]
queue_proc                   0x33ff    0xa2  Code  Gb  queue.o [5]
readButton                   0x2c29     0x6  Code  Gb  buttons.o [3]
readDigitalPin               0x3257    0x5a  Code  Gb  digitalInput_interface.o [1]
readyQueue              0x2000'a8a8     0x4  Data  Gb  kernel.o [5]
running                 0x2000'a8a0     0x4  Data  Gb  kernel.o [5]
s                       0x2000'00f0     0x8  Data  Gb  main_TMC129XNCZAD.o [5]
scalbln                      0x137d          Code  Gb  ldexp.o [8]
scalblnl                     0x137d          Code  Gb  ldexp.o [8]
scalbn                       0x137d          Code  Gb  ldexp.o [8]
scalbnl                      0x137d          Code  Gb  ldexp.o [8]
scale                         0xfa5    0x46  Code  Lc  xprintffull_nomb.o [6]
scheduler                    0x3069    0x2e  Code  Gb  kernel.o [5]
sec_hand                0x2000'a8c8     0x4  Data  Lc  xfail_s.o [6]
send_UART                    0x2ed7    0x4e  Code  Gb  UART_interface.o [1]
serial_printf                0x2c31    0x6c  Code  Gb  serial.o [1]
signal                       0x30af    0x1a  Code  Gb  kernel.o [5]
start_system                 0x2abf     0xa  Code  Gb  main_TMC129XNCZAD.o [5]
state                   0x2000'a8c4     0x4  Data  Gb  main_TMC129XNCZAD.o [5]
strchr                       0x110d          Code  Gb  strchr.o [9]
strlen                       0x116d          Code  Gb  strlen.o [9]
switch_task                  0x2de1     0x8  Code  Gb  system_init.o [5]
sysTickHandler               0x2ca1    0x1c  Code  Gb  system_init.o [5]
systemClockInit              0x2609   0x16e  Code  Gb  systemControl_interface.o [1]
trigger_PendSV               0x2805     0xa  Code  Gb  systemControl_interface.o [1]
tswitch                      0x3541          Code  Gb  context.o [2]
uart_obj                0x2000'a66c   0x228  Data  Gb  UART_interface.o [1]
vsprintf                     0x32bd    0x34  Code  Gb  vsprintf.o [6]


[1] = R:\SourceCode\TIVA\Development\dev001\projects\Debug\Obj
[2] = R:\SourceCode\TIVA\Development\dev001\projects\Debug\Obj\Assembly
[3] = R:\SourceCode\TIVA\Development\dev001\projects\Debug\Obj\Libraries
[4] = R:\SourceCode\TIVA\Development\dev001\projects\Debug\Obj\pinmap
[5] = R:\SourceCode\TIVA\Development\dev001\projects\Debug\Obj\src
[6] = dl7M_tln.a
[7] = driverlib.a
[8] = m7M_tls.a
[9] = rt7M_tl.a
[10] = shb_l.a

   13'454 bytes of readonly  code memory
      779 bytes of readonly  data memory
  109'268 bytes of readwrite data memory

Errors: none
Warnings: 1
