###############################################################################
#
# IAR ELF Linker V9.30.1.335/W64 for ARM                  23/Jun/2023  13:29:16
# Copyright 2007-2022 IAR Systems AB.
#
#    Output file  =
#        R:\SourceCode\TIVA\Development\dev001\projects\Debug\Exe\dev001.out
#    Map file     =
#        R:\SourceCode\TIVA\Development\dev001\projects\Debug\List\dev001.map
#    Command line =
#        -f
#        R:\SourceCode\TIVA\Development\dev001\projects\Debug\Exe\dev001.out.rsp
#        (R:\SourceCode\TIVA\Development\dev001\projects\Debug\Obj\pinmap\BSP.o
#        R:\SourceCode\TIVA\Development\dev001\projects\Debug\Obj\buttons.o
#        R:\SourceCode\TIVA\Development\dev001\projects\Debug\Obj\Assembly\context.o
#        R:\SourceCode\TIVA\Development\dev001\projects\Debug\Obj\Assembly\custom_cmain.o
#        R:\SourceCode\TIVA\Development\dev001\projects\Debug\Obj\digitalInput_interface.o
#        R:\SourceCode\TIVA\Development\dev001\middleware\TivaWare_C_Series-2.2.0.295\driverlib\ewarm\Exe\driverlib.a
#        R:\SourceCode\TIVA\Development\dev001\projects\Debug\Obj\src\kernel.o
#        R:\SourceCode\TIVA\Development\dev001\projects\Debug\Obj\KOS.o
#        R:\SourceCode\TIVA\Development\dev001\projects\Debug\Obj\src\main_TMC129XNCZAD.o
#        R:\SourceCode\TIVA\Development\dev001\projects\Debug\Obj\src\queue.o
#        R:\SourceCode\TIVA\Development\dev001\projects\Debug\Obj\serial.o
#        R:\SourceCode\TIVA\Development\dev001\projects\Debug\Obj\startup_ewarm.o
#        R:\SourceCode\TIVA\Development\dev001\projects\Debug\Obj\src\system.o
#        R:\SourceCode\TIVA\Development\dev001\projects\Debug\Obj\Assembly\system_reset.o
#        R:\SourceCode\TIVA\Development\dev001\projects\Debug\Obj\systemControl_interface.o
#        --no_out_extension -o
#        R:\SourceCode\TIVA\Development\dev001\projects\Debug\Exe\dev001.out
#        --redirect _Printf=_PrintfFullNoMb --redirect _Scanf=_ScanfFullNoMb
#        --map
#        R:\SourceCode\TIVA\Development\dev001\projects\Debug\List\dev001.map
#        --config "C:\Program Files\IAR Systems\Embedded Workbench
#        9.1\arm/config/linker/TexasInstruments/TM4C129XNC.icf" --semihosting
#        --entry __iar_program_start --redirect
#        __iar_sh_stdout=__iar_sh_stdout_swo --vfe --text_out locale
#        --cpu=Cortex-M4 --fpu=VFPv4_sp)
#
###############################################################################

*******************************************************************************
*** MESSAGES
***

Warning[Lt009]: Inconsistent wchar_t size
            gpio.o(driverlib.a) and 4 other objects in driverlib.a have wchar_t
                      size 16 bits
            BSP.o and 31 other objects, some of them in dl7M_tln.a and 11 other
                      libraries have wchar_t size 32 bits


*******************************************************************************
*** RUNTIME MODEL ATTRIBUTES
***

CppFlavor       = *
__CPP_Runtime   = 1
__Heap_Handler  = Basic
__SystemLibrary = DLib
__dlib_version  = 6


*******************************************************************************
*** HEAP SELECTION
***

The basic heap was selected because --advanced_heap
was not specified and the application did not appear to
be primarily optimized for speed.


*******************************************************************************
*** PLACEMENT SUMMARY
***

"A0":  place at address 0x0 { ro section .intvec };
"P1":  place in [from 0x0 to 0xf'ffff] { ro };
define block CSTACK with size = 32K, alignment = 8 { };
define block HEAP with size = 64K, alignment = 8 { };
"P2":  place in [from 0x2000'0000 to 0x2003'ffff] {
          rw, block CSTACK, block HEAP };
do not initialize { rw section .noinit };
initialize by copy { rw };

  Section            Kind         Address      Size  Object
  -------            ----         -------      ----  ------
"A0":                                         0x200
  .intvec            const            0x0     0x200  startup_ewarm.o [1]
                                  - 0x200     0x200

"P1":                                        0x1769
  .text              ro code        0x200     0x4f0  sysctl.o [6]
  .text              ro code        0x6f0     0x3f0  gpio.o [6]
  .text              ro code        0xae0     0x1d8  interrupt.o [6]
  .text              ro code        0xcb8      0x10  cpu.o [6]
  .text              ro code        0xcc8     0x23a  systemControl_interface.o [1]
  .text              ro code        0xf02      0x7e  lz77_init_single.o [8]
  .text              ro code        0xf80      0x40  systick.o [6]
  .text              ro code        0xfc0     0x188  kernel.o [4]
  .text              ro code       0x1148      0xca  queue.o [4]
  .text              ro code       0x1214     0x148  system.o [4]
  .text              ro code       0x135c      0x64  BSP.o [3]
  .text              ro code       0x13c0     0x13c  heap0.o [5]
  .text              ro code       0x14fc      0x2c  xgetmemchunk.o [5]
  .text              ro code       0x1528     0x128  digitalInput_interface.o [1]
  .text              ro code       0x1650       0x4  heaptramp0.o [5]
  .text              ro code       0x1654      0xe0  main_TMC129XNCZAD.o [4]
  .text              ro code       0x1734      0x40  KOS.o [1]
  .text              ro code       0x1774      0x4c  context.o [2]
  .text              ro code       0x17c0      0x38  zero_init3.o [8]
  .text              ro code       0x17f8      0x30  custom_cmain.o [2]
  .text              ro code       0x1828       0x4  low_level_init.o [5]
  .text              ro code       0x182c      0x28  data_init.o [8]
  .text              ro code       0x1854       0x4  exit.o [5]
  .text              ro code       0x1858       0xa  cexit.o [8]
  .text              ro code       0x1864      0x14  exit.o [9]
  .text              ro code       0x1878      0x22  fpinit_M.o [7]
  .iar.init_table    const         0x189c      0x20  - Linker created -
  .text              ro code       0x18bc      0x1e  startup_ewarm.o [1]
  .text              ro code       0x18dc      0x1c  system_reset.o [2]
  .rodata            const         0x18f8       0x0  zero_init3.o [8]
  .rodata            const         0x18f8       0x0  lz77_init_single.o [8]
  Initializer bytes  const         0x18f8      0x71  <for P2-1>
                                 - 0x1969    0x1769

"P2", part 1 of 3:                             0xf8
  P2-1                        0x2000'0000      0xf8  <Init block>
    .data            inited   0x2000'0000      0x3c  BSP.o [3]
    .data            inited   0x2000'003c      0x3c  BSP.o [3]
    .data            inited   0x2000'0078      0x24  BSP.o [3]
    .data            inited   0x2000'009c      0x30  BSP.o [3]
    .data            inited   0x2000'00cc      0x20  BSP.o [3]
    .data            inited   0x2000'00ec       0x4  kernel.o [4]
    .data            inited   0x2000'00f0       0x8  main_TMC129XNCZAD.o [4]
                            - 0x2000'00f8      0xf8

"P2", part 2 of 3:                           0xa5a4
  .bss               zero     0x2000'00f8    0x90d8  kernel.o [4]
  .bss               zero     0x2000'91d0    0x1018  kernel.o [4]
  VTABLE             zero     0x2000'a400     0x26c  interrupt.o [6]
  .bss               zero     0x2000'a66c      0x14  main_TMC129XNCZAD.o [4]
  .bss               zero     0x2000'a680       0x8  heap0.o [5]
  .bss               zero     0x2000'a688       0x4  kernel.o [4]
  .bss               zero     0x2000'a68c       0x4  kernel.o [4]
  .bss               zero     0x2000'a690       0x4  kernel.o [4]
  .bss               zero     0x2000'a694       0x4  kernel.o [4]
  .bss               zero     0x2000'a698       0x4  xgetmemchunk.o [5]
                            - 0x2000'a69c    0xa5a4

"P2", part 3 of 3:                         0x1'0204
  .noinit            uninit   0x2000'a69c     0x200  startup_ewarm.o [1]
  HEAP                        0x2000'a8a0  0x1'0000  <Block>
    HEAP             uninit   0x2000'a8a0  0x1'0000  <Block tail>
                            - 0x2001'a8a0  0x1'0204

Unused ranges:

         From           To      Size
         ----           --      ----
       0x1969     0xf'ffff  0xf'e697
  0x2001'a8a0  0x2003'ffff  0x2'5760


*******************************************************************************
*** INIT TABLE
***

          Address      Size
          -------      ----
Zero (__iar_zero_init3)
    1 destination range, total size 0xa5a4:
          0x2000'00f8  0xa5a4

Copy/lz77 (__iar_lz77_init_single3)
    1 source range, total size 0x71 (45% of destination):
               0x18f8    0x71
    1 destination range, total size 0xf8:
          0x2000'0000    0xf8



*******************************************************************************
*** MODULE SUMMARY
***

    Module                     ro code  ro data  rw data
    ------                     -------  -------  -------
command line/config:
    ----------------------------------------------------
    Total:

R:\SourceCode\TIVA\Development\dev001\projects\Debug\Obj: [1]
    KOS.o                           64
    digitalInput_interface.o       296
    startup_ewarm.o                 30      512      512
    systemControl_interface.o      570
    ----------------------------------------------------
    Total:                         960      512      512

R:\SourceCode\TIVA\Development\dev001\projects\Debug\Obj\Assembly: [2]
    context.o                       76
    custom_cmain.o                  48
    system_reset.o                  28
    ----------------------------------------------------
    Total:                         152

R:\SourceCode\TIVA\Development\dev001\projects\Debug\Obj\pinmap: [3]
    BSP.o                          100      107      236
    ----------------------------------------------------
    Total:                         100      107      236

R:\SourceCode\TIVA\Development\dev001\projects\Debug\Obj\src: [4]
    kernel.o                       392        2   41'220
    main_TMC129XNCZAD.o            224        4       28
    queue.o                        202
    system.o                       328
    ----------------------------------------------------
    Total:                       1'146        6   41'248

dl7M_tln.a: [5]
    exit.o                           4
    heap0.o                        316                 8
    heaptramp0.o                     4
    low_level_init.o                 4
    xgetmemchunk.o                  44                 4
    ----------------------------------------------------
    Total:                         372                12

driverlib.a: [6]
    cpu.o                           16
    gpio.o                       1'008
    interrupt.o                    472               620
    sysctl.o                     1'264
    systick.o                       64
    ----------------------------------------------------
    Total:                       2'824               620

m7M_tls.a: [7]
    fpinit_M.o                      34
    ----------------------------------------------------
    Total:                          34

rt7M_tl.a: [8]
    cexit.o                         10
    data_init.o                     40
    lz77_init_single.o             126
    zero_init3.o                    56
    ----------------------------------------------------
    Total:                         232

shb_l.a: [9]
    exit.o                          20
    ----------------------------------------------------
    Total:                          20

    Gaps                             6        2      536
    Linker created                           32   65'536
--------------------------------------------------------
    Grand Total:                 5'846      659  108'700


*******************************************************************************
*** ENTRY LIST
***

Entry                       Address    Size  Type      Object
-----                       -------    ----  ----      ------
.iar.init_table$$Base        0x189c           --   Gb  - Linker created -
.iar.init_table$$Limit       0x18bc           --   Gb  - Linker created -
?main                        0x17f9          Code  Gb  custom_cmain.o [2]
Aldata                  0x2000'a680     0x8  Data  Lc  heap0.o [5]
CPUcpsid                      0xcb9     0x8  Code  Gb  cpu.o [6]
CPUcpsie                      0xcc1     0x8  Code  Gb  cpu.o [6]
DIN                     0x2000'00f0     0x8  Data  Gb  main_TMC129XNCZAD.o [4]
DIN_ISR                      0x1655    0x2e  Code  Lc  main_TMC129XNCZAD.o [4]
FaultISR                     0x18d7     0x2  Code  Lc  startup_ewarm.o [1]
GPIOIntClear                  0x907     0x6  Code  Gb  gpio.o [6]
GPIOIntEnable                 0x8f1     0x6  Code  Gb  gpio.o [6]
GPIOIntRegister               0x90d    0x14  Code  Gb  gpio.o [6]
GPIOIntStatus                 0x8f7    0x10  Code  Gb  gpio.o [6]
GPIOIntTypeSet                0x731    0x4c  Code  Gb  gpio.o [6]
GPIOPadConfigSet              0x77d   0x174  Code  Gb  gpio.o [6]
GPIOPinRead                   0x929     0x6  Code  Gb  gpio.o [6]
HEAP$$Base              0x2000'a8a0           --   Gb  - Linker created -
HEAP$$Limit             0x2001'a8a0           --   Gb  - Linker created -
IntDefaultHandler            0x18d9     0x2  Code  Lc  startup_ewarm.o [1]
IntEnable                     0xb41    0x56  Code  Gb  interrupt.o [6]
IntMasterDisable              0xae9     0x6  Code  Gb  interrupt.o [6]
IntMasterEnable               0xae1     0x8  Code  Gb  interrupt.o [6]
IntPendSet                    0xb97    0x48  Code  Gb  interrupt.o [6]
IntPrioritySet                0xb1d    0x24  Code  Gb  interrupt.o [6]
IntRegister                   0xaf7    0x26  Code  Gb  interrupt.o [6]
NmiSR                        0x18d5     0x2  Code  Lc  startup_ewarm.o [1]
OS_idle                      0x1735     0x2  Code  Gb  KOS.o [1]
OS_init                      0x1737    0x10  Code  Gb  KOS.o [1]
RGBled_pinout           0x2000'0078    0x24  Data  Gb  BSP.o [3]
Region$$Table$$Base          0x189c           --   Gb  - Linker created -
Region$$Table$$Limit         0x18bc           --   Gb  - Linker created -
ResetISR                     0x18bd    0x12  Code  Gb  startup_ewarm.o [1]
SysCtlClockFreqSet            0x267   0x204  Code  Gb  sysctl.o [6]
SysCtlPeripheralEnable        0x24b     0x8  Code  Gb  sysctl.o [6]
SysCtlPeripheralPresent
                              0x221     0xa  Code  Gb  sysctl.o [6]
SysCtlPeripheralReady         0x22b     0x8  Code  Gb  sysctl.o [6]
SysTickEnable                 0xf81     0xc  Code  Gb  systick.o [6]
SysTickIntEnable              0xfa3     0xc  Code  Gb  systick.o [6]
SysTickIntRegister            0xf8d    0x16  Code  Gb  systick.o [6]
SysTickPeriodSet              0xfaf     0x8  Code  Gb  systick.o [6]
UARTS                   0x2000'00cc    0x20  Data  Gb  BSP.o [3]
UARTS_pinout            0x2000'009c    0x30  Data  Gb  BSP.o [3]
_GPIOIntNumberGet             0x6f1    0x40  Code  Lc  gpio.o [6]
_SysCtlMemTimingGet           0x201    0x20  Code  Lc  sysctl.o [6]
__basic_free                 0x146d    0x16  Code  Gb  heap0.o [5]
__basic_free_intern          0x1483    0x74  Code  Lc  heap0.o [5]
__basic_malloc               0x13c1    0x18  Code  Gb  heap0.o [5]
__basic_malloc_intern        0x13d9    0x94  Code  Lc  heap0.o [5]
__clearInterrupt             0x1573     0xe  Code  Gb  digitalInput_interface.o [1]
__cmain                      0x17f9          Code  Gb  custom_cmain.o [2]
__config                     0x1581    0x88  Code  Gb  digitalInput_interface.o [1]
__data_GetMemChunk           0x14fd    0x2c  Code  Gb  xgetmemchunk.o [5]
__data_GetMemChunk::start
                        0x2000'a698     0x4  Data  Lc  xgetmemchunk.o [5]
__destroy                    0x154d     0xe  Code  Gb  digitalInput_interface.o [1]
__exit                       0x1865    0x14  Code  Gb  exit.o [9]
__getInterrupt               0x155b    0x18  Code  Gb  digitalInput_interface.o [1]
__iar_data_init3             0x182d    0x28  Code  Gb  data_init.o [8]
__iar_init_vfp               0x1879          Code  Gb  fpinit_M.o [7]
__iar_lz77_init_single3
                              0xf03    0x7e  Code  Gb  lz77_init_single.o [8]
__iar_program_start          0x18dd          Code  Gb  system_reset.o [2]
__iar_zero_init3             0x17c1    0x38  Code  Gb  zero_init3.o [8]
__low_level_init             0x1829     0x4  Code  Gb  low_level_init.o [5]
__read                       0x1529    0x24  Code  Gb  digitalInput_interface.o [1]
__vector_table                  0x0   0x200  Data  Gb  startup_ewarm.o [1]
_call_main                   0x1805          Code  Gb  custom_cmain.o [2]
_exit                        0x1859          Code  Gb  cexit.o [8]
accessDevice_pinout          0x135d    0x46  Code  Gb  BSP.o [3]
accessUART_device            0x13a3     0x8  Code  Gb  BSP.o [3]
block                        0x10bf    0x18  Code  Gb  kernel.o [4]
config_sysTick                0xe7d    0x46  Code  Gb  systemControl_interface.o [1]
deqeue_proc                  0x11ff    0x14  Code  Gb  queue.o [4]
digitalInput_create          0x1609    0x2e  Code  Gb  digitalInput_interface.o [1]
digitalInputs_pinout    0x2000'0000    0x3c  Data  Gb  BSP.o [3]
digitalOutputs_pinout   0x2000'003c    0x3c  Data  Gb  BSP.o [3]
dins                    0x2000'a66c    0x14  Data  Gb  main_TMC129XNCZAD.o [4]
disable_IRQ                  0x1345     0x8  Code  Gb  system.o [4]
disable_NVIC                  0xe73     0x8  Code  Gb  systemControl_interface.o [1]
enable_IRQ                   0x133d     0x8  Code  Gb  system.o [4]
enable_NVIC                   0xe6b     0x8  Code  Gb  systemControl_interface.o [1]
enable_sysTick                0xed9    0x20  Code  Gb  systemControl_interface.o [1]
exit                         0x1855     0x4  Code  Gb  exit.o [5]
free                         0x1651     0x4  Code  Gb  heaptramp0.o [5]
freelist                0x2000'a68c     0x4  Data  Gb  kernel.o [4]
g_pfnRAMVectors         0x2000'a400   0x26c  Data  Lc  interrupt.o [6]
g_pppui32XTALtoVCO            0x508   0x1b0  Data  Lc  sysctl.o [6]
g_ppui32GPIOIntMapBlizzard
                              0x948    0xc0  Data  Lc  gpio.o [6]
g_ppui32GPIOIntMapSnowflake
                              0xa08    0xd8  Data  Lc  gpio.o [6]
g_pui32EnRegs                 0xc90    0x14  Data  Lc  interrupt.o [6]
g_pui32PendRegs               0xca4    0x14  Data  Lc  interrupt.o [6]
g_pui32Regs                   0xbf4    0x9c  Data  Lc  interrupt.o [6]
g_pui32VCOFrequencies         0x6e8     0x8  Data  Lc  sysctl.o [6]
g_pui32Xtals                  0x49c    0x6c  Data  Lc  sysctl.o [6]
g_sXTALtoMEMTIM               0x6b8    0x30  Data  Lc  sysctl.o [6]
get_proc                     0x1149    0x14  Code  Gb  queue.o [4]
initPeriph_UART              0x1317    0x26  Code  Gb  system.o [4]
init_digitalInputs           0x124d    0x24  Code  Gb  system.o [4]
init_digitalOutputs          0x1271    0x24  Code  Gb  system.o [4]
init_interrupts              0x1301    0x16  Code  Gb  system.o [4]
init_peripherals             0x1295    0x36  Code  Gb  system.o [4]
init_proc               0x2000'91d0  0x1018  Data  Gb  kernel.o [4]
init_sysTick                 0x12cb    0x32  Code  Gb  system.o [4]
init_systemClock             0x1231    0x1c  Code  Gb  system.o [4]
kernel_fork                  0x1017    0x7a  Code  Gb  kernel.o [4]
kernel_init                   0xfc1    0x56  Code  Gb  kernel.o [4]
kernel_tick                  0x10f1    0x36  Code  Gb  kernel.o [4]
main                         0x16cf    0x52  Code  Gb  main_TMC129XNCZAD.o [4]
next                    0x2000'a694     0x4  Data  Gb  kernel.o [4]
peripheralInit                0xcc9    0x34  Code  Gb  systemControl_interface.o [1]
proc                    0x2000'00f8  0x90d8  Data  Gb  kernel.o [4]
process_digital              0x16a1    0x2e  Code  Gb  main_TMC129XNCZAD.o [4]
procsize                0x2000'00ec     0x4  Data  Gb  kernel.o [4]
pui32Stack              0x2000'a69c   0x200  Data  Lc  startup_ewarm.o [1]
queue_proc                   0x115d    0xa2  Code  Gb  queue.o [4]
readyQueue              0x2000'a690     0x4  Data  Gb  kernel.o [4]
running                 0x2000'a688     0x4  Data  Gb  kernel.o [4]
scheduler                    0x1091    0x2e  Code  Gb  kernel.o [4]
setupHardware                0x1683    0x1e  Code  Lc  main_TMC129XNCZAD.o [4]
signal                       0x10d7    0x1a  Code  Gb  kernel.o [4]
switch_task                  0x134d    0x10  Code  Gb  system.o [4]
sysTickHandler               0x1215    0x1c  Code  Gb  system.o [4]
systemClockInit               0xcfd   0x16e  Code  Gb  systemControl_interface.o [1]
task_sleep                   0x174d    0x14  Code  Gb  KOS.o [1]
task_wakeup                  0x1761    0x14  Code  Gb  KOS.o [1]
trigger_PendSV                0xef9     0xa  Code  Gb  systemControl_interface.o [1]
tswitch                      0x1775          Code  Gb  context.o [2]


[1] = R:\SourceCode\TIVA\Development\dev001\projects\Debug\Obj
[2] = R:\SourceCode\TIVA\Development\dev001\projects\Debug\Obj\Assembly
[3] = R:\SourceCode\TIVA\Development\dev001\projects\Debug\Obj\pinmap
[4] = R:\SourceCode\TIVA\Development\dev001\projects\Debug\Obj\src
[5] = dl7M_tln.a
[6] = driverlib.a
[7] = m7M_tls.a
[8] = rt7M_tl.a
[9] = shb_l.a

    5'846 bytes of readonly  code memory
      659 bytes of readonly  data memory
  108'700 bytes of readwrite data memory

Errors: none
Warnings: 1
