###############################################################################
#
# IAR ELF Linker V9.30.1.335/W64 for ARM                  07/Apr/2023  11:07:15
# Copyright 2007-2022 IAR Systems AB.
#
#    Output file  =
#        R:\SourceCode\TIVA\Development\dev001\projects\Debug\Exe\dev001.out
#    Map file     =
#        R:\SourceCode\TIVA\Development\dev001\projects\Debug\List\dev001.map
#    Command line =
#        -f
#        R:\SourceCode\TIVA\Development\dev001\projects\Debug\Exe\dev001.out.rsp
#        (R:\SourceCode\TIVA\Development\dev001\projects\Debug\Obj\pinmap\BSP.o
#        R:\SourceCode\TIVA\Development\dev001\projects\Debug\Obj\Libraries\buttons.o
#        R:\SourceCode\TIVA\Development\dev001\projects\Debug\Obj\Assembly\context.o
#        R:\SourceCode\TIVA\Development\dev001\projects\Debug\Obj\Assembly\custom_cmain.o
#        R:\SourceCode\TIVA\Development\dev001\projects\Debug\Obj\digitalInput_interface.o
#        R:\SourceCode\TIVA\Development\dev001\projects\Debug\Obj\digitalOutput_interface.o
#        R:\SourceCode\TIVA\Development\dev001\middleware\TivaWare_C_Series-2.2.0.295\driverlib\ewarm\Exe\driverlib.a
#        R:\SourceCode\TIVA\Development\dev001\projects\Debug\Obj\src\kernel.o
#        R:\SourceCode\TIVA\Development\dev001\projects\Debug\Obj\KOS.o
#        R:\SourceCode\TIVA\Development\dev001\projects\Debug\Obj\src\main_TMC129XNCZAD.o
#        R:\SourceCode\TIVA\Development\dev001\projects\Debug\Obj\src\queue.o
#        R:\SourceCode\TIVA\Development\dev001\projects\Debug\Obj\serial.o
#        R:\SourceCode\TIVA\Development\dev001\projects\Debug\Obj\startup_ewarm.o
#        R:\SourceCode\TIVA\Development\dev001\projects\Debug\Obj\src\system_init.o
#        R:\SourceCode\TIVA\Development\dev001\projects\Debug\Obj\Assembly\system_reset.o
#        R:\SourceCode\TIVA\Development\dev001\projects\Debug\Obj\systemControl_interface.o
#        R:\SourceCode\TIVA\Development\dev001\projects\Debug\Obj\UART_interface.o
#        --no_out_extension -o
#        R:\SourceCode\TIVA\Development\dev001\projects\Debug\Exe\dev001.out
#        --redirect _Printf=_PrintfFullNoMb --redirect _Scanf=_ScanfFullNoMb
#        --map
#        R:\SourceCode\TIVA\Development\dev001\projects\Debug\List\dev001.map
#        --config "C:\Program Files\IAR Systems\Embedded Workbench
#        9.1\arm/config/linker/TexasInstruments/TM4C129XNC.icf" --semihosting
#        --entry __iar_program_start --redirect
#        __iar_sh_stdout=__iar_sh_stdout_swo --vfe --text_out locale
#        --cpu=Cortex-M4 --fpu=VFPv4_sp)
#
###############################################################################

*******************************************************************************
*** MESSAGES
***

Warning[Lt009]: Inconsistent wchar_t size
            gpio.o(driverlib.a) and 5 other objects in driverlib.a have wchar_t
                      size 16 bits
            BSP.o and 32 other objects, some of them in dl7M_tln.a and 11 other
                      libraries have wchar_t size 32 bits


*******************************************************************************
*** RUNTIME MODEL ATTRIBUTES
***

CppFlavor       = *
__CPP_Runtime   = 1
__Heap_Handler  = NoFree
__SystemLibrary = DLib
__dlib_version  = 6


*******************************************************************************
*** HEAP SELECTION
***

The no free heap was selected because no calls to memory
deallocation functions were found in the application.


*******************************************************************************
*** PLACEMENT SUMMARY
***

"A0":  place at address 0x0 { ro section .intvec };
"P1":  place in [from 0x0 to 0xf'ffff] { ro };
define block CSTACK with size = 32K, alignment = 8 { };
define block HEAP with size = 64K, alignment = 8 { };
"P2":  place in [from 0x2000'0000 to 0x2003'ffff] {
          rw, block CSTACK, block HEAP };
do not initialize { rw section .noinit };
initialize by copy { rw };

  Section            Kind         Address    Size  Object
  -------            ----         -------    ----  ------
"A0":                                       0x200
  .intvec            const            0x0   0x200  startup_ewarm.o [1]
                                  - 0x200   0x200

"P1":                                      0x12b1
  .text              ro code        0x200   0x4f0  sysctl.o [7]
  .text              ro code        0x6f0   0x23a  systemControl_interface.o [1]
  .text              ro code        0x92a    0x7e  lz77_init_single.o [9]
  .text              ro code        0x9a8   0x164  interrupt.o [7]
  .text              ro code        0xb0c    0x40  systick.o [7]
  .text              ro code        0xb4c    0x10  cpu.o [7]
  .text              ro code        0xb5c   0x1d4  gpio.o [7]
  .text              ro code        0xd30   0x14c  kernel.o [5]
  .text              ro code        0xe7c    0xca  queue.o [5]
  .text              ro code        0xf48   0x144  system_init.o [5]
  .text              ro code       0x108c    0x64  BSP.o [4]
  .text              ro code       0x10f0   0x104  main_TMC129XNCZAD.o [5]
  .text              ro code       0x11f4    0x70  digitalOutput_interface.o [1]
  .text              ro code       0x1264    0x58  KOS.o [1]
  .text              ro code       0x12bc    0x4c  context.o [2]
  .text              ro code       0x1308    0x38  zero_init3.o [9]
  .text              ro code       0x1340    0x30  custom_cmain.o [2]
  .text              ro code       0x1370     0x4  low_level_init.o [6]
  .text              ro code       0x1374    0x28  data_init.o [9]
  .text              ro code       0x139c     0x4  exit.o [6]
  .text              ro code       0x13a0     0xa  cexit.o [9]
  .text              ro code       0x13ac    0x14  exit.o [10]
  .text              ro code       0x13c0    0x22  fpinit_M.o [8]
  .iar.init_table    const         0x13e4    0x20  - Linker created -
  .text              ro code       0x1404    0x1e  startup_ewarm.o [1]
  .text              ro code       0x1424    0x1c  system_reset.o [2]
  .rodata            const         0x1440     0x0  zero_init3.o [9]
  .rodata            const         0x1440     0x0  lz77_init_single.o [9]
  Initializer bytes  const         0x1440    0x71  <for P2-1>
                                 - 0x14b1  0x12b1

"P2", part 1 of 3:                           0xf8
  P2-1                        0x2000'0000    0xf8  <Init block>
    .data            inited   0x2000'0000    0x3c  BSP.o [4]
    .data            inited   0x2000'003c    0x3c  BSP.o [4]
    .data            inited   0x2000'0078    0x24  BSP.o [4]
    .data            inited   0x2000'009c    0x30  BSP.o [4]
    .data            inited   0x2000'00cc    0x20  BSP.o [4]
    .data            inited   0x2000'00ec     0x4  kernel.o [5]
    .data            inited   0x2000'00f0     0x8  main_TMC129XNCZAD.o [5]
                            - 0x2000'00f8    0xf8

"P2", part 2 of 3:                         0xa584
  .bss               zero     0x2000'00f8  0x9090  kernel.o [5]
  .bss               zero     0x2000'9188  0x1010  kernel.o [5]
  VTABLE             zero     0x2000'a400   0x26c  interrupt.o [7]
  .bss               zero     0x2000'a66c     0x4  kernel.o [5]
  .bss               zero     0x2000'a670     0x4  kernel.o [5]
  .bss               zero     0x2000'a674     0x4  kernel.o [5]
  .bss               zero     0x2000'a678     0x4  kernel.o [5]
                            - 0x2000'a67c  0xa584

"P2", part 3 of 3:                          0x200
  .noinit            uninit   0x2000'a67c   0x200  startup_ewarm.o [1]
                            - 0x2000'a87c   0x200

Unused ranges:

         From           To      Size
         ----           --      ----
       0x14b1     0xf'ffff  0xf'eb4f
  0x2000'a87c  0x2003'ffff  0x3'5784


*******************************************************************************
*** INIT TABLE
***

          Address      Size
          -------      ----
Zero (__iar_zero_init3)
    1 destination range, total size 0xa584:
          0x2000'00f8  0xa584

Copy/lz77 (__iar_lz77_init_single3)
    1 source range, total size 0x71 (45% of destination):
               0x1440    0x71
    1 destination range, total size 0xf8:
          0x2000'0000    0xf8



*******************************************************************************
*** MODULE SUMMARY
***

    Module                     ro code  ro data  rw data
    ------                     -------  -------  -------
command line/config:
    ----------------------------------------------------
    Total:

R:\SourceCode\TIVA\Development\dev001\projects\Debug\Obj: [1]
    KOS.o                           88
    digitalOutput_interface.o      112
    startup_ewarm.o                 30      512      512
    systemControl_interface.o      570
    ----------------------------------------------------
    Total:                         800      512      512

R:\SourceCode\TIVA\Development\dev001\projects\Debug\Obj\Assembly: [2]
    context.o                       76
    custom_cmain.o                  48
    system_reset.o                  28
    ----------------------------------------------------
    Total:                         152

R:\SourceCode\TIVA\Development\dev001\projects\Debug\Obj\Libraries: [3]
    ----------------------------------------------------
    Total:

R:\SourceCode\TIVA\Development\dev001\projects\Debug\Obj\pinmap: [4]
    BSP.o                          100      107      236
    ----------------------------------------------------
    Total:                         100      107      236

R:\SourceCode\TIVA\Development\dev001\projects\Debug\Obj\src: [5]
    kernel.o                       332        2   41'140
    main_TMC129XNCZAD.o            260        4        8
    queue.o                        202
    system_init.o                  324
    ----------------------------------------------------
    Total:                       1'118        6   41'148

dl7M_tln.a: [6]
    exit.o                           4
    low_level_init.o                 4
    ----------------------------------------------------
    Total:                           8

driverlib.a: [7]
    cpu.o                           16
    gpio.o                         468
    interrupt.o                    356               620
    sysctl.o                     1'264
    systick.o                       64
    ----------------------------------------------------
    Total:                       2'168               620

m7M_tls.a: [8]
    fpinit_M.o                      34
    ----------------------------------------------------
    Total:                          34

rt7M_tl.a: [9]
    cexit.o                         10
    data_init.o                     40
    lz77_init_single.o             126
    zero_init3.o                    56
    ----------------------------------------------------
    Total:                         232

shb_l.a: [10]
    exit.o                          20
    ----------------------------------------------------
    Total:                          20

    Gaps                             6        2      616
    Linker created                           32
--------------------------------------------------------
    Grand Total:                 4'638      659   43'132


*******************************************************************************
*** ENTRY LIST
***

Entry                       Address    Size  Type      Object
-----                       -------    ----  ----      ------
.iar.init_table$$Base        0x13e4           --   Gb  - Linker created -
.iar.init_table$$Limit       0x1404           --   Gb  - Linker created -
?main                        0x1341          Code  Gb  custom_cmain.o [2]
CPUcpsid                      0xb4d     0x8  Code  Gb  cpu.o [7]
CPUcpsie                      0xb55     0x8  Code  Gb  cpu.o [7]
FaultISR                     0x141f     0x2  Code  Lc  startup_ewarm.o [1]
GPIODirModeSet                0xb5d    0x28  Code  Gb  gpio.o [7]
GPIOPadConfigSet              0xb85   0x174  Code  Gb  gpio.o [7]
GPIOPinTypeGPIOOutput         0xcff     0xa  Code  Gb  gpio.o [7]
GPIOPinTypeGPIOOutputOD
                              0xd09     0x8  Code  Gb  gpio.o [7]
GPIOPinWrite                  0xcf9     0x6  Code  Gb  gpio.o [7]
IntDefaultHandler            0x1421     0x2  Code  Lc  startup_ewarm.o [1]
IntMasterDisable              0x9b1     0x6  Code  Gb  interrupt.o [7]
IntMasterEnable               0x9a9     0x8  Code  Gb  interrupt.o [7]
IntPendSet                    0xa09    0x48  Code  Gb  interrupt.o [7]
IntPrioritySet                0x9e5    0x24  Code  Gb  interrupt.o [7]
IntRegister                   0x9bf    0x26  Code  Gb  interrupt.o [7]
NmiSR                        0x141d     0x2  Code  Lc  startup_ewarm.o [1]
OS_idle                      0x1265     0x2  Code  Gb  KOS.o [1]
OS_init                      0x1267    0x10  Code  Gb  KOS.o [1]
P                            0x127d    0x20  Code  Gb  KOS.o [1]
RGBled_pinout           0x2000'0078    0x24  Data  Gb  BSP.o [4]
Region$$Table$$Base          0x13e4           --   Gb  - Linker created -
Region$$Table$$Limit         0x1404           --   Gb  - Linker created -
ResetISR                     0x1405    0x12  Code  Gb  startup_ewarm.o [1]
SysCtlClockFreqSet            0x267   0x204  Code  Gb  sysctl.o [7]
SysCtlPeripheralEnable        0x24b     0x8  Code  Gb  sysctl.o [7]
SysCtlPeripheralPresent
                              0x221     0xa  Code  Gb  sysctl.o [7]
SysCtlPeripheralReady         0x22b     0x8  Code  Gb  sysctl.o [7]
SysTickEnable                 0xb0d     0xc  Code  Gb  systick.o [7]
SysTickIntEnable              0xb2f     0xc  Code  Gb  systick.o [7]
SysTickIntRegister            0xb19    0x16  Code  Gb  systick.o [7]
SysTickPeriodSet              0xb3b     0x8  Code  Gb  systick.o [7]
UARTS                   0x2000'00cc    0x20  Data  Gb  BSP.o [4]
UARTS_pinout            0x2000'009c    0x30  Data  Gb  BSP.o [4]
V                            0x129d    0x20  Code  Gb  KOS.o [1]
_SysCtlMemTimingGet           0x201    0x20  Code  Lc  sysctl.o [7]
__cmain                      0x1341          Code  Gb  custom_cmain.o [2]
__exit                       0x13ad    0x14  Code  Gb  exit.o [10]
__iar_data_init3             0x1375    0x28  Code  Gb  data_init.o [9]
__iar_init_vfp               0x13c1          Code  Gb  fpinit_M.o [8]
__iar_lz77_init_single3
                              0x92b    0x7e  Code  Gb  lz77_init_single.o [9]
__iar_program_start          0x1425          Code  Gb  system_reset.o [2]
__iar_zero_init3             0x1309    0x38  Code  Gb  zero_init3.o [9]
__low_level_init             0x1371     0x4  Code  Gb  low_level_init.o [6]
__vector_table                  0x0   0x200  Data  Gb  startup_ewarm.o [1]
_call_main                   0x134d          Code  Gb  custom_cmain.o [2]
_exit                        0x13a1          Code  Gb  cexit.o [9]
accessDevice_pinout          0x108d    0x46  Code  Gb  BSP.o [4]
accessUART_device            0x10d3     0x8  Code  Gb  BSP.o [4]
block                         0xe2f    0x18  Code  Gb  kernel.o [5]
config_sysTick                0x8a5    0x46  Code  Gb  systemControl_interface.o [1]
critical_section             0x10f1     0xc  Code  Gb  main_TMC129XNCZAD.o [5]
deqeue_proc                   0xf33    0x14  Code  Gb  queue.o [5]
digitalInputs_pinout    0x2000'0000    0x3c  Data  Gb  BSP.o [4]
digitalOutput_config         0x11f5    0x32  Code  Gb  digitalOutput_interface.o [1]
digitalOutput_control        0x1227    0x3e  Code  Gb  digitalOutput_interface.o [1]
digitalOutputs_pinout   0x2000'003c    0x3c  Data  Gb  BSP.o [4]
disable_IRQ                  0x107d     0x8  Code  Gb  system_init.o [5]
disable_NVIC                  0x89b     0x8  Code  Gb  systemControl_interface.o [1]
enable_IRQ                   0x1075     0x8  Code  Gb  system_init.o [5]
enable_NVIC                   0x893     0x8  Code  Gb  systemControl_interface.o [1]
enable_sysTick                0x901    0x20  Code  Gb  systemControl_interface.o [1]
exit                         0x139d     0x4  Code  Gb  exit.o [6]
freelist                0x2000'a670     0x4  Data  Gb  kernel.o [5]
g_pfnRAMVectors         0x2000'a400   0x26c  Data  Lc  interrupt.o [7]
g_pppui32XTALtoVCO            0x508   0x1b0  Data  Lc  sysctl.o [7]
g_pui32PendRegs               0xaf8    0x14  Data  Lc  interrupt.o [7]
g_pui32Regs                   0xa5c    0x9c  Data  Lc  interrupt.o [7]
g_pui32VCOFrequencies         0x6e8     0x8  Data  Lc  sysctl.o [7]
g_pui32Xtals                  0x49c    0x6c  Data  Lc  sysctl.o [7]
g_sXTALtoMEMTIM               0x6b8    0x30  Data  Lc  sysctl.o [7]
get_proc                      0xe7d    0x14  Code  Gb  queue.o [5]
initPeriph_UART              0x104f    0x26  Code  Gb  system_init.o [5]
init_digitalInputs            0xf7f    0x24  Code  Gb  system_init.o [5]
init_digitalOutputs           0xfa3    0x24  Code  Gb  system_init.o [5]
init_interrupts              0x1039    0x16  Code  Gb  system_init.o [5]
init_machine                 0x10fd    0x30  Code  Gb  main_TMC129XNCZAD.o [5]
init_peripherals              0xfc7    0x36  Code  Gb  system_init.o [5]
init_proc               0x2000'9188  0x1010  Data  Gb  kernel.o [5]
init_sysTick                  0xffd    0x32  Code  Gb  system_init.o [5]
init_systemClock              0xf61    0x1e  Code  Gb  system_init.o [5]
kernel_fork                   0xd87    0x7a  Code  Gb  kernel.o [5]
kernel_init                   0xd31    0x56  Code  Gb  kernel.o [5]
main                         0x11b3    0x28  Code  Gb  main_TMC129XNCZAD.o [5]
next                    0x2000'a678     0x4  Data  Gb  kernel.o [5]
peripheralInit                0x6f1    0x34  Code  Gb  systemControl_interface.o [1]
proc                    0x2000'00f8  0x9090  Data  Gb  kernel.o [5]
process_app                  0x1197    0x1c  Code  Gb  main_TMC129XNCZAD.o [5]
process_application          0x1167    0x30  Code  Gb  main_TMC129XNCZAD.o [5]
process_digitalInputs        0x1137    0x30  Code  Gb  main_TMC129XNCZAD.o [5]
procsize                0x2000'00ec     0x4  Data  Gb  kernel.o [5]
pui32Stack              0x2000'a67c   0x200  Data  Lc  startup_ewarm.o [1]
queue_proc                    0xe91    0xa2  Code  Gb  queue.o [5]
readyQueue              0x2000'a674     0x4  Data  Gb  kernel.o [5]
running                 0x2000'a66c     0x4  Data  Gb  kernel.o [5]
s                       0x2000'00f0     0x8  Data  Gb  main_TMC129XNCZAD.o [5]
scheduler                     0xe01    0x2e  Code  Gb  kernel.o [5]
signal                        0xe47    0x16  Code  Gb  kernel.o [5]
start_system                 0x112d     0xa  Code  Gb  main_TMC129XNCZAD.o [5]
switch_task                  0x1085     0x8  Code  Gb  system_init.o [5]
sysTickHandler                0xf49    0x18  Code  Gb  system_init.o [5]
systemClockInit               0x725   0x16e  Code  Gb  systemControl_interface.o [1]
trigger_PendSV                0x921     0xa  Code  Gb  systemControl_interface.o [1]
tswitch                      0x12bd          Code  Gb  context.o [2]


[1] = R:\SourceCode\TIVA\Development\dev001\projects\Debug\Obj
[2] = R:\SourceCode\TIVA\Development\dev001\projects\Debug\Obj\Assembly
[3] = R:\SourceCode\TIVA\Development\dev001\projects\Debug\Obj\Libraries
[4] = R:\SourceCode\TIVA\Development\dev001\projects\Debug\Obj\pinmap
[5] = R:\SourceCode\TIVA\Development\dev001\projects\Debug\Obj\src
[6] = dl7M_tln.a
[7] = driverlib.a
[8] = m7M_tls.a
[9] = rt7M_tl.a
[10] = shb_l.a

   4'638 bytes of readonly  code memory
     659 bytes of readonly  data memory
  43'132 bytes of readwrite data memory

Errors: none
Warnings: 1
