###############################################################################
#
# IAR ELF Linker V9.30.1.335/W64 for ARM                  05/Apr/2023  16:23:25
# Copyright 2007-2022 IAR Systems AB.
#
#    Output file  =
#        R:\SourceCode\TIVA\Development\dev001\projects\Debug\Exe\dev001.out
#    Map file     =
#        R:\SourceCode\TIVA\Development\dev001\projects\Debug\List\dev001.map
#    Command line =
#        -f
#        R:\SourceCode\TIVA\Development\dev001\projects\Debug\Exe\dev001.out.rsp
#        (R:\SourceCode\TIVA\Development\dev001\projects\Debug\Obj\pinmap\BSP.o
#        R:\SourceCode\TIVA\Development\dev001\projects\Debug\Obj\Libraries\buttons.o
#        R:\SourceCode\TIVA\Development\dev001\projects\Debug\Obj\Assembly\context.o
#        R:\SourceCode\TIVA\Development\dev001\projects\Debug\Obj\Assembly\custom_cmain.o
#        R:\SourceCode\TIVA\Development\dev001\projects\Debug\Obj\digitalInput_interface.o
#        R:\SourceCode\TIVA\Development\dev001\projects\Debug\Obj\digitalOutput_interface.o
#        R:\SourceCode\TIVA\Development\dev001\middleware\TivaWare_C_Series-2.2.0.295\driverlib\ewarm\Exe\driverlib.a
#        R:\SourceCode\TIVA\Development\dev001\projects\Debug\Obj\src\kernel.o
#        R:\SourceCode\TIVA\Development\dev001\projects\Debug\Obj\src\main_TMC129XNCZAD.o
#        R:\SourceCode\TIVA\Development\dev001\projects\Debug\Obj\src\queue.o
#        R:\SourceCode\TIVA\Development\dev001\projects\Debug\Obj\serial.o
#        R:\SourceCode\TIVA\Development\dev001\projects\Debug\Obj\startup_ewarm.o
#        R:\SourceCode\TIVA\Development\dev001\projects\Debug\Obj\src\system_init.o
#        R:\SourceCode\TIVA\Development\dev001\projects\Debug\Obj\Assembly\system_reset.o
#        R:\SourceCode\TIVA\Development\dev001\projects\Debug\Obj\systemControl_interface.o
#        R:\SourceCode\TIVA\Development\dev001\projects\Debug\Obj\UART_interface.o
#        --no_out_extension -o
#        R:\SourceCode\TIVA\Development\dev001\projects\Debug\Exe\dev001.out
#        --redirect _Printf=_PrintfFullNoMb --redirect _Scanf=_ScanfFullNoMb
#        --map
#        R:\SourceCode\TIVA\Development\dev001\projects\Debug\List\dev001.map
#        --config "C:\Program Files\IAR Systems\Embedded Workbench
#        9.1\arm/config/linker/TexasInstruments/TM4C129XNC.icf" --semihosting
#        --entry __iar_program_start --redirect
#        __iar_sh_stdout=__iar_sh_stdout_swo --vfe --text_out locale
#        --cpu=Cortex-M4 --fpu=VFPv4_sp)
#
###############################################################################

*******************************************************************************
*** MESSAGES
***

Warning[Lt009]: Inconsistent wchar_t size
            gpio.o(driverlib.a) and 5 other objects in driverlib.a have wchar_t
                      size 16 bits
            BSP.o and 31 other objects, some of them in dl7M_tln.a and 11 other
                      libraries have wchar_t size 32 bits


*******************************************************************************
*** RUNTIME MODEL ATTRIBUTES
***

CppFlavor       = *
__CPP_Runtime   = 1
__Heap_Handler  = NoFree
__SystemLibrary = DLib
__dlib_version  = 6


*******************************************************************************
*** HEAP SELECTION
***

The no free heap was selected because no calls to memory
deallocation functions were found in the application.


*******************************************************************************
*** PLACEMENT SUMMARY
***

"A0":  place at address 0x0 { ro section .intvec };
"P1":  place in [from 0x0 to 0xf'ffff] { ro };
define block CSTACK with size = 32K, alignment = 8 { };
define block HEAP with size = 64K, alignment = 8 { };
"P2":  place in [from 0x2000'0000 to 0x2003'ffff] {
          rw, block CSTACK, block HEAP };
do not initialize { rw section .noinit };
initialize by copy { rw };

  Section            Kind         Address      Size  Object
  -------            ----         -------      ----  ------
"A0":                                         0x200
  .intvec            const            0x0     0x200  startup_ewarm.o [1]
                                  - 0x200     0x200

"P1":                                        0x161d
  .text              ro code        0x200     0x4f0  sysctl.o [7]
  .text              ro code        0x6f0     0x2d0  gpio.o [7]
  .text              ro code        0x9c0     0x23a  systemControl_interface.o [1]
  .text              ro code        0xbfa      0x7e  lz77_init_single.o [9]
  .text              ro code        0xc78     0x164  interrupt.o [7]
  .text              ro code        0xddc      0x40  systick.o [7]
  .text              ro code        0xe1c      0x10  cpu.o [7]
  .text              ro code        0xe2c     0x15c  UART_interface.o [1]
  .text              ro code        0xf88      0x64  BSP.o [4]
  .text              ro code        0xfec      0x96  uart.o [7]
  .text              ro code       0x1084     0x128  system_init.o [5]
  .text              ro code       0x11ac     0x110  kernel.o [5]
  .text              ro code       0x12bc      0xca  queue.o [5]
  .text              ro code       0x1388      0xc8  digitalInput_interface.o [1]
  .text              ro code       0x1450      0xc8  main_TMC129XNCZAD.o [5]
  .text              ro code       0x1518      0x9c  buttons.o [3]
  .text              ro code       0x15b4      0x4c  no_free_heap0.o [6]
  .text              ro code       0x1600      0x2c  xgetmemchunk.o [6]
  .text              ro code       0x162c      0x4c  context.o [2]
  .text              ro code       0x1678      0x38  zero_init3.o [9]
  .text              ro code       0x16b0      0x30  custom_cmain.o [2]
  .text              ro code       0x16e0       0x4  low_level_init.o [6]
  .text              ro code       0x16e4      0x28  data_init.o [9]
  .text              ro code       0x170c       0x4  exit.o [6]
  .text              ro code       0x1710       0xa  cexit.o [9]
  .text              ro code       0x171c      0x14  exit.o [10]
  .text              ro code       0x1730      0x22  fpinit_M.o [8]
  .iar.init_table    const         0x1754      0x20  - Linker created -
  .text              ro code       0x1774      0x1e  startup_ewarm.o [1]
  .text              ro code       0x1794      0x1c  system_reset.o [2]
  .rodata            const         0x17b0       0x0  zero_init3.o [9]
  .rodata            const         0x17b0       0x0  lz77_init_single.o [9]
  Initializer bytes  const         0x17b0      0x6d  <for P2-1>
                                 - 0x181d    0x161d

"P2", part 1 of 3:                             0xf0
  P2-1                        0x2000'0000      0xf0  <Init block>
    .data            inited   0x2000'0000      0x3c  BSP.o [4]
    .data            inited   0x2000'003c      0x3c  BSP.o [4]
    .data            inited   0x2000'0078      0x24  BSP.o [4]
    .data            inited   0x2000'009c      0x30  BSP.o [4]
    .data            inited   0x2000'00cc      0x20  BSP.o [4]
    .data            inited   0x2000'00ec       0x4  kernel.o [5]
                            - 0x2000'00f0      0xf0

"P2", part 2 of 3:                           0x97e0
  .bss               zero     0x2000'00f0    0x9090  kernel.o [5]
  VTABLE             zero     0x2000'9400     0x26c  interrupt.o [7]
  .bss               zero     0x2000'966c     0x228  UART_interface.o [1]
  .bss               zero     0x2000'9894       0x8  digitalInput_interface.o [1]
  .bss               zero     0x2000'989c       0x4  buttons.o [3]
  .bss               zero     0x2000'98a0       0x4  kernel.o [5]
  .bss               zero     0x2000'98a4       0x4  kernel.o [5]
  .bss               zero     0x2000'98a8       0x4  kernel.o [5]
  .bss               zero     0x2000'98ac       0x4  kernel.o [5]
  .bss               zero     0x2000'98b0       0x4  main_TMC129XNCZAD.o [5]
  .bss               zero     0x2000'98b4       0x4  main_TMC129XNCZAD.o [5]
  .bss               zero     0x2000'98b8       0x4  main_TMC129XNCZAD.o [5]
  .bss               zero     0x2000'98bc       0x4  main_TMC129XNCZAD.o [5]
  .bss               zero     0x2000'98c0       0x4  main_TMC129XNCZAD.o [5]
  .bss               zero     0x2000'98c4       0x4  main_TMC129XNCZAD.o [5]
  .bss               zero     0x2000'98c8       0x4  no_free_heap0.o [6]
  .bss               zero     0x2000'98cc       0x4  xgetmemchunk.o [6]
                            - 0x2000'98d0    0x97e0

"P2", part 3 of 3:                         0x1'0200
  .noinit            uninit   0x2000'98d0     0x200  startup_ewarm.o [1]
  HEAP                        0x2000'9ad0  0x1'0000  <Block>
    HEAP             uninit   0x2000'9ad0  0x1'0000  <Block tail>
                            - 0x2001'9ad0  0x1'0200

Unused ranges:

         From           To      Size
         ----           --      ----
       0x181d     0xf'ffff  0xf'e7e3
  0x2001'9ad0  0x2003'ffff  0x2'6530


*******************************************************************************
*** INIT TABLE
***

          Address      Size
          -------      ----
Zero (__iar_zero_init3)
    1 destination range, total size 0x97e0:
          0x2000'00f0  0x97e0

Copy/lz77 (__iar_lz77_init_single3)
    1 source range, total size 0x6d (45% of destination):
               0x17b0    0x6d
    1 destination range, total size 0xf0:
          0x2000'0000    0xf0



*******************************************************************************
*** MODULE SUMMARY
***

    Module                     ro code  ro data  rw data
    ------                     -------  -------  -------
command line/config:
    ----------------------------------------------------
    Total:

R:\SourceCode\TIVA\Development\dev001\projects\Debug\Obj: [1]
    UART_interface.o               348               552
    digitalInput_interface.o       200                 8
    startup_ewarm.o                 30      512      512
    systemControl_interface.o      570
    ----------------------------------------------------
    Total:                       1'148      512    1'072

R:\SourceCode\TIVA\Development\dev001\projects\Debug\Obj\Assembly: [2]
    context.o                       76
    custom_cmain.o                  48
    system_reset.o                  28
    ----------------------------------------------------
    Total:                         152

R:\SourceCode\TIVA\Development\dev001\projects\Debug\Obj\Libraries: [3]
    buttons.o                      156                 4
    ----------------------------------------------------
    Total:                         156                 4

R:\SourceCode\TIVA\Development\dev001\projects\Debug\Obj\pinmap: [4]
    BSP.o                          100      107      236
    ----------------------------------------------------
    Total:                         100      107      236

R:\SourceCode\TIVA\Development\dev001\projects\Debug\Obj\src: [5]
    kernel.o                       272        2   37'028
    main_TMC129XNCZAD.o            200                24
    queue.o                        202
    system_init.o                  296
    ----------------------------------------------------
    Total:                         970        2   37'052

dl7M_tln.a: [6]
    exit.o                           4
    low_level_init.o                 4
    no_free_heap0.o                 76                 4
    xgetmemchunk.o                  44                 4
    ----------------------------------------------------
    Total:                         128                 8

driverlib.a: [7]
    cpu.o                           16
    gpio.o                         720
    interrupt.o                    356               620
    sysctl.o                     1'264
    systick.o                       64
    uart.o                         150
    ----------------------------------------------------
    Total:                       2'570               620

m7M_tls.a: [8]
    fpinit_M.o                      34
    ----------------------------------------------------
    Total:                          34

rt7M_tl.a: [9]
    cexit.o                         10
    data_init.o                     40
    lz77_init_single.o             126
    zero_init3.o                    56
    ----------------------------------------------------
    Total:                         232

shb_l.a: [10]
    exit.o                          20
    ----------------------------------------------------
    Total:                          20

    Gaps                             8        2      640
    Linker created                           32   65'536
--------------------------------------------------------
    Grand Total:                 5'518      655  105'168


*******************************************************************************
*** ENTRY LIST
***

Entry                       Address    Size  Type      Object
-----                       -------    ----  ----      ------
.iar.init_table$$Base        0x1754           --   Gb  - Linker created -
.iar.init_table$$Limit       0x1774           --   Gb  - Linker created -
?main                        0x16b1          Code  Gb  custom_cmain.o [2]
CPUcpsid                      0xe1d     0x8  Code  Gb  cpu.o [7]
CPUcpsie                      0xe25     0x8  Code  Gb  cpu.o [7]
FaultISR                     0x178f     0x2  Code  Lc  startup_ewarm.o [1]
GPIODirModeSet                0x6f1    0x28  Code  Gb  gpio.o [7]
GPIOPadConfigSet              0x719   0x174  Code  Gb  gpio.o [7]
GPIOPinConfigure              0x8cf    0x38  Code  Gb  gpio.o [7]
GPIOPinRead                   0x88d     0x6  Code  Gb  gpio.o [7]
GPIOPinTypeGPIOInput          0x897    0x14  Code  Gb  gpio.o [7]
GPIOPinTypeUART               0x8b3    0x14  Code  Gb  gpio.o [7]
GPIOUnlockPin                 0x90f     0xe  Code  Gb  gpio.o [7]
HEAP$$Base              0x2000'9ad0           --   Gb  - Linker created -
HEAP$$Limit             0x2001'9ad0           --   Gb  - Linker created -
IntDefaultHandler            0x1791     0x2  Code  Lc  startup_ewarm.o [1]
IntMasterDisable              0xc81     0x6  Code  Gb  interrupt.o [7]
IntMasterEnable               0xc79     0x8  Code  Gb  interrupt.o [7]
IntPendSet                    0xcd9    0x48  Code  Gb  interrupt.o [7]
IntPrioritySet                0xcb5    0x24  Code  Gb  interrupt.o [7]
IntRegister                   0xc8f    0x26  Code  Gb  interrupt.o [7]
NmiSR                        0x178d     0x2  Code  Lc  startup_ewarm.o [1]
RGBled_pinout           0x2000'0078    0x24  Data  Gb  BSP.o [4]
Region$$Table$$Base          0x1754           --   Gb  - Linker created -
Region$$Table$$Limit         0x1774           --   Gb  - Linker created -
ResetISR                     0x1775    0x12  Code  Gb  startup_ewarm.o [1]
SysCtlClockFreqSet            0x267   0x204  Code  Gb  sysctl.o [7]
SysCtlPeripheralEnable        0x24b     0x8  Code  Gb  sysctl.o [7]
SysCtlPeripheralPresent
                              0x221     0xa  Code  Gb  sysctl.o [7]
SysCtlPeripheralReady         0x22b     0x8  Code  Gb  sysctl.o [7]
SysTickEnable                 0xddd     0xc  Code  Gb  systick.o [7]
SysTickIntEnable              0xdff     0xc  Code  Gb  systick.o [7]
SysTickIntRegister            0xde9    0x16  Code  Gb  systick.o [7]
SysTickPeriodSet              0xe0b     0x8  Code  Gb  systick.o [7]
UARTCharPutNonBlocking       0x1075     0xe  Code  Gb  uart.o [7]
UARTConfigSetExpClk           0xfed    0x4c  Code  Gb  uart.o [7]
UARTDisable                  0x1053    0x1e  Code  Gb  uart.o [7]
UARTEnable                   0x1039    0x1a  Code  Gb  uart.o [7]
UARTS                   0x2000'00cc    0x20  Data  Gb  BSP.o [4]
UARTS_pinout            0x2000'009c    0x30  Data  Gb  BSP.o [4]
_SysCtlMemTimingGet           0x201    0x20  Code  Lc  sysctl.o [7]
__cmain                      0x16b1          Code  Gb  custom_cmain.o [2]
__data_GetMemChunk           0x1601    0x2c  Code  Gb  xgetmemchunk.o [6]
__data_GetMemChunk::start
                        0x2000'98cc     0x4  Data  Lc  xgetmemchunk.o [6]
__exit                       0x171d    0x14  Code  Gb  exit.o [10]
__iar_data_init3             0x16e5    0x28  Code  Gb  data_init.o [9]
__iar_init_vfp               0x1731          Code  Gb  fpinit_M.o [8]
__iar_lz77_init_single3
                              0xbfb    0x7e  Code  Gb  lz77_init_single.o [9]
__iar_program_start          0x1795          Code  Gb  system_reset.o [2]
__iar_zero_init3             0x1679    0x38  Code  Gb  zero_init3.o [9]
__low_level_init             0x16e1     0x4  Code  Gb  low_level_init.o [6]
__no_free_malloc             0x15b5    0x46  Code  Gb  no_free_heap0.o [6]
__vector_table                  0x0   0x200  Data  Gb  startup_ewarm.o [1]
_call_main                   0x16bd          Code  Gb  custom_cmain.o [2]
_exit                        0x1711          Code  Gb  cexit.o [9]
accessDevice_pinout           0xf89    0x46  Code  Gb  BSP.o [4]
accessUART_device             0xfcf     0x8  Code  Gb  BSP.o [4]
app_config                   0x1451    0x36  Code  Gb  main_TMC129XNCZAD.o [5]
button1                 0x2000'98b0     0x4  Data  Gb  main_TMC129XNCZAD.o [5]
button2                 0x2000'98b4     0x4  Data  Gb  main_TMC129XNCZAD.o [5]
button3                 0x2000'98b8     0x4  Data  Gb  main_TMC129XNCZAD.o [5]
button4                 0x2000'98bc     0x4  Data  Gb  main_TMC129XNCZAD.o [5]
button5                 0x2000'98c0     0x4  Data  Gb  main_TMC129XNCZAD.o [5]
buttonList              0x2000'989c     0x4  Data  Gb  buttons.o [3]
clockSrc                0x2000'98c4     0x4  Data  Gb  main_TMC129XNCZAD.o [5]
config_UART                   0xe2d    0xee  Code  Gb  UART_interface.o [1]
config_sysTick                0xb75    0x46  Code  Gb  systemControl_interface.o [1]
deqeue_proc                  0x1373    0x14  Code  Gb  queue.o [5]
digitalInput_config          0x1389    0x6a  Code  Gb  digitalInput_interface.o [1]
digitalInputs           0x2000'9894     0x8  Data  Gb  digitalInput_interface.o [1]
digitalInputs_pinout    0x2000'0000    0x3c  Data  Gb  BSP.o [4]
digitalOutputs_pinout   0x2000'003c    0x3c  Data  Gb  BSP.o [4]
disable_NVIC                  0xb6b     0x8  Code  Gb  systemControl_interface.o [1]
enable_NVIC                   0xb63     0x8  Code  Gb  systemControl_interface.o [1]
enable_PendSV                 0xbf1     0xa  Code  Gb  systemControl_interface.o [1]
enable_sysTick                0xbd1    0x20  Code  Gb  systemControl_interface.o [1]
exit                         0x170d     0x4  Code  Gb  exit.o [6]
freelist                0x2000'98a4     0x4  Data  Gb  kernel.o [5]
g_pfnRAMVectors         0x2000'9400   0x26c  Data  Lc  interrupt.o [7]
g_pppui32XTALtoVCO            0x508   0x1b0  Data  Lc  sysctl.o [7]
g_pui32GPIOBaseAddrs          0x930    0x90  Data  Lc  gpio.o [7]
g_pui32PendRegs               0xdc8    0x14  Data  Lc  interrupt.o [7]
g_pui32Regs                   0xd2c    0x9c  Data  Lc  interrupt.o [7]
g_pui32VCOFrequencies         0x6e8     0x8  Data  Lc  sysctl.o [7]
g_pui32Xtals                  0x49c    0x6c  Data  Lc  sysctl.o [7]
g_sXTALtoMEMTIM               0x6b8    0x30  Data  Lc  sysctl.o [7]
get_proc                     0x12bd    0x14  Code  Gb  queue.o [5]
initPeriph_UART              0x1187    0x26  Code  Gb  system_init.o [5]
init_digitalInputs           0x10b7    0x24  Code  Gb  system_init.o [5]
init_digitalOutputs          0x10db    0x24  Code  Gb  system_init.o [5]
init_interrupts              0x1171    0x16  Code  Gb  system_init.o [5]
init_machine                 0x1487    0x32  Code  Gb  main_TMC129XNCZAD.o [5]
init_peripherals             0x10ff    0x36  Code  Gb  system_init.o [5]
init_sysTick                 0x1135    0x32  Code  Gb  system_init.o [5]
init_systemClock             0x1099    0x1e  Code  Gb  system_init.o [5]
kernel_fork                  0x1203    0x7a  Code  Gb  kernel.o [5]
kernel_init                  0x11ad    0x56  Code  Gb  kernel.o [5]
main                         0x14cd    0x24  Code  Gb  main_TMC129XNCZAD.o [5]
newDigitalButton             0x1519    0x64  Code  Gb  buttons.o [3]
next                    0x2000'98ac     0x4  Data  Gb  kernel.o [5]
peripheralInit                0x9c1    0x34  Code  Gb  systemControl_interface.o [1]
proc                    0x2000'00f0  0x9090  Data  Gb  kernel.o [5]
processButtons               0x157d    0x2a  Code  Gb  buttons.o [3]
process_app                  0x14cb     0x2  Code  Gb  main_TMC129XNCZAD.o [5]
process_application          0x14c1     0xa  Code  Gb  main_TMC129XNCZAD.o [5]
process_digitalInputs        0x14b9     0x8  Code  Gb  main_TMC129XNCZAD.o [5]
procsize                0x2000'00ec     0x4  Data  Gb  kernel.o [5]
pui32Stack              0x2000'98d0   0x200  Data  Lc  startup_ewarm.o [1]
qs                      0x2000'98c8     0x4  Data  Lc  no_free_heap0.o [6]
queue_proc                   0x12d1    0xa2  Code  Gb  queue.o [5]
readDigitalPin               0x13f3    0x5a  Code  Gb  digitalInput_interface.o [1]
readyQueue              0x2000'98a8     0x4  Data  Gb  kernel.o [5]
running                 0x2000'98a0     0x4  Data  Gb  kernel.o [5]
scheduler                    0x127d    0x22  Code  Gb  kernel.o [5]
send_UART                     0xf1b    0x68  Code  Gb  UART_interface.o [1]
sysTickHandler               0x1085    0x14  Code  Gb  system_init.o [5]
systemClockInit               0x9f5   0x16e  Code  Gb  systemControl_interface.o [1]
tswitch                      0x162d          Code  Gb  context.o [2]
uart_obj                0x2000'966c   0x228  Data  Gb  UART_interface.o [1]


[1] = R:\SourceCode\TIVA\Development\dev001\projects\Debug\Obj
[2] = R:\SourceCode\TIVA\Development\dev001\projects\Debug\Obj\Assembly
[3] = R:\SourceCode\TIVA\Development\dev001\projects\Debug\Obj\Libraries
[4] = R:\SourceCode\TIVA\Development\dev001\projects\Debug\Obj\pinmap
[5] = R:\SourceCode\TIVA\Development\dev001\projects\Debug\Obj\src
[6] = dl7M_tln.a
[7] = driverlib.a
[8] = m7M_tls.a
[9] = rt7M_tl.a
[10] = shb_l.a

    5'518 bytes of readonly  code memory
      655 bytes of readonly  data memory
  105'168 bytes of readwrite data memory

Errors: none
Warnings: 1
