###############################################################################
#
# IAR ELF Linker V9.30.1.335/W64 for ARM                  31/Jan/2023  15:41:29
# Copyright 2007-2022 IAR Systems AB.
#
#    Output file  =
#        R:\SourceCode\TIVA\Development\dev001\middleware\TivaWare_C_Series-2.2.0.295\examples\boards\dk-tm4c129x\grlib_driver_test\ewarm\Exe\grlib_driver_test.out
#    Map file     =
#        R:\SourceCode\TIVA\Development\dev001\middleware\TivaWare_C_Series-2.2.0.295\examples\boards\dk-tm4c129x\grlib_driver_test\ewarm\List\grlib_driver_test.map
#    Command line =
#        -f
#        R:\SourceCode\TIVA\Development\dev001\middleware\TivaWare_C_Series-2.2.0.295\examples\boards\dk-tm4c129x\grlib_driver_test\ewarm\Exe\grlib_driver_test.out.rsp
#        (R:\SourceCode\TIVA\Development\dev001\middleware\TivaWare_C_Series-2.2.0.295\examples\boards\dk-tm4c129x\grlib_driver_test\ewarm\Obj\Source\cmdline.o
#        R:\SourceCode\TIVA\Development\dev001\middleware\TivaWare_C_Series-2.2.0.295\driverlib\ewarm\Exe\driverlib.a
#        R:\SourceCode\TIVA\Development\dev001\middleware\TivaWare_C_Series-2.2.0.295\grlib\ewarm\Exe\grlib.a
#        R:\SourceCode\TIVA\Development\dev001\middleware\TivaWare_C_Series-2.2.0.295\examples\boards\dk-tm4c129x\grlib_driver_test\ewarm\Obj\Source\grlib_driver_test.o
#        R:\SourceCode\TIVA\Development\dev001\middleware\TivaWare_C_Series-2.2.0.295\examples\boards\dk-tm4c129x\grlib_driver_test\ewarm\Obj\Source\images.o
#        R:\SourceCode\TIVA\Development\dev001\middleware\TivaWare_C_Series-2.2.0.295\examples\boards\dk-tm4c129x\grlib_driver_test\ewarm\Obj\Source\kentec320x240x16_ssd2119.o
#        R:\SourceCode\TIVA\Development\dev001\middleware\TivaWare_C_Series-2.2.0.295\examples\boards\dk-tm4c129x\grlib_driver_test\ewarm\Obj\Source\pinout.o
#        R:\SourceCode\TIVA\Development\dev001\middleware\TivaWare_C_Series-2.2.0.295\examples\boards\dk-tm4c129x\grlib_driver_test\ewarm\Obj\Source\startup_ewarm.o
#        R:\SourceCode\TIVA\Development\dev001\middleware\TivaWare_C_Series-2.2.0.295\examples\boards\dk-tm4c129x\grlib_driver_test\ewarm\Obj\Source\uartstdio.o
#        R:\SourceCode\TIVA\Development\dev001\middleware\TivaWare_C_Series-2.2.0.295\examples\boards\dk-tm4c129x\grlib_driver_test\ewarm\Obj\Source\ustdlib.o
#        --redirect _Printf=_PrintfTiny --redirect _Scanf=_ScanfSmallNoMb
#        --no_out_extension -o
#        R:\SourceCode\TIVA\Development\dev001\middleware\TivaWare_C_Series-2.2.0.295\examples\boards\dk-tm4c129x\grlib_driver_test\ewarm\Exe\grlib_driver_test.out
#        --map
#        R:\SourceCode\TIVA\Development\dev001\middleware\TivaWare_C_Series-2.2.0.295\examples\boards\dk-tm4c129x\grlib_driver_test\ewarm\List\grlib_driver_test.map
#        --config
#        R:\SourceCode\TIVA\Development\dev001\middleware\TivaWare_C_Series-2.2.0.295\examples\boards\dk-tm4c129x\grlib_driver_test\grlib_driver_test.icf
#        --semihosting --entry __iar_program_start --vfe --text_out locale
#        --cpu=Cortex-M4 --fpu=VFPv4_sp)
#
###############################################################################

*******************************************************************************
*** MESSAGES
***

Warning[Lt009]: Inconsistent wchar_t size
            gpio.o(driverlib.a) and 13 other objects in driverlib.a and 10
                      other libraries have wchar_t size 16 bits
            cmdline.o and 20 other objects, some of them in dl7M_tln.a and 11
                      other libraries have wchar_t size 32 bits


*******************************************************************************
*** RUNTIME MODEL ATTRIBUTES
***

CppFlavor       = *
__CPP_Runtime   = 1
__SystemLibrary = DLib
__dlib_version  = 6


*******************************************************************************
*** HEAP SELECTION
***

The basic heap was selected because --advanced_heap
was not specified and the application did not appear to
be primarily optimized for speed.


*******************************************************************************
*** PLACEMENT SUMMARY
***

"A0":  place at start of [from 0x0 to 0xf'ffff] { ro section .intvec };
"P1":  place in [from 0x0 to 0xf'ffff] { ro };
define block HEAP with size = 0, alignment = 8 { };
"P2":  place in [from 0x2000'0000 to 0x2003'ffff] { rw, block HEAP };
do not initialize { section .noinit };
initialize by copy { rw };

No sections matched the following patterns:

  section VTABLE  in "A1"


  Section            Kind         Address    Size  Object
  -------            ----         -------    ----  ------
"A0":                                       0x200
  .intvec            const            0x0   0x200  startup_ewarm.o [1]
                                  - 0x200   0x200

"P1":                                      0x7eb9
  .text              ro code        0x200  0x15a4  grlib_driver_test.o [1]
  .text              ro code       0x17a4    0xd8  context.o [4]
  .text              ro code       0x187c   0x5ca  image.o [4]
  .text              ro code       0x1e46   0x1dc  rectangle.o [4]
  .text              ro code       0x2022   0x272  line.o [4]
  .text              ro code       0x2294   0x4ea  string.o [4]
  .text              ro code       0x277e   0x1c4  circle.o [4]
  .text              ro code       0x2942    0x7e  lz77_init_single.o [6]
  .text              ro code       0x29c0   0x2f8  uartstdio.o [1]
  .text              ro code       0x2cb8    0xf8  ustdlib.o [1]
  .text              ro code       0x2db0   0x4c4  sysctl.o [3]
  .text              ro code       0x3274   0x1f0  gpio.o [3]
  .text              ro code       0x3464    0x10  interrupt.o [3]
  .text              ro code       0x3474   0x438  pinout.o [1]
  .text              ro code       0x38ac   0x4f8  kentec320x240x16_ssd2119.o [1]
  .text              ro code       0x3da4    0x64  cmdline.o [1]
  .text              ro code       0x3e08     0x6  ABImemclr4.o [6]
  .rodata            const         0x3e0e     0x2  grlib_driver_test.o [1]
  .text              ro code       0x3e10    0x12  ABImemset_small.o [6]
  .rodata            const         0x3e22     0x2  grlib_driver_test.o [1]
  .text              ro code       0x3e24     0x8  cpu.o [3]
  .text              ro code       0x3e2c    0x72  lcd.o [3]
  .rodata            const         0x3e9e     0x2  grlib_driver_test.o [1]
  .text              ro code       0x3ea0    0x12  strcmp.o [6]
  .rodata            const         0x3eb2     0x2  grlib_driver_test.o [1]
  .text              ro code       0x3eb4    0x32  ABImemset48.o [6]
  .rodata            const         0x3ee6     0x2  grlib_driver_test.o [1]
  .rodata            const         0x3ee8   0xbf4  fontcmss28.o [4]
  .rodata            const         0x4adc   0x84c  fontcmss18b.o [4]
  .rodata            const         0x5328   0x4d8  images.o [1]
  .rodata            const         0x5800   0x300  grlib_driver_test.o [1]
  .rodata            const         0x5b00   0x2f0  images.o [1]
  .rodata            const         0x5df0   0x194  grlib_driver_test.o [1]
  .rodata            const         0x5f84   0x188  grlib_driver_test.o [1]
  .rodata            const         0x610c   0x180  grlib_driver_test.o [1]
  .rodata            const         0x628c   0x138  grlib_driver_test.o [1]
  .rodata            const         0x63c4   0x128  grlib_driver_test.o [1]
  .rodata            const         0x64ec   0x110  grlib_driver_test.o [1]
  .rodata            const         0x65fc   0x108  grlib_driver_test.o [1]
  .rodata            const         0x6704    0xf8  grlib_driver_test.o [1]
  .rodata            const         0x67fc    0xe8  grlib_driver_test.o [1]
  .rodata            const         0x68e4    0xe0  grlib_driver_test.o [1]
  .rodata            const         0x69c4    0xdc  grlib_driver_test.o [1]
  .rodata            const         0x6aa0    0xc8  grlib_driver_test.o [1]
  .rodata            const         0x6b68    0xc4  grlib_driver_test.o [1]
  .rodata            const         0x6c2c    0xc4  grlib_driver_test.o [1]
  .rodata            const         0x6cf0    0xc0  grlib_driver_test.o [1]
  .rodata            const         0x6db0    0xb8  images.o [1]
  .rodata            const         0x6e68    0xb0  grlib_driver_test.o [1]
  .rodata            const         0x6f18    0xa4  grlib_driver_test.o [1]
  .rodata            const         0x6fbc    0x9c  grlib_driver_test.o [1]
  .rodata            const         0x7058    0x94  grlib_driver_test.o [1]
  .rodata            const         0x70ec    0x94  grlib_driver_test.o [1]
  .rodata            const         0x7180    0x84  grlib_driver_test.o [1]
  .rodata            const         0x7204    0x84  grlib_driver_test.o [1]
  .rodata            const         0x7288    0x84  images.o [1]
  .rodata            const         0x730c    0x74  grlib_driver_test.o [1]
  .rodata            const         0x7380    0x6c  grlib_driver_test.o [1]
  .rodata            const         0x73ec    0x6c  grlib_driver_test.o [1]
  .rodata            const         0x7458    0x6c  grlib_driver_test.o [1]
  .rodata            const         0x74c4    0x5c  grlib_driver_test.o [1]
  .rodata            const         0x7520    0x58  grlib_driver_test.o [1]
  .rodata            const         0x7578    0x58  grlib_driver_test.o [1]
  .rodata            const         0x75d0    0x54  grlib_driver_test.o [1]
  .rodata            const         0x7624    0x54  grlib_driver_test.o [1]
  .rodata            const         0x7678    0x3c  grlib_driver_test.o [1]
  .rodata            const         0x76b4    0x3c  grlib_driver_test.o [1]
  .rodata            const         0x76f0    0x3c  grlib_driver_test.o [1]
  .rodata            const         0x772c    0x3c  grlib_driver_test.o [1]
  .rodata            const         0x7768    0x3c  grlib_driver_test.o [1]
  .rodata            const         0x77a4    0x3c  grlib_driver_test.o [1]
  .rodata            const         0x77e0    0x38  grlib_driver_test.o [1]
  .rodata            const         0x7818    0x38  grlib_driver_test.o [1]
  .rodata            const         0x7850    0x38  grlib_driver_test.o [1]
  .rodata            const         0x7888    0x38  grlib_driver_test.o [1]
  .text              ro code       0x78c0    0x38  zero_init3.o [6]
  .rodata            const         0x78f8    0x34  grlib_driver_test.o [1]
  .rodata            const         0x792c    0x34  grlib_driver_test.o [1]
  .rodata            const         0x7960    0x34  grlib_driver_test.o [1]
  .rodata            const         0x7994    0x34  grlib_driver_test.o [1]
  .rodata            const         0x79c8    0x34  grlib_driver_test.o [1]
  .rodata            const         0x79fc    0x34  grlib_driver_test.o [1]
  .rodata            const         0x7a30    0x34  grlib_driver_test.o [1]
  .rodata            const         0x7a64    0x30  grlib_driver_test.o [1]
  .rodata            const         0x7a94    0x30  grlib_driver_test.o [1]
  .rodata            const         0x7ac4    0x30  grlib_driver_test.o [1]
  .rodata            const         0x7af4    0x30  grlib_driver_test.o [1]
  .rodata            const         0x7b24    0x2c  grlib_driver_test.o [1]
  .rodata            const         0x7b50    0x28  grlib_driver_test.o [1]
  .rodata            const         0x7b78    0x28  grlib_driver_test.o [1]
  .rodata            const         0x7ba0    0x28  grlib_driver_test.o [1]
  .rodata            const         0x7bc8    0x28  grlib_driver_test.o [1]
  .rodata            const         0x7bf0    0x28  kentec320x240x16_ssd2119.o [1]
  .text              ro code       0x7c18    0x28  data_init.o [6]
  .rodata            const         0x7c40    0x24  grlib_driver_test.o [1]
  .rodata            const         0x7c64    0x24  grlib_driver_test.o [1]
  .rodata            const         0x7c88    0x24  grlib_driver_test.o [1]
  .rodata            const         0x7cac    0x24  grlib_driver_test.o [1]
  .rodata            const         0x7cd0    0x24  grlib_driver_test.o [1]
  .text              ro code       0x7cf4    0x22  fpinit_M.o [5]
  .iar.init_table    const         0x7d18    0x20  - Linker created -
  .rodata            const         0x7d38    0x20  grlib_driver_test.o [1]
  .text              ro code       0x7d58    0x1e  cmain.o [6]
  .text              ro code       0x7d76     0x4  low_level_init.o [2]
  .text              ro code       0x7d7a     0x4  exit.o [2]
  .text              ro code       0x7d80     0xa  cexit.o [6]
  .text              ro code       0x7d8c    0x14  exit.o [7]
  .text              ro code       0x7da0    0x1c  cstartup_M.o [6]
  .text              ro code       0x7dbc    0x1a  startup_ewarm.o [1]
  .rodata            const         0x7dd8    0x18  grlib_driver_test.o [1]
  .rodata            const         0x7df0    0x18  grlib_driver_test.o [1]
  .rodata            const         0x7e08    0x18  grlib_driver_test.o [1]
  .rodata            const         0x7e20    0x10  grlib_driver_test.o [1]
  .rodata            const         0x7e30    0x10  grlib_driver_test.o [1]
  .rodata            const         0x7e40    0x10  grlib_driver_test.o [1]
  .rodata            const         0x7e50     0x8  grlib_driver_test.o [1]
  .rodata            const         0x7e58     0x8  grlib_driver_test.o [1]
  .rodata            const         0x7e60     0x8  grlib_driver_test.o [1]
  .rodata            const         0x7e68     0x8  grlib_driver_test.o [1]
  .rodata            const         0x7e70     0x8  grlib_driver_test.o [1]
  .rodata            const         0x7e78     0x8  grlib_driver_test.o [1]
  .rodata            const         0x7e80     0x8  grlib_driver_test.o [1]
  .rodata            const         0x7e88     0x8  grlib_driver_test.o [1]
  .rodata            const         0x7e90     0x8  grlib_driver_test.o [1]
  .rodata            const         0x7e98     0x8  grlib_driver_test.o [1]
  .rodata            const         0x7ea0     0x8  grlib_driver_test.o [1]
  .rodata            const         0x7ea8     0x8  grlib_driver_test.o [1]
  .rodata            const         0x7eb0     0x8  grlib_driver_test.o [1]
  .rodata            const         0x7eb8     0x8  grlib_driver_test.o [1]
  .rodata            const         0x7ec0     0x8  grlib_driver_test.o [1]
  .rodata            const         0x7ec8     0x8  grlib_driver_test.o [1]
  .rodata            const         0x7ed0     0x8  grlib_driver_test.o [1]
  .rodata            const         0x7ed8     0x8  grlib_driver_test.o [1]
  .rodata            const         0x7ee0     0x8  grlib_driver_test.o [1]
  .rodata            const         0x7ee8     0x8  grlib_driver_test.o [1]
  .rodata            const         0x7ef0     0x8  grlib_driver_test.o [1]
  .text              ro code       0x7ef8     0x8  charmap.o [4]
  .rodata            const         0x7f00     0x6  grlib_driver_test.o [1]
  .rodata            const         0x7f08     0x4  grlib_driver_test.o [1]
  .rodata            const         0x7f0c     0x4  grlib_driver_test.o [1]
  .rodata            const         0x7f10     0x4  grlib_driver_test.o [1]
  .rodata            const         0x7f14     0x4  grlib_driver_test.o [1]
  .rodata            const         0x7f18     0x4  grlib_driver_test.o [1]
  .rodata            const         0x7f1c     0x0  zero_init3.o [6]
  .rodata            const         0x7f1c     0x0  lz77_init_single.o [6]
  Initializer bytes  const         0x7f1c   0x19d  <for P2-1>
                                 - 0x80b9  0x7eb9

"P2", part 1 of 3:                          0x2d8
  P2-1                        0x2000'0000   0x2d8  <Init block>
    .data            inited   0x2000'0000    0xc4  grlib_driver_test.o [1]
    .data            inited   0x2000'00c4   0x1c8  grlib_driver_test.o [1]
    .data            inited   0x2000'028c    0x48  grlib_driver_test.o [1]
    .data            inited   0x2000'02d4     0x4  ustdlib.o [1]
                            - 0x2000'02d8   0x2d8

"P2", part 2 of 3:                           0x50
  .bss               zero     0x2000'02d8    0x24  cmdline.o [1]
  .bss               zero     0x2000'02fc    0x20  image.o [4]
  .bss               zero     0x2000'031c     0x8  uartstdio.o [1]
  .bss               zero     0x2000'0324     0x4  context.o [4]
                            - 0x2000'0328    0x50

"P2", part 3 of 3:                          0x400
  .noinit            uninit   0x2000'0328   0x400  startup_ewarm.o [1]
                            - 0x2000'0728   0x400

Unused ranges:

         From           To      Size
         ----           --      ----
       0x80b9     0xf'ffff  0xf'7f47
  0x2000'0728  0x2003'ffff  0x3'f8d8


*******************************************************************************
*** INIT TABLE
***

          Address      Size
          -------      ----
Zero (__iar_zero_init3)
    1 destination range, total size 0x50:
          0x2000'02d8   0x50

Copy/lz77 (__iar_lz77_init_single3)
    1 source range, total size 0x19d (56% of destination):
               0x7f1c  0x19d
    1 destination range, total size 0x2d8:
          0x2000'0000  0x2d8



*******************************************************************************
*** MODULE SUMMARY
***

    Module                      ro code  ro data  rw data
    ------                      -------  -------  -------
command line/config:
    -----------------------------------------------------
    Total:

R:\SourceCode\TIVA\Development\dev001\middleware\TivaWare_C_Series-2.2.0.295\examples\boards\dk-tm4c129x\grlib_driver_test\ewarm\Obj\Source: [1]
    cmdline.o                       100                36
    grlib_driver_test.o           5'540    9'022      724
    images.o                               2'308
    kentec320x240x16_ssd2119.o    1'272       40
    pinout.o                      1'080
    startup_ewarm.o                  26      512    1'024
    uartstdio.o                     760                 8
    ustdlib.o                       248        3        4
    -----------------------------------------------------
    Total:                        9'026   11'885    1'796

dl7M_tln.a: [2]
    exit.o                            4
    low_level_init.o                  4
    -----------------------------------------------------
    Total:                            8

driverlib.a: [3]
    cpu.o                             8
    gpio.o                          496
    interrupt.o                      16
    lcd.o                           114
    sysctl.o                      1'220
    -----------------------------------------------------
    Total:                        1'854

grlib.a: [4]
    charmap.o                         8
    circle.o                        452
    context.o                       216                 4
    fontcmss18b.o                          2'124
    fontcmss28.o                           3'060
    image.o                       1'482                32
    line.o                          626
    rectangle.o                     476
    string.o                      1'258
    -----------------------------------------------------
    Total:                        4'518    5'184       36

m7M_tls.a: [5]
    fpinit_M.o                       34
    -----------------------------------------------------
    Total:                           34

rt7M_tl.a: [6]
    ABImemclr4.o                      6
    ABImemset48.o                    50
    ABImemset_small.o                18
    cexit.o                          10
    cmain.o                          30
    cstartup_M.o                     28
    data_init.o                      40
    lz77_init_single.o              126
    strcmp.o                         18
    zero_init3.o                     56
    -----------------------------------------------------
    Total:                          382

shb_l.a: [7]
    exit.o                           20
    -----------------------------------------------------
    Total:                           20

    Gaps                              4        6
    Linker created                            32
---------------------------------------------------------
    Grand Total:                 15'846   17'107    1'832


*******************************************************************************
*** ENTRY LIST
***

Entry                       Address   Size  Type      Object
-----                       -------   ----  ----      ------
.iar.init_table$$Base        0x7d18          --   Gb  - Linker created -
.iar.init_table$$Limit       0x7d38          --   Gb  - Linker created -
?main                        0x7d59         Code  Gb  cmain.o [6]
CPUcpsie                     0x3e25    0x8  Code  Gb  cpu.o [3]
CmdLineProcess               0x3da5   0x64  Code  Gb  cmdline.o [1]
Cmd_Background                0xf27   0x1a  Code  Gb  grlib_driver_test.o [1]
Cmd_ClipImage                0x1109   0x3e  Code  Gb  grlib_driver_test.o [1]
Cmd_ColorBars                0x122b   0x80  Code  Gb  grlib_driver_test.o [1]
Cmd_Dump                      0xd5d   0x62  Code  Gb  grlib_driver_test.o [1]
Cmd_DumpBytes                 0xdbf   0x5c  Code  Gb  grlib_driver_test.o [1]
Cmd_Fill                      0xe25   0x44  Code  Gb  grlib_driver_test.o [1]
Cmd_Foreground                0xf09   0x1e  Code  Gb  grlib_driver_test.o [1]
Cmd_HLine                     0xf51   0x48  Code  Gb  grlib_driver_test.o [1]
Cmd_Help                      0xc85   0x80  Code  Gb  grlib_driver_test.o [1]
Cmd_Image                    0x1035   0x8e  Code  Gb  grlib_driver_test.o [1]
Cmd_Pal                      0x1011    0xe  Code  Gb  grlib_driver_test.o [1]
Cmd_Pattern                  0x12bf   0x14  Code  Gb  grlib_driver_test.o [1]
Cmd_Perf                     0x12d3  0x11a  Code  Gb  grlib_driver_test.o [1]
Cmd_Read                      0xd05   0x26  Code  Gb  grlib_driver_test.o [1]
Cmd_Rect                      0xe85   0x7e  Code  Gb  grlib_driver_test.o [1]
Cmd_SetImage                 0x10c3   0x46  Code  Gb  grlib_driver_test.o [1]
Cmd_Test                      0xc43   0x42  Code  Gb  grlib_driver_test.o [1]
Cmd_Text                     0x1169   0xc2  Code  Gb  grlib_driver_test.o [1]
Cmd_VLine                     0xf99   0x48  Code  Gb  grlib_driver_test.o [1]
Cmd_Write                     0xd2b   0x32  Code  Gb  grlib_driver_test.o [1]
DrawImage                     0x20d   0x50  Code  Gb  grlib_driver_test.o [1]
DrawTestPattern               0x261  0x18e  Code  Gb  grlib_driver_test.o [1]
FaultISR                     0x7dd3    0x2  Code  Lc  startup_ewarm.o [1]
GPIODirModeSet               0x3275   0x28  Code  Gb  gpio.o [3]
GPIOPadConfigSet             0x329d  0x174  Code  Gb  gpio.o [3]
GPIOPinTypeEthernetLED       0x3435    0x4  Code  Gb  gpio.o [3]
GPIOPinTypeLCD               0x3439    0x4  Code  Gb  gpio.o [3]
GPIOPinTypeUART              0x3445   0x14  Code  Gb  gpio.o [3]
GPIOPinWrite                 0x3411    0x6  Code  Gb  gpio.o [3]
GrCircleDraw                 0x277f  0x188  Code  Gb  circle.o [4]
GrClipCodeGet                0x20b3   0x36  Code  Lc  line.o [4]
GrContextClipRegionSet       0x180d   0x5e  Code  Gb  context.o [4]
GrContextFontSet             0x277b    0x4  Code  Gb  string.o [4]
GrContextInit                0x17a5   0x5e  Code  Gb  context.o [4]
GrDefaultStringRenderer
                             0x2315   0xb2  Code  Gb  string.o [4]
GrFontBaselineGet            0x266d   0x18  Code  Gb  string.o [4]
GrFontCodepageGet            0x271f   0x1c  Code  Gb  string.o [4]
GrFontGlyphDataGet           0x269b   0x84  Code  Gb  string.o [4]
GrFontGlyphRender            0x23f7  0x21e  Code  Gb  string.o [4]
GrFontInfoGet                0x2643   0x2a  Code  Gb  string.o [4]
GrImageDraw                  0x1e39    0x6  Code  Gb  image.o [4]
GrLineClip                   0x20e9   0xa8  Code  Lc  line.o [4]
GrLineDraw                   0x2191  0x104  Code  Gb  line.o [4]
GrLineDrawH                  0x2023   0x48  Code  Gb  line.o [4]
GrLineDrawV                  0x206b   0x48  Code  Gb  line.o [4]
GrMapISO8859_1_Unicode       0x7ef9    0x8  Code  Gb  charmap.o [4]
GrRectDraw                   0x1e47   0x68  Code  Gb  rectangle.o [4]
GrRectFill                   0x1eaf   0xb2  Code  Gb  rectangle.o [4]
GrRectIntersectGet           0x1f99   0x8a  Code  Gb  rectangle.o [4]
GrRectOverlapCheck           0x1f61   0x38  Code  Gb  rectangle.o [4]
GrStringDraw                 0x22ff   0x16  Code  Gb  string.o [4]
GrStringNextCharGet          0x23c7   0x30  Code  Gb  string.o [4]
GrStringWidthGet             0x2295   0x6a  Code  Gb  string.o [4]
GrTransparentImageDraw       0x1e2f    0xa  Code  Gb  image.o [4]
IntDefaultHandler            0x7dd5    0x2  Code  Lc  startup_ewarm.o [1]
IntMasterEnable              0x3465    0x8  Code  Gb  interrupt.o [3]
InternalImageDraw            0x1ad7  0x33e  Code  Lc  image.o [4]
Kentec320x240x16_SSD2119ColorTranslate
                             0x3b1f   0x16  Code  Lc  kentec320x240x16_ssd2119.o [1]
Kentec320x240x16_SSD2119Flush
                             0x3b35    0x2  Code  Lc  kentec320x240x16_ssd2119.o [1]
Kentec320x240x16_SSD2119Init
                             0x3b37  0x24e  Code  Gb  kentec320x240x16_ssd2119.o [1]
Kentec320x240x16_SSD2119LineDrawH
                             0x39ef   0x32  Code  Lc  kentec320x240x16_ssd2119.o [1]
Kentec320x240x16_SSD2119LineDrawV
                             0x3a21   0x36  Code  Lc  kentec320x240x16_ssd2119.o [1]
Kentec320x240x16_SSD2119PixelDraw
                             0x38db   0x26  Code  Lc  kentec320x240x16_ssd2119.o [1]
Kentec320x240x16_SSD2119PixelDrawMultiple
                             0x3901   0xd2  Code  Lc  kentec320x240x16_ssd2119.o [1]
Kentec320x240x16_SSD2119RectFill
                             0x3a73   0xa6  Code  Lc  kentec320x240x16_ssd2119.o [1]
LCDDMAConfigSet              0x3e9b    0x4  Code  Gb  lcd.o [3]
LCDIDDCommandWrite           0x3e83    0xc  Code  Gb  lcd.o [3]
LCDIDDConfigSet              0x3e4b    0x4  Code  Gb  lcd.o [3]
LCDIDDDataWrite              0x3e8f    0xc  Code  Gb  lcd.o [3]
LCDIDDTimingSet              0x3e4f   0x34  Code  Gb  lcd.o [3]
LCDModeSet                   0x3e2d   0x1e  Code  Gb  lcd.o [3]
NmiSR                        0x7dd1    0x2  Code  Lc  startup_ewarm.o [1]
PinoutSet                    0x3475  0x438  Code  Gb  pinout.o [1]
PixelTransparentDraw         0x187d  0x226  Code  Lc  image.o [4]
Region$$Table$$Base          0x7d18          --   Gb  - Linker created -
Region$$Table$$Limit         0x7d38          --   Gb  - Linker created -
ResetISR                     0x7dbd    0xe  Code  Gb  startup_ewarm.o [1]
SysCtlClockFreqSet           0x2df5  0x204  Code  Gb  sysctl.o [3]
SysCtlDelay                  0x2ded    0x8  Code  Gb  sysctl.o [3]
SysCtlPeripheralEnable       0x2dd1    0x8  Code  Gb  sysctl.o [3]
SysTickIntHandler             0x201    0xc  Code  Gb  grlib_driver_test.o [1]
Test_ColorTranslate           0x419  0x13e  Code  Gb  grlib_driver_test.o [1]
Test_LineDrawH                0x9b7   0x6e  Code  Gb  grlib_driver_test.o [1]
Test_LineDrawV                0xa61   0x7c  Code  Gb  grlib_driver_test.o [1]
Test_PixelDraw                0x597  0x334  Code  Gb  grlib_driver_test.o [1]
Test_PixelDrawMultiple        0xb13  0x130  Code  Gb  grlib_driver_test.o [1]
UARTStdioConfig              0x29c1   0x4c  Code  Gb  uartstdio.o [1]
UARTgets                     0x2a47   0x74  Code  Gb  uartstdio.o [1]
UARTgets::bLastWasCR    0x2000'031c    0x1  Data  Lc  uartstdio.o [1]
UARTprintf                   0x2c75    0xe  Code  Gb  uartstdio.o [1]
UARTvprintf                  0x2abd  0x1a2  Code  Gb  uartstdio.o [1]
UARTwrite                    0x2a0d   0x3a  Code  Gb  uartstdio.o [1]
UpdateContextCharMapping
                             0x273b   0x40  Code  Lc  string.o [4]
WriteCommand                 0x38cf    0xc  Code  Lc  kentec320x240x16_ssd2119.o [1]
WriteData                    0x38ad   0x22  Code  Lc  kentec320x240x16_ssd2119.o [1]
_SysCtlMemTimingGet          0x2db1   0x20  Code  Lc  sysctl.o [3]
__aeabi_memclr4              0x3e09         Code  Gb  ABImemclr4.o [6]
__cmain                      0x7d59         Code  Gb  cmain.o [6]
__exit                       0x7d8d   0x14  Code  Gb  exit.o [7]
__iar_Memset4_word           0x3eb5         Code  Gb  ABImemset48.o [6]
__iar_Memset8_word           0x3eb5         Code  Gb  ABImemset48.o [6]
__iar_data_init3             0x7c19   0x28  Code  Gb  data_init.o [6]
__iar_init_vfp               0x7cf5         Code  Gb  fpinit_M.o [5]
__iar_lz77_init_single3
                             0x2943   0x7e  Code  Gb  lz77_init_single.o [6]
__iar_program_start          0x7da1         Code  Gb  cstartup_M.o [6]
__iar_small_Memset           0x3e11         Code  Gb  ABImemset_small.o [6]
__iar_small_Memset_word
                             0x3e11         Code  Gb  ABImemset_small.o [6]
__iar_small_memset           0x3e11         Code  Gb  ABImemset_small.o [6]
__iar_zero_init3             0x78c1   0x38  Code  Gb  zero_init3.o [6]
__low_level_init             0x7d77    0x4  Code  Gb  low_level_init.o [2]
__vector_table                  0x0  0x200  Data  Gb  startup_ewarm.o [1]
_call_main                   0x7d65         Code  Gb  cmain.o [6]
_exit                        0x7d81         Code  Gb  cexit.o [6]
exit                         0x7d7b    0x4  Code  Gb  exit.o [2]
g_cCmdBuf               0x2000'0084   0x40  Data  Lc  grlib_driver_test.o [1]
g_iRandomSeed           0x2000'02d4    0x4  Data  Lc  ustdlib.o [1]
g_pImages               0x2000'004c   0x20  Data  Gb  grlib_driver_test.o [1]
g_ppcArgv               0x2000'02d8   0x24  Data  Lc  cmdline.o [1]
g_ppcBarColors          0x2000'002c   0x20  Data  Gb  grlib_driver_test.o [1]
g_pppui32XTALtoVCO           0x308c  0x1b0  Data  Lc  sysctl.o [3]
g_psCmdTable            0x2000'00c4  0x120  Data  Gb  grlib_driver_test.o [1]
g_psCommandHelp         0x2000'01e4   0xa8  Data  Gb  grlib_driver_test.o [1]
g_psDefaultCodePointMapTable
                             0x186c   0x10  Data  Gb  context.o [4]
g_psGrLibDefaults       0x2000'0324    0x4  Data  Lc  context.o [4]
g_psTestTable           0x2000'028c   0x48  Data  Gb  grlib_driver_test.o [1]
g_pucCurrentImage       0x2000'0080    0x4  Data  Gb  grlib_driver_test.o [1]
g_pucLogo                    0x5328  0x4d8  Data  Gb  images.o [1]
g_pucTest32x32x1Comp         0x7288   0x84  Data  Gb  images.o [1]
g_pucTest32x32x4Comp         0x6db0   0xb8  Data  Gb  images.o [1]
g_pucTest32x32x8Comp         0x5b00  0x2f0  Data  Gb  images.o [1]
g_pui32BarColors             0x1784   0x20  Data  Gb  grlib_driver_test.o [1]
g_pui32VCOFrequencies        0x326c    0x8  Data  Lc  sysctl.o [3]
g_pui32Xtals                 0x3020   0x6c  Data  Lc  sysctl.o [3]
g_pui8Cmss18bData            0x4adc  0x784  Data  Lc  fontcmss18b.o [4]
g_pui8Cmss28Data             0x3ee8  0xb2c  Data  Lc  fontcmss28.o [4]
g_pui8Dictionary        0x2000'02fc   0x20  Data  Lc  image.o [4]
g_sContext              0x2000'0000   0x2c  Data  Gb  grlib_driver_test.o [1]
g_sFontCmss18b               0x5260   0xc8  Data  Gb  fontcmss18b.o [4]
g_sFontCmss28                0x4a14   0xc8  Data  Gb  fontcmss28.o [4]
g_sKentec320x240x16_SSD2119
                             0x7bf0   0x28  Data  Gb  kentec320x240x16_ssd2119.o [1]
g_sXTALtoMEMTIM              0x323c   0x30  Data  Lc  sysctl.o [3]
g_ui32Background        0x2000'0078    0x4  Data  Gb  grlib_driver_test.o [1]
g_ui32Base              0x2000'0320    0x4  Data  Lc  uartstdio.o [1]
g_ui32Clip              0x2000'007c    0x4  Data  Gb  grlib_driver_test.o [1]
g_ui32Foreground        0x2000'0074    0x4  Data  Gb  grlib_driver_test.o [1]
g_ui32SysClock          0x2000'0070    0x4  Data  Gb  grlib_driver_test.o [1]
g_ui32SysTickCount      0x2000'006c    0x4  Data  Gb  grlib_driver_test.o [1]
g_ui32UARTBase               0x2ca0    0xc  Data  Lc  uartstdio.o [1]
g_ui32UARTPeriph             0x2cac    0xc  Data  Lc  uartstdio.o [1]
main                         0x13f5   0xd4  Code  Gb  grlib_driver_test.o [1]
pui32Stack              0x2000'0328  0x400  Data  Lc  startup_ewarm.o [1]
strcmp                       0x3ea1         Code  Gb  strcmp.o [6]
urand                        0x2d95   0x10  Code  Gb  ustdlib.o [1]
ustrcmp                      0x2d8f    0x6  Code  Gb  ustdlib.o [1]
ustrncmp                     0x2d5d   0x32  Code  Gb  ustdlib.o [1]
ustrtoul                     0x2cb9   0xa2  Code  Gb  ustdlib.o [1]


[1] = R:\SourceCode\TIVA\Development\dev001\middleware\TivaWare_C_Series-2.2.0.295\examples\boards\dk-tm4c129x\grlib_driver_test\ewarm\Obj\Source
[2] = dl7M_tln.a
[3] = driverlib.a
[4] = grlib.a
[5] = m7M_tls.a
[6] = rt7M_tl.a
[7] = shb_l.a

  15'846 bytes of readonly  code memory
  17'107 bytes of readonly  data memory
   1'832 bytes of readwrite data memory

Errors: none
Warnings: 1
